Component: ARM Compiler 5.05 (build 41) Tool: armlink [4d0eb9]

==============================================================================

Image Symbol Table

    Local Symbols

    Symbol Name                              Value     Ov Type        Size  Object(Section)

    ../clib/angel/rt.s                       0x00000000   Number         0  rt_ctype_table.o ABSOLUTE
    ../clib/angel/rt.s                       0x00000000   Number         0  rt_raise.o ABSOLUTE
    ../clib/angel/rt.s                       0x00000000   Number         0  rt_locale_intlibspace.o ABSOLUTE
    ../clib/angel/rt.s                       0x00000000   Number         0  rt_heap_descriptor.o ABSOLUTE
    ../clib/angel/rt.s                       0x00000000   Number         0  aeabi_idiv0_sigfpe.o ABSOLUTE
    ../clib/angel/rt.s                       0x00000000   Number         0  aeabi_idiv0.o ABSOLUTE
    ../clib/angel/rt.s                       0x00000000   Number         0  rt_heap_descriptor_intlibspace.o ABSOLUTE
    ../clib/angel/rt.s                       0x00000000   Number         0  rt_div0.o ABSOLUTE
    ../clib/angel/rt.s                       0x00000000   Number         0  rt_locale.o ABSOLUTE
    ../clib/angel/sys.s                      0x00000000   Number         0  use_no_semi.o ABSOLUTE
    ../clib/angel/sys.s                      0x00000000   Number         0  libspace.o ABSOLUTE
    ../clib/angel/sys.s                      0x00000000   Number         0  mutex_dummy.o ABSOLUTE
    ../clib/angel/sys.s                      0x00000000   Number         0  indicate_semi.o ABSOLUTE
    ../clib/angel/sysapp.c                   0x00000000   Number         0  sys_exit.o ABSOLUTE
    ../clib/angel/sysapp.c                   0x00000000   Number         0  sys_wrch.o ABSOLUTE
    ../clib/angel/sysapp.c                   0x00000000   Number         0  sys_command.o ABSOLUTE
    ../clib/armsys.c                         0x00000000   Number         0  _get_argv_nomalloc.o ABSOLUTE
    ../clib/armsys.c                         0x00000000   Number         0  no_argv.o ABSOLUTE
    ../clib/armsys.c                         0x00000000   Number         0  argv_veneer.o ABSOLUTE
    ../clib/armsys.c                         0x00000000   Number         0  argv_veneer.o ABSOLUTE
    ../clib/armsys.c                         0x00000000   Number         0  _get_argv.o ABSOLUTE
    ../clib/bigflt.c                         0x00000000   Number         0  bigflt0.o ABSOLUTE
    ../clib/btod.s                           0x00000000   Number         0  btod.o ABSOLUTE
    ../clib/division.s                       0x00000000   Number         0  rtudiv10.o ABSOLUTE
    ../clib/division.s                       0x00000000   Number         0  aeabi_sdiv_rt_cr4.o ABSOLUTE
    ../clib/division.s                       0x00000000   Number         0  aeabi_sdiv_div0_cr4.o ABSOLUTE
    ../clib/division.s                       0x00000000   Number         0  aeabi_sdiv_cr4.o ABSOLUTE
    ../clib/division.s                       0x00000000   Number         0  aeabi_sdiv_rt_div0_cr4.o ABSOLUTE
    ../clib/heap1.c                          0x00000000   Number         0  h1_extend.o ABSOLUTE
    ../clib/heap1.c                          0x00000000   Number         0  h1_alloc_mt.o ABSOLUTE
    ../clib/heap1.c                          0x00000000   Number         0  h1_alloc.o ABSOLUTE
    ../clib/heap1.c                          0x00000000   Number         0  h1_init.o ABSOLUTE
    ../clib/heap1.c                          0x00000000   Number         0  h1_init_mt.o ABSOLUTE
    ../clib/heap1.c                          0x00000000   Number         0  h1_final_mt.o ABSOLUTE
    ../clib/heap1.c                          0x00000000   Number         0  h1_final.o ABSOLUTE
    ../clib/heap1.c                          0x00000000   Number         0  h1_free_mt.o ABSOLUTE
    ../clib/heap1.c                          0x00000000   Number         0  h1_extend_mt.o ABSOLUTE
    ../clib/heap1.c                          0x00000000   Number         0  h1_free.o ABSOLUTE
    ../clib/heap2.c                          0x00000000   Number         0  heap2.o ABSOLUTE
    ../clib/heap2.c                          0x00000000   Number         0  fdtree.o ABSOLUTE
    ../clib/heap2.c                          0x00000000   Number         0  heap2mt.o ABSOLUTE
    ../clib/heapalloc.c                      0x00000000   Number         0  free.o ABSOLUTE
    ../clib/heapalloc.c                      0x00000000   Number         0  term_alloc.o ABSOLUTE
    ../clib/heapalloc.c                      0x00000000   Number         0  calloc.o ABSOLUTE
    ../clib/heapalloc.c                      0x00000000   Number         0  maybetermalloc2.o ABSOLUTE
    ../clib/heapalloc.c                      0x00000000   Number         0  maybetermalloc2.o ABSOLUTE
    ../clib/heapalloc.c                      0x00000000   Number         0  maybetermalloc1.o ABSOLUTE
[...]
    __Heap_ProvideMemory                     0x7e00180b   Thumb Code    48  h1_extend.o(.text)
    _printf_truncate_signed                  0x7e00183b   Thumb Code    18  _printf_truncate.o(.text)
    _printf_truncate_unsigned                0x7e00184d   Thumb Code    18  _printf_truncate.o(.text)
    _printf_int_common                       0x7e00185f   Thumb Code   178  _printf_intcommon.o(.text)
    _printf_int_dec                          0x7e001911   Thumb Code    96  _printf_dec.o(.text)
    _printf_charcount                        0x7e001981   Thumb Code    40  _printf_charcount.o(.text)
    _printf_char_common                      0x7e0019b3   Thumb Code    32  _printf_char_common.o(.text)
    _sputc                                   0x7e0019d9   Thumb Code    10  _sputc.o(.text)
    _snputc                                  0x7e0019e3   Thumb Code    16  _snputc.o(.text)
    _printf_cs_common                        0x7e0019f3   Thumb Code    20  _printf_char.o(.text)
    _printf_char                             0x7e001a07   Thumb Code    16  _printf_char.o(.text)
    _printf_string                           0x7e001a17   Thumb Code     8  _printf_char.o(.text)
    _printf_wctomb                           0x7e001a21   Thumb Code   182  _printf_wctomb.o(.text)
    _printf_longlong_dec                     0x7e001add   Thumb Code   108  _printf_longlong_dec.o(.text)
    _printf_longlong_oct                     0x7e001b59   Thumb Code    68  _printf_oct_int_ll.o(.text)
    _printf_int_oct                          0x7e001b9d   Thumb Code    24  _printf_oct_int_ll.o(.text)
    _printf_ll_oct                           0x7e001bb5   Thumb Code    12  _printf_oct_int_ll.o(.text)
    __rt_SIGRTMEM                            0x7e001bc9   Thumb Code    14  defsig_rtmem_outer.o(.text)
    __aeabi_memmove4                         0x7e001bd8   ARM Code       0  rt_memmove_w.o(.text)
    __aeabi_memmove8                         0x7e001bd8   ARM Code       0  rt_memmove_w.o(.text)
    __rt_memmove_w                           0x7e001bd8   ARM Code     128  rt_memmove_w.o(.text)
    __memmove_aligned                        0x7e001c04   ARM Code       0  rt_memmove_w.o(.text)
    __memmove_lastfew_aligned                0x7e001c40   ARM Code       0  rt_memmove_w.o(.text)
    __rt_heap_escrow                         0x7e001c59   Thumb Code    22  heapauxa.o(.text)
    __rt_heap_expand                         0x7e001c6f   Thumb Code    52  heapauxa.o(.text)
    __I$use$semihosting                      0x7e001ca9   Thumb Code     0  use_no_semi.o(.text)
    __use_no_semihosting_swi                 0x7e001ca9   Thumb Code     2  use_no_semi.o(.text)
    __semihosting_library_function           0x7e001cab   Thumb Code     0  indicate_semi.o(.text)
    _ll_udiv10                               0x7e001cac   ARM Code     152  lludiv10.o(.text)
    __lib_sel_fp_printf                      0x7e001d45   Thumb Code     2  _printf_fp_dec.o(.text)
    _printf_fp_dec_real                      0x7e001ef5   Thumb Code   606  _printf_fp_dec.o(.text)
    _printf_lcs_common                       0x7e002153   Thumb Code    20  _printf_wchar.o(.text)
    _printf_wchar                            0x7e002167   Thumb Code    16  _printf_wchar.o(.text)
    _printf_wstring                          0x7e002177   Thumb Code     8  _printf_wchar.o(.text)
    _wcrtomb                                 0x7e00217f   Thumb Code    64  _wcrtomb.o(.text)
    __sig_exit                               0x7e0021bf   Thumb Code    10  defsig_exit.o(.text)
    __rt_SIGRTMEM_inner                      0x7e0021c9   Thumb Code    22  defsig_rtmem_inner.o(.text)
    __rt_udiv10                              0x7e002218   ARM Code      44  rtudiv10.o(.text)
    _sys_exit                                0x7e002245   Thumb Code     8  sys_exit.o(.text)
    __rt_ctype_table                         0x7e002251   Thumb Code    16  rt_ctype_table.o(.text)
    __rt_locale                              0x7e002261   Thumb Code     8  rt_locale.o(.text)
    _printf_fp_infnan                        0x7e002269   Thumb Code   112  _printf_fp_infnan.o(.text)
    _btod_etento                             0x7e0022e9   Thumb Code   210  bigflt0.o(.text)
    __default_signal_display                 0x7e0023c1   Thumb Code    50  defsig_general.o(.text)
    _ttywrch                                 0x7e0023f3   Thumb Code    14  sys_wrch.o(.text)
    _btod_d2e                                0x7e002401   Thumb Code    62  btod.o(CL$$btod_d2e)
    _d2e_denorm_low                          0x7e00243f   Thumb Code    70  btod.o(CL$$btod_d2e_denorm_low)
    _d2e_norm_op1                            0x7e002485   Thumb Code    96  btod.o(CL$$btod_d2e_norm_op1)
    __btod_div_common                        0x7e0024e5   Thumb Code   696  btod.o(CL$$btod_div_common)
    _e2e                                     0x7e00281d   Thumb Code   198  btod.o(CL$$btod_e2e)
    _btod_ediv                               0x7e0028e3   Thumb Code    40  btod.o(CL$$btod_ediv)
    _btod_emul                               0x7e00290b   Thumb Code    40  btod.o(CL$$btod_emul)
    __btod_mult_common                       0x7e002933   Thumb Code   580  btod.o(CL$$btod_mult_common)
    Short Thumb to ARM Veneer to CPUInvalidateDCacheLine 0x7e002b79   Thumb Code     8  anon$$obj.o(Veneer$$Code)
    Long ARM to Thumb Veneer to LzmaDecode   0x7e002b80   ARM Code       8  anon$$obj.o(Veneer$$Code)
    Long Thumb to Thumb Veneer to psram_phy_fc_config 0x7e002b89   Thumb Code    10  anon$$obj.o(Veneer$$Code)
    AIB_Secure_Read                          0x7e002b95   Thumb Code    18  pmic.o(i.AIB_Secure_Read)
    AIB_Secure_Write                         0x7e002bad   Thumb Code    18  pmic.o(i.AIB_Secure_Write)
    CacheCleanMemory                         0x7e002bdd   Thumb Code    24  system.o(i.CacheCleanMemory)
    CacheInvalidateMemory                    0x7e002bf5   Thumb Code    56  system.o(i.CacheInvalidateMemory)
    EraseFlash                               0x7e002db1   Thumb Code    28  boot_flasherase_check.o(i.EraseFlash)
    FLASH_ERASE_RECORD_ALLOW_AREA            0x7e002ded   Thumb Code    62  boot_flasherase_check.o(i.FLASH_ERASE_RECORD_ALLOW_AREA)
    GPIO_MFPR_ADDR                           0x7e002e31   Thumb Code   794  quec_startup_gpio.o(i.GPIO_MFPR_ADDR)
    GetChipID                                0x7e0031a9   Thumb Code    18  bsp_tavor.o(i.GetChipID)
    GetCompressedType                        0x7e0031c5   Thumb Code    52  asr_lzma.o(i.GetCompressedType)
    GetLongChipID                            0x7e003235   Thumb Code    20  bsp_tavor.o(i.GetLongChipID)
    GetPMICID                                0x7e003251   Thumb Code    36  pmic.o(i.GetPMICID)
    GetPlatformType                          0x7e003279   Thumb Code    20  bsp_tavor.o(i.GetPlatformType)
    GpioSetPullControl                       0x7e0032a9   Thumb Code    86  quec_startup_gpio.o(i.GpioSetPullControl)
    GuilinClkInit                            0x7e00332d   Thumb Code   162  guilin.o(i.GuilinClkInit)
    GuilinLiteClkInit                        0x7e0033cf   Thumb Code    40  guilin_lite.o(i.GuilinLiteClkInit)
    GuilinLiteRead                           0x7e0033f7   Thumb Code    38  guilin_lite.o(i.GuilinLiteRead)
    GuilinLiteWrite                          0x7e00341d   Thumb Code    34  guilin_lite.o(i.GuilinLiteWrite)
    GuilinLite_LDO_Set_Enable                0x7e00343f   Thumb Code    84  guilin_lite.o(i.GuilinLite_LDO_Set_Enable)
    GuilinLite_Ldo_7_set                     0x7e003493   Thumb Code     8  guilin_lite.o(i.GuilinLite_Ldo_7_set)
    GuilinRead                               0x7e00349b   Thumb Code    50  guilin.o(i.GuilinRead)
    GuilinWrite                              0x7e0034cd   Thumb Code    48  guilin.o(i.GuilinWrite)
    I2CReceive                               0x7e0034fd   Thumb Code     4  pmic.o(i.I2CReceive)
    I2CSend                                  0x7e003501   Thumb Code     4  pmic.o(i.I2CSend)
    InitializeSPIDevice                      0x7e003505   Thumb Code    90  SPI.o(i.InitializeSPIDevice)
    IsChipCrane                              0x7e0035d5   Thumb Code    22  bsp_tavor.o(i.IsChipCrane)
    IsChipCraneL                             0x7e0035eb   Thumb Code    22  bsp_tavor.o(i.IsChipCraneL)
    IsChipCraneLG                            0x7e003601   Thumb Code    22  bsp_tavor.o(i.IsChipCraneLG)
    IsChipCraneLR                            0x7e003617   Thumb Code    22  bsp_tavor.o(i.IsChipCraneLR)
    IsChipCraneLRH                           0x7e00362d   Thumb Code    22  bsp_tavor.o(i.IsChipCraneLRH)
    IsChipCraneLS                            0x7e003643   Thumb Code    22  bsp_tavor.o(i.IsChipCraneLS)
    IsChipCraneLS_A0                         0x7e003659   Thumb Code    20  bsp_tavor.o(i.IsChipCraneLS_A0)
    IsChipCraneM                             0x7e003671   Thumb Code    22  bsp_tavor.o(i.IsChipCraneM)
    LzmaUncompress                           0x7e003689   Thumb Code    74  LzmaLib.o(i.LzmaUncompress)
    MyAlloc                                  0x7e0038c9   Thumb Code    10  LzmaLib.o(i.MyAlloc)
    NingboClkInit                            0x7e0038d5   Thumb Code   260  ningbo.o(i.NingboClkInit)
    NingboRead                               0x7e003a01   Thumb Code    50  ningbo.o(i.NingboRead)
    NingboWrite                              0x7e003a33   Thumb Code    48  ningbo.o(i.NingboWrite)
    OTA_Check_FotaImage                      0x7e003a65   Thumb Code    94  ota.o(i.OTA_Check_FotaImage)
    PM812_FAULT_WU_EN_DISABLE                0x7e003f85   Thumb Code    76  pmic.o(i.PM812_FAULT_WU_EN_DISABLE)
    PMIC_FAULT_WU_ENABLE                     0x7e004001   Thumb Code    62  pmic.o(i.PMIC_FAULT_WU_ENABLE)
    PMIC_FAULT_WU_EN_ENABLE                  0x7e004045   Thumb Code    62  pmic.o(i.PMIC_FAULT_WU_EN_ENABLE)
    PMIC_GET_POWER_UP_LOG                    0x7e004089   Thumb Code    42  pmic.o(i.PMIC_GET_POWER_UP_LOG)
    PMIC_ID_GET                              0x7e0040b5   Thumb Code    22  pmic.o(i.PMIC_ID_GET)
    PMIC_IS_PM802                            0x7e0040d1   Thumb Code    16  pmic.o(i.PMIC_IS_PM802)
    PMIC_IS_PM802S                           0x7e0040e5   Thumb Code    14  pmic.o(i.PMIC_IS_PM802S)
    PMIC_IS_PM803                            0x7e0040f3   Thumb Code    18  pmic.o(i.PMIC_IS_PM803)
    PMIC_IS_PM803L                           0x7e004105   Thumb Code    18  pmic.o(i.PMIC_IS_PM803L)
    PMIC_IS_PM807                            0x7e004117   Thumb Code    18  pmic.o(i.PMIC_IS_PM807)
    PMIC_IS_PM812                            0x7e004129   Thumb Code    16  pmic.o(i.PMIC_IS_PM812)
    PMIC_IS_PM813                            0x7e00413d   Thumb Code    20  pmic.o(i.PMIC_IS_PM813)
    PMIC_IS_PM813S                           0x7e004155   Thumb Code    16  pmic.o(i.PMIC_IS_PM813S)
    PMIC_Init                                0x7e004169   Thumb Code    72  pmic.o(i.PMIC_Init)
    PMIC_PowerDown                           0x7e0041b5   Thumb Code    48  pmic.o(i.PMIC_PowerDown)
    PMIC_READ_REG_BASE                       0x7e0041f1   Thumb Code     8  pmic.o(i.PMIC_READ_REG_BASE)
    PMIC_SW_RESET                            0x7e0041f9   Thumb Code   118  pmic.o(i.PMIC_SW_RESET)
    PMIC_Set_CP_UART_PowerOff_and_AIB_3_3V   0x7e004295   Thumb Code    44  pmic.o(i.PMIC_Set_CP_UART_PowerOff_and_AIB_3_3V)
    PMIC_WRITE_REG_BASE                      0x7e0042c5   Thumb Code    10  pmic.o(i.PMIC_WRITE_REG_BASE)
    PsramPhyFreqChangeTo350                  0x7e0042cf   Thumb Code     6  FreqChange.o(i.PsramPhyFreqChangeTo350)
    PsramPhyFreqChangeTo416                  0x7e0042d5   Thumb Code     6  FreqChange.o(i.PsramPhyFreqChangeTo416)
    QUEC_SPI_NOR_Init                        0x7e0042dd   Thumb Code    72  quec_spi_nor.o(i.QUEC_SPI_NOR_Init)
    Quec_FlashErase_Optimize                 0x7e004369   Thumb Code   416  boot_flasherase_check.o(i.Quec_FlashErase_Optimize)
    Quec_PMIC_GET_PWEKY_STATUS               0x7e0046ad   Thumb Code    18  pmic.o(i.Quec_PMIC_GET_PWEKY_STATUS)
    Quec_pwrkey_check                        0x7e0046c1   Thumb Code    98  ql_boot_power.o(i.Quec_pwrkey_check)
    ReadFlash                                0x7e004785   Thumb Code    28  boot_flasherase_check.o(i.ReadFlash)
    SPINOR_EraseByBlock                      0x7e0048c1   Thumb Code   102  SPI.o(i.SPINOR_EraseByBlock)
    SPINOR_EraseBySector                     0x7e00497d   Thumb Code   104  SPI.o(i.SPINOR_EraseBySector)
    SPINOR_Read                              0x7e004ced   Thumb Code   108  SPI.o(i.SPINOR_Read)
    SPINOR_ReadId                            0x7e004da5   Thumb Code    74  SPI.o(i.SPINOR_ReadId)
    SPINOR_Write                             0x7e0053f1   Thumb Code   154  SPI.o(i.SPINOR_Write)
    SPINOR_getSSPPort                        0x7e005575   Thumb Code     6  SPI.o(i.SPINOR_getSSPPort)
    USTICAI2CReadDi_AUDIO                    0x7e00594d   Thumb Code     8  pmic.o(i.USTICAI2CReadDi_AUDIO)
    USTICAI2CReadDi_GPADC                    0x7e005955   Thumb Code     8  pmic.o(i.USTICAI2CReadDi_GPADC)
    USTICAI2CReadDi_TEST                     0x7e00595d   Thumb Code     8  pmic.o(i.USTICAI2CReadDi_TEST)
    USTICAI2CReadDi_base                     0x7e005965   Thumb Code     8  pmic.o(i.USTICAI2CReadDi_base)
    USTICAI2CReadDi_power                    0x7e00596d   Thumb Code     8  pmic.o(i.USTICAI2CReadDi_power)
    USTICAI2CWriteDi_AUDIO                   0x7e005975   Thumb Code    10  pmic.o(i.USTICAI2CWriteDi_AUDIO)
    USTICAI2CWriteDi_GPADC                   0x7e00597f   Thumb Code    10  pmic.o(i.USTICAI2CWriteDi_GPADC)
    USTICAI2CWriteDi_TEST                    0x7e005989   Thumb Code    10  pmic.o(i.USTICAI2CWriteDi_TEST)
    USTICAI2CWriteDi_base                    0x7e005993   Thumb Code    10  pmic.o(i.USTICAI2CWriteDi_base)
    USTICAI2CWriteDi_power                   0x7e00599d   Thumb Code    10  pmic.o(i.USTICAI2CWriteDi_power)
    WriteFlash                               0x7e0059a9   Thumb Code    28  boot_flasherase_check.o(i.WriteFlash)
    __ARM_fpclassify                         0x7e0059e5   Thumb Code    40  fpclassify.o(i.__ARM_fpclassify)
    __syscall_get_handler                    0x7e005c3d   Thumb Code    14  syscall.o(i.__syscall_get_handler)
    _is_digit                                0x7e005c95   Thumb Code    14  __printf_wp.o(i._is_digit)
    asr_property_area_init                   0x7e005d51   Thumb Code    94  asr_property.o(i.asr_property_area_init)
    asr_property_dump                        0x7e005dc5   Thumb Code     4  asr_property.o(i.asr_property_dump)
    asr_property_get                         0x7e005dc9   Thumb Code    42  asr_property.o(i.asr_property_get)
    asr_property_set                         0x7e005df9   Thumb Code   148  asr_property.o(i.asr_property_set)
    bbu_qspi_init                            0x7e005e91   Thumb Code   142  qspi_core.o(i.bbu_qspi_init)
    cp_uart2_putc                            0x7e006055   Thumb Code    16  uart.o(i.cp_uart2_putc)
    cp_uart_init                             0x7e006069   Thumb Code   122  uart.o(i.cp_uart_init)
    cp_uart_putc                             0x7e0060f5   Thumb Code    16  uart.o(i.cp_uart_putc)
    crane_ext_spi_erase                      0x7e006109   Thumb Code    54  qspi_core.o(i.crane_ext_spi_erase)
    crane_ext_spi_pinmux_no_get              0x7e006141   Thumb Code   192  qspi_core.o(i.crane_ext_spi_pinmux_no_get)
    crane_ext_spi_read                       0x7e006279   Thumb Code    26  qspi_core.o(i.crane_ext_spi_read)
    crane_ext_spi_write                      0x7e006293   Thumb Code    26  qspi_core.o(i.crane_ext_spi_write)
    crane_qspi_erase                         0x7e0062ad   Thumb Code    66  qspi_core.o(i.crane_qspi_erase)
    crane_qspi_read                          0x7e0062f5   Thumb Code    48  qspi_core.o(i.crane_qspi_read)
    crane_qspi_write                         0x7e006329   Thumb Code    76  qspi_core.o(i.crane_qspi_write)
    crane_set_fbp_boot33                     0x7e006379   Thumb Code    22  qspi_nor_bp.o(i.crane_set_fbp_boot33)
    disable_psram_cache                      0x7e00638f   Thumb Code    84  system.o(i.disable_psram_cache)
    dma_map_device_to_channel                0x7e0063e5   Thumb Code    56  qspi_dma.o(i.dma_map_device_to_channel)
    dma_read_status                          0x7e006421   Thumb Code    10  qspi_dma.o(i.dma_read_status)
    dma_set_mode                             0x7e006431   Thumb Code    34  qspi_dma.o(i.dma_set_mode)
    dma_set_reg_nf                           0x7e006459   Thumb Code    38  qspi_dma.o(i.dma_set_reg_nf)
    dma_xfer_start                           0x7e006485   Thumb Code    36  qspi_dma.o(i.dma_xfer_start)
    dma_xfer_stop                            0x7e0064c9   Thumb Code    36  qspi_dma.o(i.dma_xfer_stop)
    dump_loadtable                           0x7e006515   Thumb Code     2  loadtable.o(i.dump_loadtable)
    enable_psram_cache                       0x7e006517   Thumb Code    28  system.o(i.enable_psram_cache)
    fip_get_image_info                       0x7e006533   Thumb Code    22  fip_v2.o(i.fip_get_image_info)
    fip_get_image_info_by_uuid               0x7e006549   Thumb Code   212  fip_v2.o(i.fip_get_image_info_by_uuid)
    fip_open                                 0x7e00668d   Thumb Code   198  fip_v2.o(i.fip_open)
    getPsramFuse                             0x7e006819   Thumb Code    20  utilities.o(i.getPsramFuse)
    get_cp_exec_addr                         0x7e006859   Thumb Code    10  loadtable.o(i.get_cp_exec_addr)
    get_dsp_backup_addr                      0x7e006869   Thumb Code    10  loadtable.o(i.get_dsp_backup_addr)
    get_dsp_backup_end_addr                  0x7e006879   Thumb Code    10  loadtable.o(i.get_dsp_backup_end_addr)
    get_dsp_backup_size                      0x7e006889   Thumb Code    10  loadtable.o(i.get_dsp_backup_size)
    get_fota_param_end_addr                  0x7e006899   Thumb Code    32  loadtable.o(i.get_fota_param_end_addr)
    get_fota_param_start_addr                0x7e0068dd   Thumb Code    28  loadtable.o(i.get_fota_param_start_addr)
    get_reserved_end_address                 0x7e006b6d   Thumb Code    16  loadtable.o(i.get_reserved_end_address)
    get_rf_load_addr                         0x7e006b89   Thumb Code    38  loadtable.o(i.get_rf_load_addr)
    get_rw_cpz_struct_addr                   0x7e006bbd   Thumb Code     8  loadtable.o(i.get_rw_cpz_struct_addr)
    get_spi_flash_chip                       0x7e006bc9   Thumb Code    12  qspi_nor.o(i.get_spi_flash_chip)
    get_updater_copy_size                    0x7e006bd9   Thumb Code    16  loadtable.o(i.get_updater_copy_size)
    get_updater_end_addr                     0x7e006be9   Thumb Code    74  loadtable.o(i.get_updater_end_addr)
    get_updater_start_addr                   0x7e006c59   Thumb Code    66  loadtable.o(i.get_updater_start_addr)
    get_updater_vb                           0x7e006ced   Thumb Code    68  ota.o(i.get_updater_vb)
    ifPsramLimit200M                         0x7e006d65   Thumb Code    38  utilities.o(i.ifPsramLimit200M)
    loadtable_init                           0x7e006dd5   Thumb Code    34  loadtable.o(i.loadtable_init)
    malloc_init                              0x7e006e1d   Thumb Code     4  tinyalloc.o(i.malloc_init)
    mdelay                                   0x7e006e21   Thumb Code    32  pmic.o(i.mdelay)
    mpu_set_by_region_size                   0x7e006e41   Thumb Code    58  system.o(i.mpu_set_by_region_size)
    mpu_set_region                           0x7e006eb1   Thumb Code    82  system.o(i.mpu_set_region)
    mpu_value_check                          0x7e006f35   Thumb Code     2  system.o(i.mpu_value_check)
    ota_entry                                0x7e006f39   Thumb Code   514  ota.o(i.ota_entry)
    ptable_find_entry                        0x7e0071d9   Thumb Code    52  ptable.o(i.ptable_find_entry)
    ptable_init                              0x7e007211   Thumb Code    20  ptable.o(i.ptable_init)
    ql_get_powerup_reason                    0x7e00722d   Thumb Code   296  ql_boot_power.o(i.ql_get_powerup_reason)
    ql_gpio_get_direction                    0x7e007369   Thumb Code    64  quec_startup_gpio.o(i.ql_gpio_get_direction)
    ql_gpio_get_level                        0x7e0073bd   Thumb Code    64  quec_startup_gpio.o(i.ql_gpio_get_level)
    ql_gpio_init                             0x7e007411   Thumb Code   276  quec_startup_gpio.o(i.ql_gpio_init)
    ql_gpio_set_direction                    0x7e007595   Thumb Code   104  quec_startup_gpio.o(i.ql_gpio_set_direction)
    ql_gpio_set_level                        0x7e007615   Thumb Code    52  quec_startup_gpio.o(i.ql_gpio_set_level)
    ql_gpio_set_pull                         0x7e007689   Thumb Code    86  quec_startup_gpio.o(i.ql_gpio_set_pull)
    qspi_clock_change                        0x7e007711   Thumb Code    70  qspi_host.o(i.qspi_clock_change)
    qspi_cmd_done_interrupt                  0x7e00775d   Thumb Code    16  qspi_host.o(i.qspi_cmd_done_interrupt)
    qspi_cmd_done_pio                        0x7e007771   Thumb Code    32  qspi_host.o(i.qspi_cmd_done_pio)
    qspi_config_lookup_tbl                   0x7e007791   Thumb Code   272  qspi_host.o(i.qspi_config_lookup_tbl)
    qspi_enable_ahb_preempt                  0x7e007901   Thumb Code    20  qspi_host.o(i.qspi_enable_ahb_preempt)
    qspi_enable_xip                          0x7e007919   Thumb Code    46  qspi_host.o(i.qspi_enable_xip)
    qspi_enter_mode                          0x7e007949   Thumb Code    26  qspi_host.o(i.qspi_enter_mode)
    qspi_host_init                           0x7e0079d5   Thumb Code   264  qspi_host.o(i.qspi_host_init)
    qspi_init_ahb                            0x7e007af5   Thumb Code    82  qspi_host.o(i.qspi_init_ahb)
    qspi_memcpy                              0x7e007b4d   Thumb Code    24  qspi_host.o(i.qspi_memcpy)
    qspi_memset                              0x7e007b65   Thumb Code    18  qspi_nor.o(i.qspi_memset)
    qspi_nor_find_fbp                        0x7e007b79   Thumb Code   174  qspi_nor_bp.o(i.qspi_nor_find_fbp)
    qspi_nor_set_fbp                         0x7e007cc5   Thumb Code   924  qspi_nor_bp.o(i.qspi_nor_set_fbp)
    qspi_preinit_lookup_tbl                  0x7e00833d   Thumb Code    66  qspi_host.o(i.qspi_preinit_lookup_tbl)
    qspi_start_cmd                           0x7e008425   Thumb Code     4  qspi_host.o(i.qspi_start_cmd)
    qspi_start_dma_xfer                      0x7e008429   Thumb Code    52  qspi_host.o(i.qspi_start_dma_xfer)
    quec_gpio_set_value                      0x7e0084cd   Thumb Code    28  quec_startup_gpio.o(i.quec_gpio_set_value)
    quec_spi_init                            0x7e008609   Thumb Code   108  quec_spi_nor.o(i.quec_spi_init)
    quec_spi_pin_select                      0x7e0086d1   Thumb Code    32  quec_spi_nor.o(i.quec_spi_pin_select)
    quec_sspinfo_cfg_convert                 0x7e0086f5   Thumb Code    44  quec_spi_nor.o(i.quec_sspinfo_cfg_convert)
    readPsramFuse                            0x7e008725   Thumb Code    92  utilities.o(i.readPsramFuse)
    read_data_from_memory                    0x7e008789   Thumb Code    42  fip_v2.o(i.read_data_from_memory)
    reset_all_mpu_reg                        0x7e0087b3   Thumb Code    32  system.o(i.reset_all_mpu_reg)
    secboot_init                             0x7e0087d5   Thumb Code    90  secboot_v2.o(i.secboot_init)
    secboot_is_fuse_enabled                  0x7e0088d9   Thumb Code    30  secboot_v2.o(i.secboot_is_fuse_enabled)
    secboot_item_check                       0x7e00890d   Thumb Code   624  secboot_v2.o(i.secboot_item_check)
    secboot_read_cert                        0x7e008dcd   Thumb Code    44  secboot_v2.o(i.secboot_read_cert)
    set_mpu_reg_arom                         0x7e008df9   Thumb Code    30  system.o(i.set_mpu_reg_arom)
    set_mpu_reg_asic_reg                     0x7e008e1d   Thumb Code    30  system.o(i.set_mpu_reg_asic_reg)
    set_mpu_reg_background                   0x7e008e3b   Thumb Code    36  system.o(i.set_mpu_reg_background)
    set_mpu_reg_dtcm                         0x7e008e61   Thumb Code    30  system.o(i.set_mpu_reg_dtcm)
    set_mpu_reg_flash                        0x7e008e85   Thumb Code    30  system.o(i.set_mpu_reg_flash)
    set_mpu_reg_itcm                         0x7e008ea3   Thumb Code    30  system.o(i.set_mpu_reg_itcm)
    set_mpu_reg_psram                        0x7e008ec1   Thumb Code    86  system.o(i.set_mpu_reg_psram)
    set_mpu_reg_squ                          0x7e008f17   Thumb Code    70  system.o(i.set_mpu_reg_squ)
    set_user_aligment                        0x7e008f5d   Thumb Code    18  qspi_dma.o(i.set_user_aligment)
    spi_nor_do_erase                         0x7e008f75   Thumb Code    40  boot_flasherase_check.o(i.spi_nor_do_erase)
    spi_nor_do_read                          0x7e008fa5   Thumb Code    32  boot_flasherase_check.o(i.spi_nor_do_read)
    spi_nor_do_write                         0x7e008fcd   Thumb Code    32  boot_flasherase_check.o(i.spi_nor_do_write)
    spi_nor_erase                            0x7e0092c9   Thumb Code   224  qspi_nor.o(i.spi_nor_erase)
    spi_nor_init                             0x7e0094e5   Thumb Code   412  qspi_nor.o(i.spi_nor_init)
    spi_nor_read_status1                     0x7e009859   Thumb Code    10  qspi_nor.o(i.spi_nor_read_status1)
    spi_nor_read_status2                     0x7e009863   Thumb Code    40  qspi_nor.o(i.spi_nor_read_status2)
    spi_nor_wait                             0x7e0099ad   Thumb Code    36  qspi_nor.o(i.spi_nor_wait)
    spi_nor_write_status1                    0x7e009b09   Thumb Code    66  qspi_nor.o(i.spi_nor_write_status1)
    spi_nor_write_status2                    0x7e009b65   Thumb Code    64  qspi_nor.o(i.spi_nor_write_status2)
    spi_nor_write_volatile_status_register_enable 0x7e009bbd   Thumb Code    48  qspi_nor.o(i.spi_nor_write_volatile_status_register_enable)
    syscall_get_handler                      0x7e009c05   Thumb Code    10  syscall.o(i.syscall_get_handler)
    syscall_init                             0x7e009c15   Thumb Code    20  syscall.o(i.syscall_init)
    ta_alloc                                 0x7e009c2d   Thumb Code    30  tinyalloc.o(i.ta_alloc)
    ta_free                                  0x7e009c79   Thumb Code    54  tinyalloc.o(i.ta_free)
    ta_init                                  0x7e009cb5   Thumb Code    54  tinyalloc.o(i.ta_init)
    tiny_free                                0x7e009cf1   Thumb Code     4  tinyalloc.o(i.tiny_free)
    tiny_malloc                              0x7e009cf5   Thumb Code     4  tinyalloc.o(i.tiny_malloc)
    tls_init                                 0x7e009cf9   Thumb Code    30  syscall_secboot.o(i.tls_init)
    tls_verify_hash_from_io_dev              0x7e009d17   Thumb Code    52  syscall_secboot.o(i.tls_verify_hash_from_io_dev)
    tls_verify_signature                     0x7e009d4b   Thumb Code    68  syscall_secboot.o(i.tls_verify_signature)
    tls_x509_check_integrity                 0x7e009d8f   Thumb Code    38  syscall_secboot.o(i.tls_x509_check_integrity)
    tls_x509_get_auth_param                  0x7e009db5   Thumb Code    52  syscall_secboot.o(i.tls_x509_get_auth_param)
    uart2_printf                             0x7e009de9   Thumb Code    54  uart.o(i.uart2_printf)
    uart_printf                              0x7e009e25   Thumb Code    54  uart.o(i.uart_printf)
    udelay                                   0x7e009e61   Thumb Code    32  qspi_host.o(i.udelay)
    usticaInit                               0x7e009ea5   Thumb Code    14  pmic.o(i.usticaInit)
    ustica_I2CConfigureDi                    0x7e009eb5   Thumb Code    66  pmic.o(i.ustica_I2CConfigureDi)
    ustica_I2CEnableclockandPin              0x7e009f01   Thumb Code    16  pmic.o(i.ustica_I2CEnableclockandPin)
    ustica_I2CMasterReceiveDataDirect        0x7e009fa1   Thumb Code   142  pmic.o(i.ustica_I2CMasterReceiveDataDirect)
    ustica_I2CMasterSendDataDirect           0x7e00a039   Thumb Code    30  pmic.o(i.ustica_I2CMasterSendDataDirect)
    uudelay                                  0x7e00a1c9   Thumb Code    24  pmic.o(i.uudelay)
    _get_lc_numeric                          0x7e00a215   Thumb Code    44  lc_numeric_c.o(locale$$code)
    _get_lc_ctype                            0x7e00a241   Thumb Code    44  lc_ctype_c.o(locale$$code)
    _printf_fp_dec                           0x7e00a26d   Thumb Code     4  printf1.o(x$fpl$printf1)
    __I$use$fp                               0x7e00a270   Number         0  usenofp.o(x$fpl$usenofp)
    __aeabi_idivmod                          0x7e00a271   Thumb Code    12  aeabi_sdiv_cr4.o(x$sdivmod)
    __ctype                                  0x7e00acf5   Data           0  lc_ctype_c.o(locale$$data)
    Load$$ITCM$$Base                         0x7e00adf8   Number         0  anon$$obj.o ABSOLUTE
    Load$$DATA$$RW$$Base                     0x7e00c010   Number         0  anon$$obj.o ABSOLUTE
    Load$$DTCM$$RW$$Base                     0x7e00ca70   Number         0  anon$$obj.o ABSOLUTE
    Load$$IMG_END$$Base                      0x7e00ca70   Number         0  anon$$obj.o ABSOLUTE
    Image$$DATA$$RW$$Base                    0x7e00d000   Number         0  anon$$obj.o ABSOLUTE
    mini_system_enable                       0x7e00d000   Data           4  main.o(.data)
    PA_gpio1_mfpr                            0x7e00d00c   Data           4  main.o(.data)
    CpExecAddress                            0x7e00d010   Data           4  main.o(.data)
    DspExecAddress                           0x7e00d014   Data           4  main.o(.data)
    CpFlashAddress                           0x7e00d018   Data           4  main.o(.data)
    DspFlashAddress                          0x7e00d01c   Data           4  main.o(.data)
    rfCopySize                               0x7e00d020   Data           4  main.o(.data)
    rfFlashAddress                           0x7e00d024   Data           4  main.o(.data)
    rfLoadAddress                            0x7e00d028   Data           4  main.o(.data)
    DspImageSize                             0x7e00d02c   Data           4  main.o(.data)
    DspLoadSize                              0x7e00d030   Data           4  main.o(.data)
    quec_EC800M_PA                           0x7e00d034   Data          12  main.o(.data)
    isChip3601S                              0x7e00d040   Data           1  boot_flasherase_check.o(.data)
    spichip                                  0x7e00d044   Data           4  boot_flasherase_check.o(.data)
    FlashIsSPI                               0x7e00d048   Data           4  boot_flasherase_check.o(.data)
    quec_production_config                   0x7e00d04c   Data          28  boot_flasherase_check.o(.data)
    ERASE_RECORD_AREA                        0x7e00d068   Data          32  boot_flasherase_check.o(.data)
    g_tls_handle                             0x7e00d088   Data           4  secboot_v2.o(.data)
    my_pk_len                                0x7e00d08c   Data           4  secboot_v2.o(.data)
    g_io_read_buf                            0x7e00d090   Data           4  secboot_v2.o(.data)
    current_PP                               0x7e00d0a8   Data           1  FreqChange.o(.data)
    RunningMode                              0x7e00d0ac   Data           4  FreqChange.o(.data)
    exp_cpcore_pclk_freq                     0x7e00d0b0   Data           4  FreqChange.o(.data)
    exp_cpcore_bus_freq                      0x7e00d0b4   Data           4  FreqChange.o(.data)
    exp_cpcore_mc_freq                       0x7e00d0b8   Data           4  FreqChange.o(.data)
    exp_axi_clk_freq                         0x7e00d0bc   Data           4  FreqChange.o(.data)
    fc_config_fix                            0x7e00d0c0   Data           4  FreqChange.o(.data)
    fc_config_fix_wifi                       0x7e00d0c4   Data           4  FreqChange.o(.data)
    CRN_SVC_FP                               0x7e00d0c8   Data           4  FreqChange.o(.data)
    TA_HEAP_START                            0x7e00d148   Data           4  tinyalloc.o(.data)
    TA_HEAP_LIMIT                            0x7e00d14c   Data           4  tinyalloc.o(.data)
    pmic_id                                  0x7e00d154   Data           1  pmic.o(.data)
    SysRestartReasonGlobal                   0x7e00d156   Data           1  pmic.o(.data)
    I2C_REGISTER_BASE_ADDR                   0x7e00d158   Data           4  pmic.o(.data)
    SysRestartReasonGetFlag                  0x7e00d15c   Data           4  pmic.o(.data)
    g_adc_result                             0x7e00d166   Data           2  utilities.o(.data)
    updater_available                        0x7e00d168   Data           1  loadtable.o(.data)
    updater_backup_available                 0x7e00d169   Data           1  loadtable.o(.data)
    pLoadTable                               0x7e00d16c   Data           4  loadtable.o(.data)
    fota_param_Entry                         0x7e00d170   Data           4  loadtable.o(.data)
    fota_pkg_Entry                           0x7e00d174   Data           4  loadtable.o(.data)
    updater_Entry                            0x7e00d178   Data           4  loadtable.o(.data)
    updater_backup_Entry                     0x7e00d17c   Data           4  loadtable.o(.data)
    logo_entry                               0x7e00d180   Data           4  loadtable.o(.data)
    dsp_adc_Entry                            0x7e00d184   Data           4  loadtable.o(.data)
    dsp_adc_backup_Entry                     0x7e00d188   Data           4  loadtable.o(.data)
    chip                                     0x7e00d390   Data           4  qspi_core.o(.data)
    qspi_tx_mode                             0x7e00d394   Data          16  qspi_core.o(.data)
    qspi_rx_mode                             0x7e00d3a4   Data          24  qspi_core.o(.data)
    DMA                                      0x7e00d3bc   Data           4  qspi_dma.o(.data)
    power_up_reason                          0x7e00d7ac   Data           1  ql_boot_power.o(.data)
    power_down_reason                        0x7e00d7ad   Data           1  ql_boot_power.o(.data)
    power_down_reason2                       0x7e00d7ae   Data           1  ql_boot_power.o(.data)
    quec_spi_pin_selflag                     0x7e00d7c4   Data           4  quec_spi_nor.o(.data)
    flash_protect_area_type                  0x7e00d7d8   Data           1  qspi_nor_bp.o(.data)
    ProtectAreaInfo_8M                       0x7e00d7dc   Data         204  qspi_nor_bp.o(.data)
    ProtectAreaInfo_4M                       0x7e00d8a8   Data         204  qspi_nor_bp.o(.data)
    ProtectAreaInfo_2M                       0x7e00d974   Data         192  qspi_nor_bp.o(.data)
    ssp_rx_dma_work_flg                      0x7e00da34   Data           1  SPI.o(.data)
    ssp_tx_dma_work_flg                      0x7e00da35   Data           1  SPI.o(.data)
    TxCmd                                    0x7e00da3c   Data           8  SPI.o(.data)
    Image$$DATA$$ZI$$Base                    0x7e00da60   Number         0  anon$$obj.o ABSOLUTE
    _logoContextRegs                         0x7e00da60   Data         140  main.o(.bss)
    g_MallocBuffer                           0x7e00daec   Data       73728  main.o(.bss)
    updater_version_vb                       0x7e01faec   Data         768  ota.o(.bss)
    I2CStatusArray                           0x7e023dec   Data          64  pmic.o(.bss)
    qspi_host                                0x7e023e3c   Data          60  qspi_host.o(.bss)
    Image$$SEC_KEY_BUF$$Base                 0x7e023fcc   Number         0  anon$$obj.o ABSOLUTE
    Image$$DTCM$$RW$$Base                    0xb0021c00   Number         0  anon$$obj.o ABSOLUTE
    Image$$DTCM$$ZI$$Base                    0xb0021c00   Number         0  anon$$obj.o ABSOLUTE



==============================================================================

Memory Map of the image

  Image Entry point : 0x7e000000

  Load Region LOAD (Base: 0x7e000000, Size: 0x0000ca70, Max: 0xffffffff, ABSOLUTE)

    Execution Region ITCM (Base: 0x00001000, Size: 0x00001218, Max: 0x00003000, ABSOLUTE)

    Base Addr    Size         Type   Attr      Idx    E Section Name        Object

    0x00001000   0x00000094   Code   RO          924    PSRAM_FC            FreqChange.o
    0x00001094   0x0000000a   Ven    RO         6479    Veneer$$Code        anon$$obj.o
    0x0000109e   0x00000002   PAD
    0x000010a0   0x00000008   Ven    RO         6480    Veneer$$Code        anon$$obj.o
    0x000010a8   0x00000008   Ven    RO         6481    Veneer$$Code        anon$$obj.o
    0x000010b0   0x0000002c   Code   RO         1120    i.LzmaDec_AllocateProbs  LzmaDec.o
    0x000010dc   0x0000003e   Code   RO         1121    i.LzmaDec_AllocateProbs2  LzmaDec.o
    0x0000111a   0x00000002   PAD
    0x0000111c   0x0000092e   Code   RO         1122    i.LzmaDec_DecodeReal  LzmaDec.o
    0x00001a4a   0x00000062   Code   RO         1123    i.LzmaDec_DecodeReal2  LzmaDec.o
    0x00001aac   0x000001f8   Code   RO         1125    i.LzmaDec_DecodeToDic  LzmaDec.o
    0x00001ca4   0x00000014   Code   RO         1128    i.LzmaDec_FreeProbs  LzmaDec.o
    0x00001cb8   0x0000000c   Code   RO         1129    i.LzmaDec_Init      LzmaDec.o
    0x00001cc4   0x0000001c   Code   RO         1130    i.LzmaDec_InitDicAndState  LzmaDec.o
    0x00001ce0   0x000003fa   Code   RO         1131    i.LzmaDec_TryDummy  LzmaDec.o
    0x000020da   0x0000005c   Code   RO         1132    i.LzmaDec_WriteRem  LzmaDec.o
    0x00002136   0x00000078   Code   RO         1133    i.LzmaDecode        LzmaDec.o
    0x000021ae   0x00000052   Code   RO         1134    i.LzmaProps_Decode  LzmaDec.o
    0x00002200   0x00000018   Data   RO         1135    .constdata          LzmaDec.o


    Execution Region INIT (Base: 0x7e000000, Size: 0x00000d94, Max: 0x00002000, ABSOLUTE)

    Base Addr    Size         Type   Attr      Idx    E Section Name        Object

    0x7e000000   0x000002bc   Code   RO         5998  * Init                OBM_StartUp.o
    0x7e0002bc   0x00000020   Code   RO            4    i.DelayInMilliSecond  main.o
    0x7e0002dc   0x0000000c   Code   RO            6    i.GetTimer0CNT      main.o
    0x7e0002e8   0x00000064   Code   RO           10    i.PrepareToExecuteCp  main.o
    0x7e00034c   0x0000000c   Code   RO           11    i.Timer0IntervalInMilli  main.o
    0x7e000358   0x00000020   Code   RO           12    i.Timer0_enable     main.o
    0x7e000378   0x000002c0   Code   RO           14    i.bootloader        main.o
    0x7e000638   0x000000d8   Code   RO           15    i.copy_dsp_from_flash_to_psram  main.o
    0x7e000710   0x00000114   Code   RO           16    i.copy_rf_from_flash_to_psram  main.o
    0x7e000824   0x00000084   Code   RO           17    i.get_ps_code_ddr_addr_from_Loadtable  main.o
    0x7e0008a8   0x00000020   Code   RO           18    i.ql_set_external_fs_info  main.o
    0x7e0008c8   0x000001ac   Code   RO           19    i.quec_get_rf_info  main.o
    0x7e000a74   0x000000d0   Code   RO           20    i.quec_pa_identify_gpio_init  main.o
    0x7e000b44   0x000000ec   Code   RO           21    i.region_decompress_from_flash_to_psram  main.o
    0x7e000c30   0x000000e2   Data   RO           25    .conststring        main.o
    0x7e000d12   0x00000080   Data   RO          286    IMGVERBLOCK         version_block.o


    Execution Region CODE (Base: 0x7e000d94, Size: 0x0000a064, Max: 0x0000b000, ABSOLUTE)

    Base Addr    Size         Type   Attr      Idx    E Section Name        Object

    0x7e000d94   0x00000000   Code   RO         6125    .ARM.Collect$$_printf_percent$$00000000  c_2.l(_printf_percent.o)
    0x7e000d94   0x00000006   Code   RO         6264    .ARM.Collect$$_printf_percent$$00000001  c_2.l(_printf_n.o)
    0x7e000d9a   0x00000006   Code   RO         6265    .ARM.Collect$$_printf_percent$$00000002  c_2.l(_printf_p.o)
    0x7e000da0   0x00000006   Code   RO         6270    .ARM.Collect$$_printf_percent$$00000003  c_2.l(_printf_f.o)
    0x7e000da6   0x00000006   Code   RO         6271    .ARM.Collect$$_printf_percent$$00000004  c_2.l(_printf_e.o)
    0x7e000dac   0x00000006   Code   RO         6272    .ARM.Collect$$_printf_percent$$00000005  c_2.l(_printf_g.o)
    0x7e000db2   0x00000006   Code   RO         6273    .ARM.Collect$$_printf_percent$$00000006  c_2.l(_printf_a.o)
    0x7e000db8   0x0000000a   Code   RO         6278    .ARM.Collect$$_printf_percent$$00000007  c_2.l(_printf_ll.o)
    0x7e000dc2   0x00000006   Code   RO         6267    .ARM.Collect$$_printf_percent$$00000008  c_2.l(_printf_i.o)
    0x7e000dc8   0x00000006   Code   RO         6268    .ARM.Collect$$_printf_percent$$00000009  c_2.l(_printf_d.o)
    0x7e000dce   0x00000006   Code   RO         6269    .ARM.Collect$$_printf_percent$$0000000A  c_2.l(_printf_u.o)
    0x7e000dd4   0x00000006   Code   RO         6266    .ARM.Collect$$_printf_percent$$0000000B  c_2.l(_printf_o.o)
    0x7e000dda   0x00000006   Code   RO         6124    .ARM.Collect$$_printf_percent$$0000000C  c_2.l(_printf_x.o)
    0x7e000de0   0x00000006   Code   RO         6275    .ARM.Collect$$_printf_percent$$0000000D  c_2.l(_printf_lli.o)
    0x7e000de6   0x00000006   Code   RO         6276    .ARM.Collect$$_printf_percent$$0000000E  c_2.l(_printf_lld.o)
    0x7e000dec   0x00000006   Code   RO         6277    .ARM.Collect$$_printf_percent$$0000000F  c_2.l(_printf_llu.o)
    0x7e000df2   0x00000006   Code   RO         6282    .ARM.Collect$$_printf_percent$$00000010  c_2.l(_printf_llo.o)
    0x7e000df8   0x00000006   Code   RO         6283    .ARM.Collect$$_printf_percent$$00000011  c_2.l(_printf_llx.o)
    0x7e000dfe   0x0000000a   Code   RO         6279    .ARM.Collect$$_printf_percent$$00000012  c_2.l(_printf_l.o)
    0x7e000e08   0x00000006   Code   RO         6263    .ARM.Collect$$_printf_percent$$00000013  c_2.l(_printf_c.o)
    0x7e000e0e   0x00000006   Code   RO         6123    .ARM.Collect$$_printf_percent$$00000014  c_2.l(_printf_s.o)
    0x7e000e14   0x00000006   Code   RO         6280    .ARM.Collect$$_printf_percent$$00000015  c_2.l(_printf_lc.o)
    0x7e000e1a   0x00000006   Code   RO         6281    .ARM.Collect$$_printf_percent$$00000016  c_2.l(_printf_ls.o)
    0x7e000e20   0x00000004   Code   RO         6274    .ARM.Collect$$_printf_percent$$00000017  c_2.l(_printf_percent_end.o)
    0x7e000e24   0x00000000   Code   RO         6162    .ARM.Collect$$libinit$$0000000A  c_2.l(libinit2.o)
    0x7e000e24   0x00000000   Code   RO         6171    .ARM.Collect$$libinit$$00000013  c_2.l(libinit2.o)
    0x7e000e24   0x00000000   Code   RO         6175    .ARM.Collect$$libinit$$00000017  c_2.l(libinit2.o)
    0x7e000e24   0x00000000   Code   RO         6216    .emb_text           c_2.l(maybetermalloc1.o)
    0x7e000e24   0x00000088   Code   RO         6004    .text               c_2.l(init_alloc.o)
    0x7e000eac   0x00000028   Code   RO         6010    .text               c_2.l(calloc.o)
    0x7e000ed4   0x0000005e   Code   RO         6012    .text               c_2.l(h1_alloc.o)
    0x7e000f32   0x0000004e   Code   RO         6014    .text               c_2.l(h1_free.o)
    0x7e000f80   0x00000034   Code   RO         6070    .text               c_2.l(c89vsnprintf.o)
    0x7e000fb4   0x0000002c   Code   RO         6072    .text               c_2.l(__2sprintf.o)
    0x7e000fe0   0x0000004e   Code   RO         6078    .text               c_2.l(_printf_pad.o)
    0x7e00102e   0x00000052   Code   RO         6080    .text               c_2.l(_printf_str.o)
    0x7e001080   0x00000094   Code   RO         6100    .text               c_2.l(_printf_hex_int_ll_ptr.o)
    0x7e001114   0x00000188   Code   RO         6120    .text               c_2.l(__printf_flags_ss_wp.o)
    0x7e00129c   0x00000024   Code   RO         6126    .text               c_2.l(strstr.o)
    0x7e0012c0   0x00000058   Code   RO         6128    .text               c_2.l(memcmp.o)
    0x7e001318   0x0000003a   Code   RO         6132    .text               c_2.l(strlen.o)
    0x7e001352   0x00000002   PAD
    0x7e001354   0x000000f0   Code   RO         6134    .text               c_2.l(strncmp.o)
    0x7e001444   0x000000d4   Code   RO         6136    .text               c_2.l(rt_memcpy.o)
    0x7e001518   0x000000d4   Code   RO         6138    .text               c_2.l(rt_memmove.o)
    0x7e0015ec   0x00000064   Code   RO         6140    .text               c_2.l(rt_memcpy_w.o)
    0x7e001650   0x00000044   Code   RO         6144    .text               c_2.l(rt_memclr.o)
    0x7e001694   0x0000004e   Code   RO         6146    .text               c_2.l(rt_memclr_w.o)
    0x7e0016e2   0x00000002   PAD
    0x7e0016e4   0x000000f4   Code   RO         6150    .text               c_2.l(strcmp.o)
    0x7e0017d8   0x00000016   Code   RO         6152    .text               c_2.l(uread4.o)
    0x7e0017ee   0x00000002   PAD
    0x7e0017f0   0x00000008   Code   RO         6205    .text               c_2.l(rt_heap_descriptor.o)
    0x7e0017f8   0x00000004   Code   RO         6210    .text               c_2.l(hguard.o)
    0x7e0017fc   0x0000000e   Code   RO         6218    .text               c_2.l(h1_init.o)
    0x7e00180a   0x00000030   Code   RO         6220    .text               c_2.l(h1_extend.o)
    0x7e00183a   0x00000024   Code   RO         6236    .text               c_2.l(_printf_truncate.o)
    0x7e00185e   0x000000b2   Code   RO         6238    .text               c_2.l(_printf_intcommon.o)
    0x7e001910   0x00000070   Code   RO         6240    .text               c_2.l(_printf_dec.o)
    0x7e001980   0x00000028   Code   RO         6242    .text               c_2.l(_printf_charcount.o)
    0x7e0019a8   0x00000030   Code   RO         6244    .text               c_2.l(_printf_char_common.o)
    0x7e0019d8   0x0000000a   Code   RO         6246    .text               c_2.l(_sputc.o)
    0x7e0019e2   0x00000010   Code   RO         6248    .text               c_2.l(_snputc.o)
    0x7e0019f2   0x0000002c   Code   RO         6250    .text               c_2.l(_printf_char.o)
    0x7e001a1e   0x00000002   PAD
    0x7e001a20   0x000000bc   Code   RO         6252    .text               c_2.l(_printf_wctomb.o)
    0x7e001adc   0x0000007c   Code   RO         6255    .text               c_2.l(_printf_longlong_dec.o)
    0x7e001b58   0x00000070   Code   RO         6261    .text               c_2.l(_printf_oct_int_ll.o)
    0x7e001bc8   0x0000000e   Code   RO         6284    .text               c_2.l(defsig_rtmem_outer.o)
    0x7e001bd6   0x00000002   PAD
    0x7e001bd8   0x00000080   Code   RO         6288    .text               c_2.l(rt_memmove_w.o)
    0x7e001c58   0x00000050   Code   RO         6334    .text               c_2.l(heapauxa.o)
    0x7e001ca8   0x00000002   Code   RO         6348    .text               c_2.l(use_no_semi.o)
    0x7e001caa   0x00000000   Code   RO         6350    .text               c_2.l(indicate_semi.o)
    0x7e001caa   0x00000002   PAD
    0x7e001cac   0x00000098   Code   RO         6359    .text               c_2.l(lludiv10.o)
    0x7e001d44   0x0000040e   Code   RO         6361    .text               c_2.l(_printf_fp_dec.o)
    0x7e002152   0x0000002c   Code   RO         6365    .text               c_2.l(_printf_wchar.o)
    0x7e00217e   0x00000040   Code   RO         6367    .text               c_2.l(_wcrtomb.o)
    0x7e0021be   0x0000000a   Code   RO         6369    .text               c_2.l(defsig_exit.o)
    0x7e0021c8   0x00000050   Code   RO         6371    .text               c_2.l(defsig_rtmem_inner.o)
    0x7e002218   0x0000002c   Code   RO         6373    .text               c_2.l(rtudiv10.o)
    0x7e002244   0x0000000c   Code   RO         6379    .text               c_2.l(sys_exit.o)
    0x7e002250   0x00000010   Code   RO         6381    .text               c_2.l(rt_ctype_table.o)
    0x7e002260   0x00000008   Code   RO         6385    .text               c_2.l(rt_locale.o)
    0x7e002268   0x00000080   Code   RO         6394    .text               c_2.l(_printf_fp_infnan.o)
    0x7e0022e8   0x000000d8   Code   RO         6396    .text               c_2.l(bigflt0.o)
    0x7e0023c0   0x00000032   Code   RO         6426    .text               c_2.l(defsig_general.o)
    0x7e0023f2   0x0000000e   Code   RO         6448    .text               c_2.l(sys_wrch.o)
    0x7e002400   0x0000003e   Code   RO         6399    CL$$btod_d2e        c_2.l(btod.o)
    0x7e00243e   0x00000046   Code   RO         6401    CL$$btod_d2e_denorm_low  c_2.l(btod.o)
    0x7e002484   0x00000060   Code   RO         6400    CL$$btod_d2e_norm_op1  c_2.l(btod.o)
    0x7e0024e4   0x00000338   Code   RO         6409    CL$$btod_div_common  c_2.l(btod.o)
    0x7e00281c   0x000000c6   Code   RO         6406    CL$$btod_e2e        c_2.l(btod.o)
    0x7e0028e2   0x00000028   Code   RO         6403    CL$$btod_ediv       c_2.l(btod.o)
    0x7e00290a   0x00000028   Code   RO         6402    CL$$btod_emul       c_2.l(btod.o)
    0x7e002932   0x00000244   Code   RO         6408    CL$$btod_mult_common  c_2.l(btod.o)
    0x7e002b76   0x00000002   PAD
    0x7e002b78   0x00000008   Ven    RO         6476    Veneer$$Code        anon$$obj.o
    0x7e002b80   0x00000008   Ven    RO         6477    Veneer$$Code        anon$$obj.o
    0x7e002b88   0x0000000a   Ven    RO         6478    Veneer$$Code        anon$$obj.o
    0x7e002b92   0x00000002   PAD
    0x7e002b94   0x00000018   Code   RO         1312    i.AIB_Secure_Read   pmic.o
    0x7e002bac   0x00000018   Code   RO         1313    i.AIB_Secure_Write  pmic.o
    0x7e002bc4   0x00000018   Code   RO         5697    i.Assert_CS         SPI.o
    0x7e002bdc   0x00000018   Code   RO          802    i.CacheCleanMemory  system.o
    0x7e002bf4   0x00000038   Code   RO          803    i.CacheInvalidateMemory  system.o
    0x7e002c2c   0x00000014   Code   RO          295    i.CalcImageChecksum  ota.o
    0x7e002c40   0x00000158   Code   RO         5698    i.ChipSelectSPI     SPI.o
    0x7e002d98   0x00000018   Code   RO         5699    i.Deassert_CS       SPI.o
    0x7e002db0   0x0000003c   Code   RO          376    i.EraseFlash        boot_flasherase_check.o
    0x7e002dec   0x00000044   Code   RO          377    i.FLASH_ERASE_RECORD_ALLOW_AREA  boot_flasherase_check.o
    0x7e002e30   0x00000344   Code   RO         5399    i.GPIO_MFPR_ADDR    quec_startup_gpio.o
    0x7e003174   0x00000034   Code   RO         5400    i.GetBaseAddr       quec_startup_gpio.o
    0x7e0031a8   0x0000001c   Code   RO         4219    i.GetChipID         bsp_tavor.o
    0x7e0031c4   0x0000005c   Code   RO         5243    i.GetCompressedType  asr_lzma.o
    0x7e003220   0x00000014   Code   RO         5700    i.GetFlashProperties  SPI.o
    0x7e003234   0x0000001c   Code   RO         4220    i.GetLongChipID     bsp_tavor.o
    0x7e003250   0x00000028   Code   RO         1314    i.GetPMICID         pmic.o
    0x7e003278   0x0000001c   Code   RO         4221    i.GetPlatformType   bsp_tavor.o
    0x7e003294   0x00000014   Code   RO         5701    i.GetSSPBase        SPI.o
    0x7e0032a8   0x00000084   Code   RO         5401    i.GpioSetPullControl  quec_startup_gpio.o
    0x7e00332c   0x000000a2   Code   RO         2185    i.GuilinClkInit     guilin.o
    0x7e0033ce   0x00000028   Code   RO         3840    i.GuilinLiteClkInit  guilin_lite.o
    0x7e0033f6   0x00000026   Code   RO         3841    i.GuilinLiteRead    guilin_lite.o
    0x7e00341c   0x00000022   Code   RO         3842    i.GuilinLiteWrite   guilin_lite.o
    0x7e00343e   0x00000054   Code   RO         3843    i.GuilinLite_LDO_Set_Enable  guilin_lite.o
    0x7e003492   0x00000008   Code   RO         3851    i.GuilinLite_Ldo_7_set  guilin_lite.o
    0x7e00349a   0x00000032   Code   RO         2186    i.GuilinRead        guilin.o
    0x7e0034cc   0x00000030   Code   RO         2187    i.GuilinWrite       guilin.o
    0x7e0034fc   0x00000004   Code   RO         1316    i.I2CReceive        pmic.o
    0x7e003500   0x00000004   Code   RO         1318    i.I2CSend           pmic.o
    0x7e003504   0x000000d0   Code   RO         5702    i.InitializeSPIDevice  SPI.o
    0x7e0035d4   0x00000016   Code   RO         4222    i.IsChipCrane       bsp_tavor.o
    0x7e0035ea   0x00000016   Code   RO         4229    i.IsChipCraneL      bsp_tavor.o
    0x7e003600   0x00000016   Code   RO         4230    i.IsChipCraneLG     bsp_tavor.o
    0x7e003616   0x00000016   Code   RO         4231    i.IsChipCraneLR     bsp_tavor.o
    0x7e00362c   0x00000016   Code   RO         4232    i.IsChipCraneLRH    bsp_tavor.o
    0x7e003642   0x00000016   Code   RO         4233    i.IsChipCraneLS     bsp_tavor.o
    0x7e003658   0x00000018   Code   RO         4234    i.IsChipCraneLS_A0  bsp_tavor.o
    0x7e003670   0x00000016   Code   RO         4237    i.IsChipCraneM      bsp_tavor.o
    0x7e003686   0x00000002   PAD
    0x7e003688   0x00000050   Code   RO         4911    i.LzmaUncompress    LzmaLib.o
    0x7e0036d8   0x00000120   Code   RO         1319    i.MastI2CReceive    pmic.o
    0x7e0037f8   0x000000d0   Code   RO         1320    i.MastI2CSend       pmic.o
    0x7e0038c8   0x0000000a   Code   RO         4912    i.MyAlloc           LzmaLib.o
    0x7e0038d2   0x00000002   PAD
    0x7e0038d4   0x0000012c   Code   RO         1801    i.NingboClkInit     ningbo.o
    0x7e003a00   0x00000032   Code   RO         1804    i.NingboRead        ningbo.o
    0x7e003a32   0x00000030   Code   RO         1807    i.NingboWrite       ningbo.o
    0x7e003a62   0x00000002   PAD
    0x7e003a64   0x00000094   Code   RO          296    i.OTA_Check_FotaImage  ota.o
    0x7e003af8   0x000001ec   Code   RO          297    i.OTA_Update_FotaImage  ota.o
    0x7e003ce4   0x00000160   Code   RO          298    i.OTA_Update_FotaParam  ota.o
    0x7e003e44   0x0000008c   Code   RO         1321    i.PI2C_READ_REG     pmic.o
    0x7e003ed0   0x00000080   Code   RO         1322    i.PI2C_WRITE_REG    pmic.o
    0x7e003f50   0x0000001a   Code   RO         5353    i.PM812_CLR_POWER_DOWN_LOG  ql_boot_power.o
    0x7e003f6a   0x0000001a   Code   RO         5354    i.PM812_CLR_POWER_DOWN_LOG2  ql_boot_power.o
    0x7e003f84   0x0000007c   Code   RO         1325    i.PM812_FAULT_WU_EN_DISABLE  pmic.o
    0x7e004000   0x00000044   Code   RO         1338    i.PMIC_FAULT_WU_ENABLE  pmic.o
    0x7e004044   0x00000044   Code   RO         1340    i.PMIC_FAULT_WU_EN_ENABLE  pmic.o
    0x7e004088   0x0000002a   Code   RO         1341    i.PMIC_GET_POWER_UP_LOG  pmic.o
    0x7e0040b2   0x00000002   PAD
    0x7e0040b4   0x0000001c   Code   RO         1342    i.PMIC_ID_GET       pmic.o
    0x7e0040d0   0x00000014   Code   RO         1343    i.PMIC_IS_PM802     pmic.o
    0x7e0040e4   0x0000000e   Code   RO         1344    i.PMIC_IS_PM802S    pmic.o
    0x7e0040f2   0x00000012   Code   RO         1345    i.PMIC_IS_PM803     pmic.o
    0x7e004104   0x00000012   Code   RO         1346    i.PMIC_IS_PM803L    pmic.o
    0x7e004116   0x00000012   Code   RO         1347    i.PMIC_IS_PM807     pmic.o
    0x7e004128   0x00000014   Code   RO         1348    i.PMIC_IS_PM812     pmic.o
    0x7e00413c   0x00000018   Code   RO         1349    i.PMIC_IS_PM813     pmic.o
    0x7e004154   0x00000014   Code   RO         1350    i.PMIC_IS_PM813S    pmic.o
    0x7e004168   0x0000004c   Code   RO         1352    i.PMIC_Init         pmic.o
    0x7e0041b4   0x0000003c   Code   RO         1353    i.PMIC_PowerDown    pmic.o
    0x7e0041f0   0x00000008   Code   RO         1355    i.PMIC_READ_REG_BASE  pmic.o
    0x7e0041f8   0x0000009c   Code   RO         1358    i.PMIC_SW_RESET     pmic.o
    0x7e004294   0x00000030   Code   RO         1359    i.PMIC_Set_CP_UART_PowerOff_and_AIB_3_3V  pmic.o
    0x7e0042c4   0x0000000a   Code   RO         1361    i.PMIC_WRITE_REG_BASE  pmic.o
    0x7e0042ce   0x00000006   Code   RO          942    i.PsramPhyFreqChangeTo350  FreqChange.o
    0x7e0042d4   0x00000006   Code   RO          943    i.PsramPhyFreqChangeTo416  FreqChange.o
    0x7e0042da   0x00000002   PAD
    0x7e0042dc   0x0000008c   Code   RO         5587    i.QUEC_SPI_NOR_Init  quec_spi_nor.o
    0x7e004368   0x00000344   Code   RO          378    i.Quec_FlashErase_Optimize  boot_flasherase_check.o
    0x7e0046ac   0x00000012   Code   RO         1367    i.Quec_PMIC_GET_PWEKY_STATUS  pmic.o
    0x7e0046be   0x00000002   PAD
    0x7e0046c0   0x000000c4   Code   RO         5356    i.Quec_pwrkey_check  ql_boot_power.o
    0x7e004784   0x00000038   Code   RO          380    i.ReadFlash         boot_flasherase_check.o
    0x7e0047bc   0x00000044   Code   RO         5703    i.SPINOR_DisableSSP  SPI.o
    0x7e004800   0x000000c0   Code   RO         5704    i.SPINOR_EraseBlock  SPI.o
    0x7e0048c0   0x000000bc   Code   RO         5705    i.SPINOR_EraseByBlock  SPI.o
    0x7e00497c   0x000000bc   Code   RO         5706    i.SPINOR_EraseBySector  SPI.o
    0x7e004a38   0x00000084   Code   RO         5707    i.SPINOR_EraseSector  SPI.o
    0x7e004abc   0x00000016   Code   RO         5708    i.SPINOR_FireUpSSP  SPI.o
    0x7e004ad2   0x00000002   PAD
    0x7e004ad4   0x00000208   Code   RO         5709    i.SPINOR_Page_Program_DMA  SPI.o
    0x7e004cdc   0x0000000e   Code   RO         5711    i.SPINOR_ROW_DELAY  SPI.o
    0x7e004cea   0x00000002   PAD
    0x7e004cec   0x000000b8   Code   RO         5712    i.SPINOR_Read       SPI.o
    0x7e004da4   0x00000078   Code   RO         5713    i.SPINOR_ReadId     SPI.o
    0x7e004e1c   0x000000bc   Code   RO         5714    i.SPINOR_ReadStatus  SPI.o
    0x7e004ed8   0x000002c4   Code   RO         5715    i.SPINOR_Read_DMA   SPI.o
    0x7e00519c   0x0000008c   Code   RO         5717    i.SPINOR_Reset      SPI.o
    0x7e005228   0x00000092   Code   RO         5718    i.SPINOR_SSP_DSS    SPI.o
    0x7e0052ba   0x00000002   PAD
    0x7e0052bc   0x000000c8   Code   RO         5720    i.SPINOR_WaitForWEL  SPI.o
    0x7e005384   0x0000006c   Code   RO         5721    i.SPINOR_WaitSSPComplete  SPI.o
    0x7e0053f0   0x000000ec   Code   RO         5723    i.SPINOR_Write      SPI.o
    0x7e0054dc   0x00000068   Code   RO         5724    i.SPINOR_WriteEnable  SPI.o
    0x7e005544   0x0000002e   Code   RO         5726    i.SPINOR_Write_Read  SPI.o
    0x7e005572   0x00000002   PAD
    0x7e005574   0x0000000c   Code   RO         5727    i.SPINOR_getSSPPort  SPI.o
    0x7e005580   0x000003c0   Code   RO          299    i.System_ota_updater  ota.o
    0x7e005940   0x00000006   Code   RO         4914    i.SzAlloc           LzmaLib.o
    0x7e005946   0x00000006   Code   RO         4915    i.SzFree            LzmaLib.o
    0x7e00594c   0x00000008   Code   RO         1369    i.USTICAI2CReadDi_AUDIO  pmic.o
    0x7e005954   0x00000008   Code   RO         1370    i.USTICAI2CReadDi_GPADC  pmic.o
    0x7e00595c   0x00000008   Code   RO         1371    i.USTICAI2CReadDi_TEST  pmic.o
    0x7e005964   0x00000008   Code   RO         1372    i.USTICAI2CReadDi_base  pmic.o
    0x7e00596c   0x00000008   Code   RO         1373    i.USTICAI2CReadDi_power  pmic.o
    0x7e005974   0x0000000a   Code   RO         1374    i.USTICAI2CWriteDi_AUDIO  pmic.o
    0x7e00597e   0x0000000a   Code   RO         1375    i.USTICAI2CWriteDi_GPADC  pmic.o
    0x7e005988   0x0000000a   Code   RO         1376    i.USTICAI2CWriteDi_TEST  pmic.o
    0x7e005992   0x0000000a   Code   RO         1377    i.USTICAI2CWriteDi_base  pmic.o
    0x7e00599c   0x0000000a   Code   RO         1378    i.USTICAI2CWriteDi_power  pmic.o
    0x7e0059a6   0x00000002   PAD
    0x7e0059a8   0x0000003c   Code   RO          381    i.WriteFlash        boot_flasherase_check.o
    0x7e0059e4   0x00000028   Code   RO         6446    i.__ARM_fpclassify  m_2s.l(fpclassify.o)
    0x7e005a0c   0x00000230   Code   RO         3462    i.__qspi_start_cmd  qspi_host.o
    0x7e005c3c   0x0000000e   Code   RO          640    i.__syscall_get_handler  syscall.o
    0x7e005c4a   0x00000002   PAD
    0x7e005c4c   0x00000048   Code   RO          741    i.__system_property_find  asr_property.o
    0x7e005c94   0x0000000e   Code   RO         6113    i._is_digit         c_2.l(__printf_wp.o)
    0x7e005ca2   0x00000002   PAD
    0x7e005ca4   0x000000ac   Code   RO         1218    i.alloc_block       tinyalloc.o
    0x7e005d50   0x00000074   Code   RO          742    i.asr_property_area_init  asr_property.o
    0x7e005dc4   0x00000004   Code   RO          743    i.asr_property_dump  asr_property.o
    0x7e005dc8   0x00000030   Code   RO          744    i.asr_property_get  asr_property.o
    0x7e005df8   0x00000098   Code   RO          746    i.asr_property_set  asr_property.o
    0x7e005e90   0x000000bc   Code   RO         3168    i.bbu_qspi_init     qspi_core.o
    0x7e005f4c   0x0000005c   Code   RO         1219    i.compact           tinyalloc.o
    0x7e005fa8   0x00000006   Code   RO          459    i.compare_uuids     fip_v2.o
    0x7e005fae   0x00000002   PAD
    0x7e005fb0   0x000000a4   Code   RO          804    i.convert_region_size  system.o
    0x7e006054   0x00000014   Code   RO         3771    i.cp_uart2_putc     uart.o
    0x7e006068   0x0000008c   Code   RO         3772    i.cp_uart_init      uart.o
    0x7e0060f4   0x00000014   Code   RO         3773    i.cp_uart_putc      uart.o
    0x7e006108   0x00000036   Code   RO         3171    i.crane_ext_spi_erase  qspi_core.o
    0x7e00613e   0x00000002   PAD
    0x7e006140   0x00000138   Code   RO         3173    i.crane_ext_spi_pinmux_no_get  qspi_core.o
    0x7e006278   0x0000001a   Code   RO         3174    i.crane_ext_spi_read  qspi_core.o
    0x7e006292   0x0000001a   Code   RO         3175    i.crane_ext_spi_write  qspi_core.o
    0x7e0062ac   0x00000048   Code   RO         3176    i.crane_qspi_erase  qspi_core.o
    0x7e0062f4   0x00000034   Code   RO         3177    i.crane_qspi_read   qspi_core.o
    0x7e006328   0x00000050   Code   RO         3179    i.crane_qspi_write  qspi_core.o
    0x7e006378   0x00000016   Code   RO         5656    i.crane_set_fbp_boot33  qspi_nor_bp.o
    0x7e00638e   0x00000054   Code   RO          805    i.disable_psram_cache  system.o
    0x7e0063e2   0x00000002   PAD
    0x7e0063e4   0x0000003c   Code   RO         3319    i.dma_map_device_to_channel  qspi_dma.o
    0x7e006420   0x00000010   Code   RO         3320    i.dma_read_status   qspi_dma.o
    0x7e006430   0x00000028   Code   RO         3323    i.dma_set_mode      qspi_dma.o
    0x7e006458   0x0000002c   Code   RO         3324    i.dma_set_reg_nf    qspi_dma.o
    0x7e006484   0x00000044   Code   RO         3328    i.dma_xfer_start    qspi_dma.o
    0x7e0064c8   0x0000004c   Code   RO         3329    i.dma_xfer_stop     qspi_dma.o
    0x7e006514   0x00000002   Code   RO         2573    i.dump_loadtable    loadtable.o
    0x7e006516   0x0000001c   Code   RO          806    i.enable_psram_cache  system.o
    0x7e006532   0x00000016   Code   RO          462    i.fip_get_image_info  fip_v2.o
    0x7e006548   0x00000144   Code   RO          463    i.fip_get_image_info_by_uuid  fip_v2.o
    0x7e00668c   0x00000154   Code   RO          465    i.fip_open          fip_v2.o
    0x7e0067e0   0x00000004   Code   RO          466    i.fip_read_data     fip_v2.o
    0x7e0067e4   0x00000032   Code   RO          301    i.fota_mdelay       ota.o
    0x7e006816   0x00000002   PAD
    0x7e006818   0x00000018   Code   RO         2406    i.getPsramFuse      utilities.o
    0x7e006830   0x00000028   Code   RO          561    i.get_auth_param    secboot_v2.o
    0x7e006858   0x00000010   Code   RO         2577    i.get_cp_exec_addr  loadtable.o
    0x7e006868   0x00000010   Code   RO         2590    i.get_dsp_backup_addr  loadtable.o
    0x7e006878   0x00000010   Code   RO         2591    i.get_dsp_backup_end_addr  loadtable.o
    0x7e006888   0x00000010   Code   RO         2592    i.get_dsp_backup_size  loadtable.o
    0x7e006898   0x00000044   Code   RO         2600    i.get_fota_param_end_addr  loadtable.o
    0x7e0068dc   0x00000040   Code   RO         2601    i.get_fota_param_start_addr  loadtable.o
    0x7e00691c   0x00000250   Code   RO         2411    i.get_psram_type_from_asrproperty  utilities.o
    0x7e006b6c   0x0000001c   Code   RO         2610    i.get_reserved_end_address  loadtable.o
    0x7e006b88   0x00000034   Code   RO         2611    i.get_rf_load_addr  loadtable.o
    0x7e006bbc   0x0000000c   Code   RO         2613    i.get_rw_cpz_struct_addr  loadtable.o
    0x7e006bc8   0x00000010   Code   RO         3615    i.get_spi_flash_chip  qspi_nor.o
    0x7e006bd8   0x00000010   Code   RO         2615    i.get_updater_copy_size  loadtable.o
    0x7e006be8   0x00000070   Code   RO         2616    i.get_updater_end_addr  loadtable.o
    0x7e006c58   0x00000094   Code   RO         2617    i.get_updater_start_addr  loadtable.o
    0x7e006cec   0x00000078   Code   RO          303    i.get_updater_vb    ota.o
    0x7e006d64   0x0000002c   Code   RO         2414    i.ifPsramLimit200M  utilities.o
    0x7e006d90   0x00000016   Code   RO         3616    i.ilog2             qspi_nor.o
    0x7e006da6   0x00000002   PAD
    0x7e006da8   0x0000002c   Code   RO         1221    i.insert_block      tinyalloc.o
    0x7e006dd4   0x00000048   Code   RO         2619    i.loadtable_init    loadtable.o
    0x7e006e1c   0x00000004   Code   RO         1222    i.malloc_init       tinyalloc.o
    0x7e006e20   0x00000020   Code   RO         1382    i.mdelay            pmic.o
    0x7e006e40   0x00000070   Code   RO          808    i.mpu_set_by_region_size  system.o
    0x7e006eb0   0x00000084   Code   RO          809    i.mpu_set_region    system.o
    0x7e006f34   0x00000002   Code   RO          810    i.mpu_value_check   system.o
    0x7e006f36   0x00000002   PAD
    0x7e006f38   0x000002a0   Code   RO          304    i.ota_entry         ota.o
    0x7e0071d8   0x00000038   Code   RO         2892    i.ptable_find_entry  ptable.o
    0x7e007210   0x0000001c   Code   RO         2896    i.ptable_init       ptable.o
    0x7e00722c   0x0000013c   Code   RO         5358    i.ql_get_powerup_reason  ql_boot_power.o
    0x7e007368   0x00000054   Code   RO         5404    i.ql_gpio_get_direction  quec_startup_gpio.o
    0x7e0073bc   0x00000054   Code   RO         5405    i.ql_gpio_get_level  quec_startup_gpio.o
    0x7e007410   0x00000184   Code   RO         5407    i.ql_gpio_init      quec_startup_gpio.o
    0x7e007594   0x00000080   Code   RO         5408    i.ql_gpio_set_direction  quec_startup_gpio.o
    0x7e007614   0x00000074   Code   RO         5409    i.ql_gpio_set_level  quec_startup_gpio.o
    0x7e007688   0x00000088   Code   RO         5410    i.ql_gpio_set_pull  quec_startup_gpio.o
    0x7e007710   0x0000004c   Code   RO         3466    i.qspi_clock_change  qspi_host.o
    0x7e00775c   0x00000014   Code   RO         3467    i.qspi_cmd_done_interrupt  qspi_host.o
    0x7e007770   0x00000020   Code   RO         3468    i.qspi_cmd_done_pio  qspi_host.o
    0x7e007790   0x0000011c   Code   RO         3469    i.qspi_config_lookup_tbl  qspi_host.o
    0x7e0078ac   0x00000054   Code   RO         3470    i.qspi_config_mfp   qspi_host.o
    0x7e007900   0x00000018   Code   RO         3471    i.qspi_enable_ahb_preempt  qspi_host.o
    0x7e007918   0x0000002e   Code   RO         3472    i.qspi_enable_xip   qspi_host.o
    0x7e007946   0x00000002   PAD
    0x7e007948   0x00000020   Code   RO         3473    i.qspi_enter_mode   qspi_host.o
    0x7e007968   0x0000006c   Code   RO         3475    i.qspi_fill_tx_buff  qspi_host.o
    0x7e0079d4   0x00000120   Code   RO         3476    i.qspi_host_init    qspi_host.o
    0x7e007af4   0x00000058   Code   RO         3477    i.qspi_init_ahb     qspi_host.o
    0x7e007b4c   0x00000018   Code   RO         3478    i.qspi_memcpy       qspi_host.o
    0x7e007b64   0x00000012   Code   RO         3617    i.qspi_memset       qspi_nor.o
    0x7e007b76   0x00000002   PAD
    0x7e007b78   0x0000014c   Code   RO         5657    i.qspi_nor_find_fbp  qspi_nor_bp.o
    0x7e007cc4   0x000005c4   Code   RO         5658    i.qspi_nor_set_fbp  qspi_nor_bp.o
    0x7e008288   0x000000b4   Code   RO         3479    i.qspi_poll_rx_buff  qspi_host.o
    0x7e00833c   0x00000042   Code   RO         3480    i.qspi_preinit_lookup_tbl  qspi_host.o
    0x7e00837e   0x00000002   PAD
    0x7e008380   0x000000a4   Code   RO         3481    i.qspi_set_func_clk  qspi_host.o
    0x7e008424   0x00000004   Code   RO         3482    i.qspi_start_cmd    qspi_host.o
    0x7e008428   0x0000003c   Code   RO         3483    i.qspi_start_dma_xfer  qspi_host.o
    0x7e008464   0x00000028   Code   RO         3484    i.qspi_wait_cmd_done  qspi_host.o
    0x7e00848c   0x00000020   Code   RO         3485    i.qspi_write_rbct   qspi_host.o
    0x7e0084ac   0x00000020   Code   RO         3486    i.qspi_write_sfar   qspi_host.o
    0x7e0084cc   0x0000001c   Code   RO         5412    i.quec_gpio_set_value  quec_startup_gpio.o
    0x7e0084e8   0x00000064   Code   RO         3184    i.quec_judge_is_factory_erea  qspi_core.o
    0x7e00854c   0x000000bc   Code   RO         5659    i.quec_set_fbp_general  qspi_nor_bp.o
    0x7e008608   0x000000c8   Code   RO         5591    i.quec_spi_init     quec_spi_nor.o
    0x7e0086d0   0x00000024   Code   RO         5592    i.quec_spi_pin_select  quec_spi_nor.o
    0x7e0086f4   0x00000030   Code   RO         5593    i.quec_sspinfo_cfg_convert  quec_spi_nor.o
    0x7e008724   0x00000064   Code   RO         2419    i.readPsramFuse     utilities.o
    0x7e008788   0x0000002a   Code   RO          469    i.read_data_from_memory  fip_v2.o
    0x7e0087b2   0x00000020   Code   RO          811    i.reset_all_mpu_reg  system.o
    0x7e0087d2   0x00000002   PAD
    0x7e0087d4   0x00000104   Code   RO          565    i.secboot_init      secboot_v2.o
    0x7e0088d8   0x00000034   Code   RO          566    i.secboot_is_fuse_enabled  secboot_v2.o
    0x7e00890c   0x000004c0   Code   RO          567    i.secboot_item_check  secboot_v2.o
    0x7e008dcc   0x0000002c   Code   RO          569    i.secboot_read_cert  secboot_v2.o
    0x7e008df8   0x00000024   Code   RO          813    i.set_mpu_reg_arom  system.o
    0x7e008e1c   0x0000001e   Code   RO          814    i.set_mpu_reg_asic_reg  system.o
    0x7e008e3a   0x00000024   Code   RO          815    i.set_mpu_reg_background  system.o
    0x7e008e5e   0x00000002   PAD
    0x7e008e60   0x00000024   Code   RO          816    i.set_mpu_reg_dtcm  system.o
    0x7e008e84   0x0000001e   Code   RO          817    i.set_mpu_reg_flash  system.o
    0x7e008ea2   0x0000001e   Code   RO          818    i.set_mpu_reg_itcm  system.o
    0x7e008ec0   0x00000056   Code   RO          819    i.set_mpu_reg_psram  system.o
    0x7e008f16   0x00000046   Code   RO          820    i.set_mpu_reg_squ   system.o
    0x7e008f5c   0x00000018   Code   RO         3330    i.set_user_aligment  qspi_dma.o
    0x7e008f74   0x00000030   Code   RO          385    i.spi_nor_do_erase  boot_flasherase_check.o
    0x7e008fa4   0x00000028   Code   RO          386    i.spi_nor_do_read   boot_flasherase_check.o
    0x7e008fcc   0x00000028   Code   RO          387    i.spi_nor_do_write  boot_flasherase_check.o
    0x7e008ff4   0x000000ec   Code   RO         3618    i.spi_nor_enable_4byte_mode  qspi_nor.o
    0x7e0090e0   0x000000e8   Code   RO         3619    i.spi_nor_enable_qpi  qspi_nor.o
    0x7e0091c8   0x00000100   Code   RO         3620    i.spi_nor_enable_quad  qspi_nor.o
    0x7e0092c8   0x0000012c   Code   RO         3621    i.spi_nor_erase     qspi_nor.o
    0x7e0093f4   0x00000082   Code   RO         3623    i.spi_nor_erase_block  qspi_nor.o
    0x7e009476   0x0000006e   Code   RO         3624    i.spi_nor_erase_sector  qspi_nor.o
    0x7e0094e4   0x000001dc   Code   RO         3625    i.spi_nor_init      qspi_nor.o
    0x7e0096c0   0x0000007a   Code   RO         3626    i.spi_nor_program_data  qspi_nor.o
    0x7e00973a   0x00000092   Code   RO         3627    i.spi_nor_read      qspi_nor.o
    0x7e0097cc   0x00000034   Code   RO         3628    i.spi_nor_read_id   qspi_nor.o
    0x7e009800   0x00000058   Code   RO         3629    i.spi_nor_read_status  qspi_nor.o
    0x7e009858   0x0000000a   Code   RO         3630    i.spi_nor_read_status1  qspi_nor.o
    0x7e009862   0x00000028   Code   RO         3631    i.spi_nor_read_status2  qspi_nor.o
    0x7e00988a   0x0000002a   Code   RO         3632    i.spi_nor_read_uid  qspi_nor.o
    0x7e0098b4   0x000000a0   Code   RO         3633    i.spi_nor_reset     qspi_nor.o
    0x7e009954   0x00000058   Code   RO         3634    i.spi_nor_set_rd_wr_op  qspi_nor.o
    0x7e0099ac   0x00000024   Code   RO         3635    i.spi_nor_wait      qspi_nor.o
    0x7e0099d0   0x0000010c   Code   RO         3636    i.spi_nor_write     qspi_nor.o
    0x7e009adc   0x0000002c   Code   RO         3637    i.spi_nor_write_enable  qspi_nor.o
    0x7e009b08   0x0000005c   Code   RO         3638    i.spi_nor_write_status1  qspi_nor.o
    0x7e009b64   0x00000058   Code   RO         3639    i.spi_nor_write_status2  qspi_nor.o
    0x7e009bbc   0x00000030   Code   RO         3640    i.spi_nor_write_volatile_status_register_enable  qspi_nor.o
    0x7e009bec   0x00000016   Code   RO         3185    i.spinor_erase_sector  qspi_core.o
    0x7e009c02   0x00000002   PAD
    0x7e009c04   0x00000010   Code   RO          642    i.syscall_get_handler  syscall.o
    0x7e009c14   0x00000018   Code   RO          643    i.syscall_init      syscall.o
    0x7e009c2c   0x0000004c   Code   RO         1223    i.ta_alloc          tinyalloc.o
    0x7e009c78   0x0000003c   Code   RO         1226    i.ta_free           tinyalloc.o
    0x7e009cb4   0x0000003c   Code   RO         1227    i.ta_init           tinyalloc.o
    0x7e009cf0   0x00000004   Code   RO         1231    i.tiny_free         tinyalloc.o
    0x7e009cf4   0x00000004   Code   RO         1232    i.tiny_malloc       tinyalloc.o
    0x7e009cf8   0x0000001e   Code   RO          697    i.tls_init          syscall_secboot.o
    0x7e009d16   0x00000034   Code   RO          698    i.tls_verify_hash_from_io_dev  syscall_secboot.o
    0x7e009d4a   0x00000044   Code   RO          699    i.tls_verify_signature  syscall_secboot.o
    0x7e009d8e   0x00000026   Code   RO          700    i.tls_x509_check_integrity  syscall_secboot.o
    0x7e009db4   0x00000034   Code   RO          701    i.tls_x509_get_auth_param  syscall_secboot.o
    0x7e009de8   0x0000003c   Code   RO         3775    i.uart2_printf      uart.o
    0x7e009e24   0x0000003c   Code   RO         3776    i.uart_printf       uart.o
    0x7e009e60   0x00000020   Code   RO         3487    i.udelay            qspi_host.o
    0x7e009e80   0x00000024   Code   RO          748    i.update_prop_info  asr_property.o
    0x7e009ea4   0x0000000e   Code   RO         1386    i.usticaInit        pmic.o
    0x7e009eb2   0x00000002   PAD
    0x7e009eb4   0x0000004c   Code   RO         1387    i.ustica_I2CConfigureDi  pmic.o
    0x7e009f00   0x00000014   Code   RO         1388    i.ustica_I2CEnableclockandPin  pmic.o
    0x7e009f14   0x0000008c   Code   RO         1390    i.ustica_I2CIntLISRDirect  pmic.o
    0x7e009fa0   0x00000098   Code   RO         1391    i.ustica_I2CMasterReceiveDataDirect  pmic.o
    0x7e00a038   0x00000024   Code   RO         1392    i.ustica_I2CMasterSendDataDirect  pmic.o
    0x7e00a05c   0x00000058   Code   RO         1393    i.ustica_i2cWaitStatusDirect  pmic.o
    0x7e00a0b4   0x00000114   Code   RO         1394    i.ustica_masterSendDirect  pmic.o
    0x7e00a1c8   0x00000018   Code   RO         1395    i.uudelay           pmic.o
    0x7e00a1e0   0x00000034   Code   RO          571    i.verify_hash       secboot_v2.o
    0x7e00a214   0x0000002c   Code   RO         6422    locale$$code        c_2.l(lc_numeric_c.o)
    0x7e00a240   0x0000002c   Code   RO         6451    locale$$code        c_2.l(lc_ctype_c.o)
    0x7e00a26c   0x00000004   Code   RO         6343    x$fpl$printf1       fz_2s.l(printf1.o)
    0x7e00a270   0x00000000   Code   RO         6445    x$fpl$usenofp       fz_2s.l(usenofp.o)
    0x7e00a270   0x0000000c   Code   RO         6292    x$sdivmod           c_2.l(aeabi_sdiv_cr4.o)
    0x7e00a27c   0x00000150   Data   RO          472    .constdata          fip_v2.o
    0x7e00a3cc   0x000000f5   Data   RO          573    .constdata          secboot_v2.o
    0x7e00a4c1   0x00000009   Data   RO         1233    .constdata          tinyalloc.o
    0x7e00a4ca   0x00000136   Data   RO         2620    .constdata          loadtable.o
    0x7e00a600   0x0000002a   Data   RO         3642    .constdata          qspi_nor.o
    0x7e00a62a   0x00000013   Data   RO         5414    .constdata          quec_startup_gpio.o
    0x7e00a63d   0x00000069   Data   RO         5594    .constdata          quec_spi_nor.o
    0x7e00a6a6   0x00000038   Data   RO         5660    .constdata          qspi_nor_bp.o
    0x7e00a6de   0x000000b3   Data   RO         5730    .constdata          SPI.o
    0x7e00a791   0x00000028   Data   RO         6101    .constdata          c_2.l(_printf_hex_int_ll_ptr.o)
    0x7e00a7b9   0x00000011   Data   RO         6121    .constdata          c_2.l(__printf_flags_ss_wp.o)
    0x7e00a7ca   0x00000002   PAD
    0x7e00a7cc   0x00000008   Data   RO         6253    .constdata          c_2.l(_printf_wctomb.o)
    0x7e00a7d4   0x00000094   Data   RO         6397    .constdata          c_2.l(bigflt0.o)
    0x7e00a868   0x000000d9   Data   RO          306    .conststring        ota.o
    0x7e00a941   0x00000003   PAD
    0x7e00a944   0x0000011d   Data   RO          389    .conststring        boot_flasherase_check.o
    0x7e00aa61   0x00000003   PAD
    0x7e00aa64   0x00000156   Data   RO          574    .conststring        secboot_v2.o
    0x7e00abba   0x00000002   PAD
    0x7e00abbc   0x00000018   Data   RO          956    .conststring        FreqChange.o
    0x7e00abd4   0x0000004d   Data   RO         1398    .conststring        pmic.o
    0x7e00ac21   0x00000003   PAD
    0x7e00ac24   0x0000002d   Data   RO         3187    .conststring        qspi_core.o
    0x7e00ac51   0x00000003   PAD
    0x7e00ac54   0x00000077   Data   RO         3643    .conststring        qspi_nor.o
    0x7e00accb   0x00000001   PAD
    0x7e00accc   0x0000001c   Data   RO         6421    locale$$data        c_2.l(lc_numeric_c.o)
    0x7e00ace8   0x00000110   Data   RO         6450    locale$$data        c_2.l(lc_ctype_c.o)


    Execution Region DATA (Base: 0x7e00d000, Size: 0x00016fcc, Max: 0x00017000, ABSOLUTE)

    Base Addr    Size         Type   Attr      Idx    E Section Name        Object

    0x7e00d000   0x00000040   Data   RW           27    .data               main.o
    0x7e00d040   0x00000048   Data   RW          390    .data               boot_flasherase_check.o
    0x7e00d088   0x00000010   Data   RW          575    .data               secboot_v2.o
    0x7e00d098   0x00000004   Data   RW          644    .data               syscall.o
    0x7e00d09c   0x0000000c   Data   RW          749    .data               asr_property.o
    0x7e00d0a8   0x000000a0   Data   RW          957    .data               FreqChange.o
    0x7e00d148   0x0000000c   Data   RW         1234    .data               tinyalloc.o
    0x7e00d154   0x0000000c   Data   RW         1399    .data               pmic.o
    0x7e00d160   0x00000008   Data   RW         2425    .data               utilities.o
    0x7e00d168   0x00000224   Data   RW         2621    .data               loadtable.o
    0x7e00d38c   0x00000004   Data   RW         2899    .data               ptable.o
    0x7e00d390   0x0000002c   Data   RW         3188    .data               qspi_core.o
    0x7e00d3bc   0x00000004   Data   RW         3331    .data               qspi_dma.o
    0x7e00d3c0   0x000003ce   Data   RW         3644    .data               qspi_nor.o
    0x7e00d78e   0x00000002   PAD
    0x7e00d790   0x00000010   Data   RW         4244    .data               bsp_tavor.o
    0x7e00d7a0   0x0000000c   Data   RW         4917    .data               LzmaLib.o
    0x7e00d7ac   0x00000003   Data   RW         5359    .data               ql_boot_power.o
    0x7e00d7af   0x00000001   PAD
    0x7e00d7b0   0x00000010   Data   RW         5415    .data               quec_startup_gpio.o
    0x7e00d7c0   0x00000017   Data   RW         5595    .data               quec_spi_nor.o
    0x7e00d7d7   0x00000001   PAD
    0x7e00d7d8   0x0000025c   Data   RW         5661    .data               qspi_nor_bp.o
    0x7e00da34   0x00000028   Data   RW         5731    .data               SPI.o
    0x7e00da5c   0x00000004   Data   RW         6335    .data               c_2.l(heapauxa.o)
    0x7e00da60   0x0000008c   Zero   RW           23    .bss                main.o
    0x7e00daec   0x00012000   Zero   RW           24    .bss                main.o
    0x7e01faec   0x00000300   Zero   RW          305    .bss                ota.o
    0x7e01fdec   0x00004000   Zero   RW          572    .bss                secboot_v2.o
    0x7e023dec   0x00000050   Zero   RW         1396    .bss                pmic.o
    0x7e023e3c   0x0000003c   Zero   RW         3488    .bss                qspi_host.o
    0x7e023e78   0x00000058   Zero   RW         3641    .bss                qspi_nor.o
    0x7e023ed0   0x000000e4   Zero   RW         5729    .bss                SPI.o
    0x7e023fb4   0x00000004   Zero   RW         6206    .bss                c_2.l(rt_heap_descriptor.o)
    0x7e023fb8   0x00000014   Zero   RW         6386    .bss                c_2.l(rt_locale.o)


    Execution Region SEC_KEY_BUF (Base: 0x7e023fcc, Size: 0x00000000, Max: 0x00000400, ABSOLUTE)

    **** No section assigned to this execution region ****


    Execution Region DTCM (Base: 0xb0021c00, Size: 0x00005000, Max: 0x0000e400, ABSOLUTE)

    Base Addr    Size         Type   Attr      Idx    E Section Name        Object

    0xb0021c00   0x00005000   Zero   RW         5997    STACK               OBM_StartUp.o


    Execution Region IMG_END (Base: 0xb0026c00, Size: 0x00000004, Max: 0x00000004, ABSOLUTE)

    Base Addr    Size         Type   Attr      Idx    E Section Name        Object

    0xb0026c00   0x00000004   Zero   RW            1    IMG_END.bss         anon$$obj.o


==============================================================================

Image component sizes


      Code (inc. data)   RO Data    RW Data    ZI Data      Debug   Object Name

       160         56         24        160          0       6343   FreqChange.o
      4430          4         24          0          0      17235   LzmaDec.o
       102          6          0         12          0       3114   LzmaLib.o
       700         48          0          0      20480        572   OBM_StartUp.o
      4156       1180        179         40        228      29072   SPI.o
        92         40          0          0          0        556   asr_lzma.o
       428         36          0         12          0       4607   asr_property.o
      1208        542        285         72          0       8684   boot_flasherase_check.o
       262         30          0         16          0       7579   bsp_tavor.o
       738        254        336          0          0      14366   fip_v2.o
       260          0          0          0          0       1691   guilin.o
       204          0          0          0          0       3196   guilin_lite.o
       638        284        310        548          0      14142   loadtable.o
      2420        828        226         64      73868     132267   main.o
       398         40          0          0          0       1751   ningbo.o
      2814       1116        217          0        768      11183   ota.o
      2666        550         77         12         80      98664   pmic.o
        84         12          0          4          0       1794   ptable.o
       564        118          0          3          0       3919   ql_boot_power.o
       932        228         45         44          0      16522   qspi_core.o
       328        100          0          4          0      12329   qspi_dma.o
      2276        146          0          0         60      19486   qspi_host.o
      3120        568        161        974         88      19091   qspi_nor.o
      2018        866         56        604          0       6181   qspi_nor_bp.o
       424        176        105         23          0       8725   quec_spi_nor.o
      1984        388         19         16          0      14090   quec_startup_gpio.o
      1664        792        587         16      16384       9247   secboot_v2.o
        54         10          0          4          0       3523   syscall.o
       240          0          0          0          0       5385   syscall_secboot.o
       988        242          0          0          0      13393   system.o
       516         72          9         12          0       6476   tinyalloc.o
       300         38          0          0          0       2951   uart.o
       760        296          0          8          0       8075   utilities.o
         0          0        128          0          0        772   version_block.o

    ----------------------------------------------------------------------
     38036       9078       2805       2652     111960     506981   Object Totals
        52         12          0          0          4          0   (incl. Generated)
        56          0         17          4          0          0   (incl. Padding)

    ----------------------------------------------------------------------

      Code (inc. data)   RO Data    RW Data    ZI Data      Debug   Library Member Name

        44          6          0          0          0         84   __2sprintf.o
       392          4         17          0          0         92   __printf_flags_ss_wp.o
        14          0          0          0          0         68   __printf_wp.o
         6          0          0          0          0          0   _printf_a.o
         6          0          0          0          0          0   _printf_c.o
        44          0          0          0          0        108   _printf_char.o
        48          6          0          0          0         96   _printf_char_common.o
        40          0          0          0          0         68   _printf_charcount.o
         6          0          0          0          0          0   _printf_d.o
       112         16          0          0          0         92   _printf_dec.o
         6          0          0          0          0          0   _printf_e.o
         6          0          0          0          0          0   _printf_f.o
      1038          0          0          0          0        216   _printf_fp_dec.o
       128         16          0          0          0         84   _printf_fp_infnan.o
         6          0          0          0          0          0   _printf_g.o
       148          4         40          0          0        160   _printf_hex_int_ll_ptr.o
         6          0          0          0          0          0   _printf_i.o
       178          0          0          0          0         88   _printf_intcommon.o
        10          0          0          0          0          0   _printf_l.o
         6          0          0          0          0          0   _printf_lc.o
        10          0          0          0          0          0   _printf_ll.o
         6          0          0          0          0          0   _printf_lld.o
         6          0          0          0          0          0   _printf_lli.o
         6          0          0          0          0          0   _printf_llo.o
         6          0          0          0          0          0   _printf_llu.o
         6          0          0          0          0          0   _printf_llx.o
       124         16          0          0          0         92   _printf_longlong_dec.o
         6          0          0          0          0          0   _printf_ls.o
         6          0          0          0          0          0   _printf_n.o
         6          0          0          0          0          0   _printf_o.o
       112          8          0          0          0        124   _printf_oct_int_ll.o
         6          0          0          0          0          0   _printf_p.o
        78          0          0          0          0        108   _printf_pad.o
         0          0          0          0          0          0   _printf_percent.o
         4          0          0          0          0          0   _printf_percent_end.o
         6          0          0          0          0          0   _printf_s.o
        82          0          0          0          0         80   _printf_str.o
        36          0          0          0          0         84   _printf_truncate.o
         6          0          0          0          0          0   _printf_u.o
        44          0          0          0          0        108   _printf_wchar.o
       188          6          8          0          0         92   _printf_wctomb.o
         6          0          0          0          0          0   _printf_x.o
        16          0          0          0          0         68   _snputc.o
        10          0          0          0          0         68   _sputc.o
        64          0          0          0          0         92   _wcrtomb.o
        12          0          0          0          0         68   aeabi_sdiv_cr4.o
       216          6        148          0          0         96   bigflt0.o
      1910        128          0          0          0        672   btod.o
        52          4          0          0          0         80   c89vsnprintf.o
        40          0          0          0          0         80   calloc.o
        10          0          0          0          0         68   defsig_exit.o
        50          0          0          0          0         88   defsig_general.o
        80         58          0          0          0         76   defsig_rtmem_inner.o
        14          0          0          0          0         80   defsig_rtmem_outer.o
        94          0          0          0          0         80   h1_alloc.o
        48          0          0          0          0         68   h1_extend.o
        78          0          0          0          0         80   h1_free.o
        14          0          0          0          0         84   h1_init.o
        80          6          0          4          0         96   heapauxa.o
         4          0          0          0          0        136   hguard.o
         0          0          0          0          0          0   indicate_semi.o
       136          0          0          0          0        168   init_alloc.o
        44         10        272          0          0         76   lc_ctype_c.o
        44         10         28          0          0         76   lc_numeric_c.o
         0          0          0          0          0          0   libinit2.o
       152          0          0          0          0         80   lludiv10.o
         0          0          0          0          0          0   maybetermalloc1.o
        88          0          0          0          0         76   memcmp.o
        16          4          0          0          0         76   rt_ctype_table.o
         8          4          0          0          4         68   rt_heap_descriptor.o
         8          4          0          0         20         68   rt_locale.o
        68          0          0          0          0         68   rt_memclr.o
        78          0          0          0          0         80   rt_memclr_w.o
       212          0          0          0          0         68   rt_memcpy.o
       100          0          0          0          0         80   rt_memcpy_w.o
       212          0          0          0          0         68   rt_memmove.o
       128          0          0          0          0         80   rt_memmove_w.o
        44          0          0          0          0         68   rtudiv10.o
       244          4          0          0          0         80   strcmp.o
        58          0          0          0          0         68   strlen.o
       240          4          0          0          0         80   strncmp.o
        36          0          0          0          0         80   strstr.o
        12          4          0          0          0         68   sys_exit.o
        14          0          0          0          0         76   sys_wrch.o
        22          0          0          0          0         68   uread4.o
         2          0          0          0          0         68   use_no_semi.o
         4          0          0          0          0         68   printf1.o
         0          0          0          0          0          0   usenofp.o
        40          0          0          0          0         68   fpclassify.o

    ----------------------------------------------------------------------
      7812        328        515          4         24       5848   Library Totals
        16          0          2          0          0          0   (incl. Padding)

    ----------------------------------------------------------------------

      Code (inc. data)   RO Data    RW Data    ZI Data      Debug   Library Name

      7752        328        513          4         24       5712   c_2.l
         4          0          0          0          0         68   fz_2s.l
        40          0          0          0          0         68   m_2s.l

    ----------------------------------------------------------------------
      7812        328        515          4         24       5848   Library Totals

    ----------------------------------------------------------------------

==============================================================================


      Code (inc. data)   RO Data    RW Data    ZI Data      Debug   

     45848       9406       3320       2656     111984     493641   Grand Totals
     45848       9406       3320       2656     111984     493641   ELF Image Totals
     45848       9406       3320       2656          0          0   ROM Totals

==============================================================================

    Total RO  Size (Code + RO Data)                49168 (  48.02kB)
    Total RW  Size (RW Data + ZI Data)            114640 ( 111.95kB)
    Total ROM Size (Code + RO Data + RW Data)      51824 (  50.61kB)

==============================================================================

