Archive member included to satisfy reference by file (symbol)

/home/ol/workspace/1603/preboot_1603/boards/cortexr-arom-crane/libarom/libarom.a(dbg.o)
                              /home/ol/workspace/1603/preboot_1603/apps/preboot/bin/cortexr-arom-crane/newlib_syscalls_default/syscalls.o (dbg_send_bytes)
/home/ol/workspace/1603/preboot_1603/boards/cortexr-arom-crane/libarom/libarom.a(syscall.o)
                              /home/ol/workspace/1603/preboot_1603/boards/cortexr-arom-crane/libarom/libarom.a(dbg.o) (syscall_get_handler)
/home/ol/workspace/1603/preboot_1603/boards/cortexr-arom-crane/libarom/libarom.a(aboot_cmd.o)
                              /home/ol/workspace/1603/preboot_1603/boards/cortexr-arom-crane/libarom/libarom.a(syscall.o) (aboot_sys_getversion)
/home/ol/workspace/1603/preboot_1603/boards/cortexr-arom-crane/libarom/libarom.a(fastboot.o)
                              /home/ol/workspace/1603/preboot_1603/boards/cortexr-arom-crane/libarom/libarom.a(aboot_cmd.o) (fastboot_okay)
/home/ol/workspace/1603/preboot_1603/boards/cortexr-arom-crane/libarom/libarom.a(heapmem.o)
                              /home/ol/workspace/1603/preboot_1603/boards/cortexr-arom-crane/libarom/libarom.a(aboot_cmd.o) (heapmem_alloc)
/home/ol/workspace/1603/preboot_1603/boards/cortexr-arom-crane/libarom/libarom.a(log.o)
                              /home/ol/workspace/1603/preboot_1603/boards/cortexr-arom-crane/libarom/libarom.a(aboot_cmd.o) (curr_log_level_main)
/home/ol/workspace/1603/preboot_1603/apps/preboot/bin/cortexr-arom-crane/cpu.a(startup.o)
                              (_start)
/home/ol/workspace/1603/preboot_1603/apps/preboot/bin/cortexr-arom-crane/dbg-io.a(printf.o)
                              /home/ol/workspace/1603/preboot_1603/boards/cortexr-arom-crane/libarom/libarom.a(aboot_cmd.o) (printf)
/home/ol/workspace/1603/preboot_1603/apps/preboot/bin/cortexr-arom-crane/dbg-io.a(snprintf.o)
                              /home/ol/workspace/1603/preboot_1603/boards/cortexr-arom-crane/libarom/libarom.a(aboot_cmd.o) (snprintf)
/home/ol/workspace/1603/preboot_1603/apps/preboot/bin/cortexr-arom-crane/dbg-io.a(strformat.o)
                              /home/ol/workspace/1603/preboot_1603/apps/preboot/bin/cortexr-arom-crane/dbg-io.a(printf.o) (format_str_v)
/home/ol/workspace/1603/preboot_1603/apps/preboot/bin/cortexr-arom-crane/application_preboot.a(main.o)
                              /home/ol/workspace/1603/preboot_1603/apps/preboot/bin/cortexr-arom-crane/cpu.a(startup.o) (main)
/home/ol/workspace/1603/preboot_1603/apps/preboot/bin/cortexr-arom-crane/core.a(cinit.o)
                              /home/ol/workspace/1603/preboot_1603/apps/preboot/bin/cortexr-arom-crane/cpu.a(startup.o) (cinit_clear_bss)
/home/ol/workspace/1603/preboot_1603/apps/preboot/bin/cortexr-arom-crane/cpu.a(freq.o)
                              /home/ol/workspace/1603/preboot_1603/apps/preboot/bin/cortexr-arom-crane/application_preboot.a(main.o) (cr5_axi_set_max_freq)
/home/ol/workspace/1603/preboot_1603/apps/preboot/bin/cortexr-arom-crane/cpu.a(pmic.o)
                              /home/ol/workspace/1603/preboot_1603/apps/preboot/bin/cortexr-arom-crane/application_preboot.a(main.o) (pmic_powerup_get_reason)
/home/ol/workspace/1603/preboot_1603/apps/preboot/bin/cortexr-arom-crane/property.a(property.o)
                              /home/ol/workspace/1603/preboot_1603/apps/preboot/bin/cortexr-arom-crane/application_preboot.a(main.o) (asr_property_area_init)
/home/ol/workspace/1603/preboot_1603/apps/preboot/bin/cortexr-arom-crane/psram.a(efuse.o)
                              /home/ol/workspace/1603/preboot_1603/apps/preboot/bin/cortexr-arom-crane/application_preboot.a(main.o) (fuse_read_lotid)
/home/ol/workspace/1603/preboot_1603/apps/preboot/bin/cortexr-arom-crane/psram.a(psram.o)
                              /home/ol/workspace/1603/preboot_1603/apps/preboot/bin/cortexr-arom-crane/application_preboot.a(main.o) (psram_init)
/home/ol/workspace/1603/preboot_1603/apps/preboot/bin/cortexr-arom-crane/psram.a(psram_fpga.o)
                              /home/ol/workspace/1603/preboot_1603/apps/preboot/bin/cortexr-arom-crane/psram.a(psram.o) (psram_init_fpga)
/home/ol/workspace/1603/preboot_1603/apps/preboot/bin/cortexr-arom-crane/psram.a(psram_craneg_a0.o)
                              /home/ol/workspace/1603/preboot_1603/apps/preboot/bin/cortexr-arom-crane/psram.a(psram.o) (psram_init_craneg_a0)
/home/ol/workspace/1603/preboot_1603/apps/preboot/bin/cortexr-arom-crane/psram.a(psram_crane_a0.o)
                              /home/ol/workspace/1603/preboot_1603/apps/preboot/bin/cortexr-arom-crane/psram.a(psram.o) (psram_init_crane_a0)
/home/ol/workspace/1603/preboot_1603/apps/preboot/bin/cortexr-arom-crane/psram.a(psram_init_uhs_crg.o)
                              /home/ol/workspace/1603/preboot_1603/apps/preboot/bin/cortexr-arom-crane/psram.a(psram_craneg_a0.o) (psram_init_uhs_crg)
[...]
Memory Configuration

Name             Origin             Length             Attributes
*default*        0x0000000000000000 0xffffffffffffffff

Linker script and memory map

LOAD /home/ol/workspace/1603/preboot_1603/apps/preboot/bin/cortexr-arom-crane/newlib_syscalls_default/syscalls.o
START GROUP
LOAD /home/ol/workspace/1603/preboot_1603/boards/cortexr-arom-crane/libarom/libarom.a
LOAD /home/ol/workspace/1603/preboot_1603/apps/preboot/bin/cortexr-arom-crane/application_preboot.a
LOAD /home/ol/workspace/1603/preboot_1603/apps/preboot/bin/cortexr-arom-crane/board.a
LOAD /home/ol/workspace/1603/preboot_1603/apps/preboot/bin/cortexr-arom-crane/core.a
LOAD /home/ol/workspace/1603/preboot_1603/apps/preboot/bin/cortexr-arom-crane/cpu.a
LOAD /home/ol/workspace/1603/preboot_1603/apps/preboot/bin/cortexr-arom-crane/dbg-io.a
LOAD /home/ol/workspace/1603/preboot_1603/apps/preboot/bin/cortexr-arom-crane/log.a
LOAD /home/ol/workspace/1603/preboot_1603/apps/preboot/bin/cortexr-arom-crane/newlib_syscalls_default.a
LOAD /home/ol/workspace/1603/preboot_1603/apps/preboot/bin/cortexr-arom-crane/property.a
LOAD /home/ol/workspace/1603/preboot_1603/apps/preboot/bin/cortexr-arom-crane/psram.a
LOAD /home/ol/workspace/1603/preboot_1603/apps/preboot/bin/cortexr-arom-crane/sys.a
LOAD /home/ol/Downloads/gcc-arm-none-eabi-9-2019-q4-major/bin/../lib/gcc/arm-none-eabi/9.2.1/../../../../arm-none-eabi/lib/thumb/v7/nofp/libm.a
END GROUP
LOAD /home/ol/Downloads/gcc-arm-none-eabi-9-2019-q4-major/bin/../lib/gcc/arm-none-eabi/9.2.1/thumb/v7/nofp/libgcc.a
LOAD /home/ol/Downloads/gcc-arm-none-eabi-9-2019-q4-major/bin/../lib/gcc/arm-none-eabi/9.2.1/../../../../arm-none-eabi/lib/thumb/v7/nofp/libc_nano.a
LOAD /home/ol/Downloads/gcc-arm-none-eabi-9-2019-q4-major/bin/../lib/gcc/arm-none-eabi/9.2.1/../../../../arm-none-eabi/lib/thumb/v7/nofp/libnosys.a
START GROUP
LOAD /home/ol/Downloads/gcc-arm-none-eabi-9-2019-q4-major/bin/../lib/gcc/arm-none-eabi/9.2.1/thumb/v7/nofp/libgcc.a
LOAD /home/ol/Downloads/gcc-arm-none-eabi-9-2019-q4-major/bin/../lib/gcc/arm-none-eabi/9.2.1/../../../../arm-none-eabi/lib/thumb/v7/nofp/libg_nano.a
LOAD /home/ol/Downloads/gcc-arm-none-eabi-9-2019-q4-major/bin/../lib/gcc/arm-none-eabi/9.2.1/../../../../arm-none-eabi/lib/thumb/v7/nofp/libc_nano.a
END GROUP
START GROUP
LOAD /home/ol/Downloads/gcc-arm-none-eabi-9-2019-q4-major/bin/../lib/gcc/arm-none-eabi/9.2.1/thumb/v7/nofp/libgcc.a
LOAD /home/ol/Downloads/gcc-arm-none-eabi-9-2019-q4-major/bin/../lib/gcc/arm-none-eabi/9.2.1/../../../../arm-none-eabi/lib/thumb/v7/nofp/libc_nano.a
END GROUP
                0x0000000000000c00                __min_heap_size = 0xc00
                0x0000000000000000                __stack_size = 0x0
                0x0000000000001000                __btcm_user_offset = 0x1000
                0x0000000000000080                PROVIDE (__scratch_start = 0x80)
                [!provide]                        PROVIDE (__scratch_end = 0x10000)
                0x00000000b0020000                PROVIDE (__scratch2_start = 0xb0020000)
                0x00000000b0028000                PROVIDE (__scratch2_end = 0xb0028000)
                [!provide]                        PROVIDE (__scratch3_start = 0x7e000000)
                [!provide]                        PROVIDE (__scratch3_end = 0x7e700000)
                0x00000000d100e508                __arom_patch_start = 0xd100e508
                0x00000000d1010000                __arom_patch_end = 0xd1010000
                0x00000000b0021000                __btcm_user_start = (__scratch2_start + __btcm_user_offset)
                0x00000000b0028000                __btcm_user_end = __scratch2_end
                0x0000000000000080                . = __scratch_start

.text           0x0000000000000080     0x5808
                0x0000000000000080                __code_start = .
 *(.text.boot)
 .text.boot     0x0000000000000080       0x28 /home/ol/workspace/1603/preboot_1603/apps/preboot/bin/cortexr-arom-crane/cpu.a(startup.o)
                0x0000000000000080                _start
 *(.text)
 .text          0x00000000000000a8       0x30 /home/ol/Downloads/gcc-arm-none-eabi-9-2019-q4-major/bin/../lib/gcc/arm-none-eabi/9.2.1/thumb/v7/nofp/libgcc.a(_aeabi_uldivmod.o)
                0x00000000000000a8                __aeabi_uldivmod
 .text          0x00000000000000d8      0x11c /home/ol/Downloads/gcc-arm-none-eabi-9-2019-q4-major/bin/../lib/gcc/arm-none-eabi/9.2.1/thumb/v7/nofp/libgcc.a(_udivmoddi4.o)
                0x00000000000000d8                __udivmoddi4
 .text          0x00000000000001f4        0x4 /home/ol/Downloads/gcc-arm-none-eabi-9-2019-q4-major/bin/../lib/gcc/arm-none-eabi/9.2.1/thumb/v7/nofp/libgcc.a(_dvmd_tls.o)
                0x00000000000001f4                __aeabi_ldiv0
                0x00000000000001f4                __aeabi_idiv0
 .text          0x00000000000001f8       0x14 /home/ol/Downloads/gcc-arm-none-eabi-9-2019-q4-major/bin/../lib/gcc/arm-none-eabi/9.2.1/../../../../arm-none-eabi/lib/thumb/v7/nofp/libc_nano.a(lib_a-strcmp.o)
                0x00000000000001f8                strcmp
 .text          0x000000000000020c       0x10 /home/ol/Downloads/gcc-arm-none-eabi-9-2019-q4-major/bin/../lib/gcc/arm-none-eabi/9.2.1/../../../../arm-none-eabi/lib/thumb/v7/nofp/libc_nano.a(lib_a-strlen.o)
                0x000000000000020c                strlen
 *(SORT_BY_NAME(.text.*))
 .text.Quec_PMIC_GET_PWEKY_STATUS
                0x000000000000021c       0x1a /home/ol/workspace/1603/preboot_1603/apps/preboot/bin/cortexr-arom-crane/cpu.a(pmic.o)
                0x000000000000021c                Quec_PMIC_GET_PWEKY_STATUS
 *fill*         0x0000000000000236        0x2 
 .text.Quec_PowerOnCheck
                0x0000000000000238       0x70 /home/ol/workspace/1603/preboot_1603/apps/preboot/bin/cortexr-arom-crane/cpu.a(pmic.o)
                0x0000000000000238                Quec_PowerOnCheck
 .text.__malloc_lock
                0x00000000000002a8        0xc /home/ol/Downloads/gcc-arm-none-eabi-9-2019-q4-major/bin/../lib/gcc/arm-none-eabi/9.2.1/../../../../arm-none-eabi/lib/thumb/v7/nofp/libc_nano.a(lib_a-mlock.o)
                0x00000000000002a8                __malloc_lock
 .text.__malloc_unlock
                0x00000000000002b4        0xc /home/ol/Downloads/gcc-arm-none-eabi-9-2019-q4-major/bin/../lib/gcc/arm-none-eabi/9.2.1/../../../../arm-none-eabi/lib/thumb/v7/nofp/libc_nano.a(lib_a-mlock.o)
                0x00000000000002b4                __malloc_unlock
 .text.__retarget_lock_acquire_recursive
                0x00000000000002c0        0x2 /home/ol/Downloads/gcc-arm-none-eabi-9-2019-q4-major/bin/../lib/gcc/arm-none-eabi/9.2.1/../../../../arm-none-eabi/lib/thumb/v7/nofp/libc_nano.a(lib_a-lock.o)
                0x00000000000002c0                __retarget_lock_acquire_recursive
 .text.__retarget_lock_release_recursive
                0x00000000000002c2        0x2 /home/ol/Downloads/gcc-arm-none-eabi-9-2019-q4-major/bin/../lib/gcc/arm-none-eabi/9.2.1/../../../../arm-none-eabi/lib/thumb/v7/nofp/libc_nano.a(lib_a-lock.o)
                0x00000000000002c2                __retarget_lock_release_recursive
 .text.__system_property_find
                0x00000000000002c4       0x4c /home/ol/workspace/1603/preboot_1603/apps/preboot/bin/cortexr-arom-crane/property.a(property.o)
 .text._free_r  0x0000000000000310       0x98 /home/ol/Downloads/gcc-arm-none-eabi-9-2019-q4-major/bin/../lib/gcc/arm-none-eabi/9.2.1/../../../../arm-none-eabi/lib/thumb/v7/nofp/libc_nano.a(lib_a-nano-freer.o)
                0x0000000000000310                _free_r
 .text._i2c_pio_xfer
                0x00000000000003a8      0x1f4 /home/ol/workspace/1603/preboot_1603/boards/cortexr-arom-crane/libarom/libarom.a(i2c.o)
 .text._i2c_reset
                0x000000000000059c       0x58 /home/ol/workspace/1603/preboot_1603/boards/cortexr-arom-crane/libarom/libarom.a(i2c.o)
 .text._i2c_start_message
                0x00000000000005f4       0x28 /home/ol/workspace/1603/preboot_1603/boards/cortexr-arom-crane/libarom/libarom.a(i2c.o)
 .text._malloc_r
                0x000000000000061c       0xb4 /home/ol/Downloads/gcc-arm-none-eabi-9-2019-q4-major/bin/../lib/gcc/arm-none-eabi/9.2.1/../../../../arm-none-eabi/lib/thumb/v7/nofp/libc_nano.a(lib_a-nano-mallocr.o)
                0x000000000000061c                _malloc_r
 .text._memalign_r
                0x00000000000006d0       0x8e /home/ol/Downloads/gcc-arm-none-eabi-9-2019-q4-major/bin/../lib/gcc/arm-none-eabi/9.2.1/../../../../arm-none-eabi/lib/thumb/v7/nofp/libc_nano.a(lib_a-nano-malignr.o)
                0x00000000000006d0                _memalign_r
 *fill*         0x000000000000075e        0x2 
 .text._sbrk_r  0x0000000000000760       0x30 /home/ol/workspace/1603/preboot_1603/apps/preboot/bin/cortexr-arom-crane/newlib_syscalls_default/syscalls.o
                0x0000000000000760                _sbrk_r
 .text.aboot_sys_getversion
                0x0000000000000790       0x12 /home/ol/workspace/1603/preboot_1603/boards/cortexr-arom-crane/libarom/libarom.a(aboot_cmd.o)
                0x0000000000000790                aboot_sys_getversion
 .text.arom_getversion
                0x00000000000007a2        0xe /home/ol/workspace/1603/preboot_1603/boards/cortexr-arom-crane/libarom/libarom.a(syscall.o)
                0x00000000000007a2                arom_getversion
 .text.asr_property_area_init
                0x00000000000007b0       0x7c /home/ol/workspace/1603/preboot_1603/apps/preboot/bin/cortexr-arom-crane/property.a(property.o)
                0x00000000000007b0                asr_property_area_init
 .text.asr_property_set
                0x000000000000082c       0xcc /home/ol/workspace/1603/preboot_1603/apps/preboot/bin/cortexr-arom-crane/property.a(property.o)
                0x000000000000082c                asr_property_set
 .text.axi_freq_change
                0x00000000000008f8       0x5c /home/ol/workspace/1603/preboot_1603/apps/preboot/bin/cortexr-arom-crane/cpu.a(freq.o)
                0x00000000000008f8                axi_freq_change
 .text.cinit_call_constructors
                0x0000000000000954       0x1c /home/ol/workspace/1603/preboot_1603/apps/preboot/bin/cortexr-arom-crane/core.a(cinit.o)
                0x0000000000000954                cinit_call_constructors
 .text.cinit_clear_bss
                0x0000000000000970       0x1c /home/ol/workspace/1603/preboot_1603/apps/preboot/bin/cortexr-arom-crane/core.a(cinit.o)
                0x0000000000000970                cinit_clear_bss
 .text.cinit_copy_patch
                0x000000000000098c       0x34 /home/ol/workspace/1603/preboot_1603/apps/preboot/bin/cortexr-arom-crane/core.a(cinit.o)
                0x000000000000098c                cinit_copy_patch
 .text.clock_wait_ms
                0x00000000000009c0       0x18 /home/ol/workspace/1603/preboot_1603/boards/cortexr-arom-crane/libarom/libarom.a(clock.o)
                0x00000000000009c0                clock_wait_ms
 .text.cr5_axi_set_max_freq
                0x00000000000009d8       0x84 /home/ol/workspace/1603/preboot_1603/apps/preboot/bin/cortexr-arom-crane/cpu.a(freq.o)
                0x00000000000009d8                cr5_axi_set_max_freq
 .text.cr5_freq_change
                0x0000000000000a5c       0x70 /home/ol/workspace/1603/preboot_1603/apps/preboot/bin/cortexr-arom-crane/cpu.a(freq.o)
                0x0000000000000a5c                cr5_freq_change
 .text.dbg_send_bytes
                0x0000000000000acc       0x1c /home/ol/workspace/1603/preboot_1603/boards/cortexr-arom-crane/libarom/libarom.a(dbg.o)
                0x0000000000000acc                dbg_send_bytes
 .text.efuse_psram
                0x0000000000000ae8       0x34 /home/ol/workspace/1603/preboot_1603/apps/preboot/bin/cortexr-arom-crane/psram.a(efuse.o)
                0x0000000000000ae8                efuse_psram
 .text.fill_space
                0x0000000000000b1c       0x34 /home/ol/workspace/1603/preboot_1603/apps/preboot/bin/cortexr-arom-crane/dbg-io.a(strformat.o)
 .text.format_str_v
                0x0000000000000b50      0x760 /home/ol/workspace/1603/preboot_1603/apps/preboot/bin/cortexr-arom-crane/dbg-io.a(strformat.o)
                0x0000000000000b50                format_str_v
 .text.free     0x00000000000012b0       0x10 /home/ol/Downloads/gcc-arm-none-eabi-9-2019-q4-major/bin/../lib/gcc/arm-none-eabi/9.2.1/../../../../arm-none-eabi/lib/thumb/v7/nofp/libc_nano.a(lib_a-malloc.o)
                0x00000000000012b0                free
 .text.fuse_read_bank3
                0x00000000000012c0       0x34 /home/ol/workspace/1603/preboot_1603/apps/preboot/bin/cortexr-arom-crane/psram.a(efuse.o)
                0x00000000000012c0                fuse_read_bank3
 .text.fuse_read_embed_flash
                0x00000000000012f4       0x7c /home/ol/workspace/1603/preboot_1603/apps/preboot/bin/cortexr-arom-crane/psram.a(efuse.o)
                0x00000000000012f4                fuse_read_embed_flash
 .text.fuse_read_lotid
                0x0000000000001370      0x148 /home/ol/workspace/1603/preboot_1603/apps/preboot/bin/cortexr-arom-crane/psram.a(efuse.o)
                0x0000000000001370                fuse_read_lotid
 .text.fuse_trust_boot_enabled
                0x00000000000014b8       0x10 /home/ol/workspace/1603/preboot_1603/apps/preboot/bin/cortexr-arom-crane/psram.a(efuse.o)
                0x00000000000014b8                fuse_trust_boot_enabled
 .text.get_curr_freq
                0x00000000000014c8       0xa8 /home/ol/workspace/1603/preboot_1603/apps/preboot/bin/cortexr-arom-crane/cpu.a(freq.o)
                0x00000000000014c8                get_curr_freq
 .text.get_i2c_master
                0x0000000000001570       0x44 /home/ol/workspace/1603/preboot_1603/boards/cortexr-arom-crane/libarom/libarom.a(i2c.o)
 .text.gpio_clear
                0x00000000000015b4       0x18 /home/ol/workspace/1603/preboot_1603/boards/cortexr-arom-crane/libarom/libarom.a(gpio.o)
                0x00000000000015b4                gpio_clear
 .text.gpio_init
                0x00000000000015cc       0x1c /home/ol/workspace/1603/preboot_1603/boards/cortexr-arom-crane/libarom/libarom.a(gpio.o)
                0x00000000000015cc                gpio_init
 .text.heapmem_alloc
                0x00000000000015e8        0x8 /home/ol/workspace/1603/preboot_1603/boards/cortexr-arom-crane/libarom/libarom.a(heapmem.o)
                0x00000000000015e8                heapmem_alloc
 .text.heapmem_free
                0x00000000000015f0        0x4 /home/ol/workspace/1603/preboot_1603/boards/cortexr-arom-crane/libarom/libarom.a(heapmem.o)
                0x00000000000015f0                heapmem_free
 .text.hw_chip_id
                0x00000000000015f4       0x10 /home/ol/workspace/1603/preboot_1603/boards/cortexr-arom-crane/libarom/libarom.a(cpu.o)
                0x00000000000015f4                hw_chip_id
 .text.hw_platform_type
                0x0000000000001604       0x12 /home/ol/workspace/1603/preboot_1603/boards/cortexr-arom-crane/libarom/libarom.a(cpu.o)
                0x0000000000001604                hw_platform_type
 *fill*         0x0000000000001616        0x2 
 .text.i2c_init
                0x0000000000001618       0x7c /home/ol/workspace/1603/preboot_1603/boards/cortexr-arom-crane/libarom/libarom.a(i2c.o)
                0x0000000000001618                i2c_init
 .text.i2c_read_reg
                0x0000000000001694       0x14 /home/ol/workspace/1603/preboot_1603/boards/cortexr-arom-crane/libarom/libarom.a(i2c.o)
                0x0000000000001694                i2c_read_reg
 .text.i2c_read_regs
                0x00000000000016a8       0x7c /home/ol/workspace/1603/preboot_1603/boards/cortexr-arom-crane/libarom/libarom.a(i2c.o)
                0x00000000000016a8                i2c_read_regs
 .text.i2c_write_bytes
                0x0000000000001724       0x68 /home/ol/workspace/1603/preboot_1603/boards/cortexr-arom-crane/libarom/libarom.a(i2c.o)
                0x0000000000001724                i2c_write_bytes
 .text.i2c_write_reg
                0x000000000000178c       0x1e /home/ol/workspace/1603/preboot_1603/boards/cortexr-arom-crane/libarom/libarom.a(i2c.o)
                0x000000000000178c                i2c_write_reg
 *fill*         0x00000000000017aa        0x2 
 .text.i2c_write_regs
                0x00000000000017ac       0x94 /home/ol/workspace/1603/preboot_1603/boards/cortexr-arom-crane/libarom/libarom.a(i2c.o)
                0x00000000000017ac                i2c_write_regs
 .text.log_set_level
                0x0000000000001840       0x44 /home/ol/workspace/1603/preboot_1603/boards/cortexr-arom-crane/libarom/libarom.a(log.o)
                0x0000000000001840                log_set_level
 .text.memalign
                0x0000000000001884       0x10 /home/ol/Downloads/gcc-arm-none-eabi-9-2019-q4-major/bin/../lib/gcc/arm-none-eabi/9.2.1/../../../../arm-none-eabi/lib/thumb/v7/nofp/libc_nano.a(lib_a-malign.o)
                0x0000000000001884                memalign
 .text.memcpy   0x0000000000001894       0x1a /home/ol/Downloads/gcc-arm-none-eabi-9-2019-q4-major/bin/../lib/gcc/arm-none-eabi/9.2.1/../../../../arm-none-eabi/lib/thumb/v7/nofp/libc_nano.a(lib_a-memcpy-stub.o)
                0x0000000000001894                memcpy
 .text.memset   0x00000000000018ae       0x10 /home/ol/Downloads/gcc-arm-none-eabi-9-2019-q4-major/bin/../lib/gcc/arm-none-eabi/9.2.1/../../../../arm-none-eabi/lib/thumb/v7/nofp/libc_nano.a(lib_a-memset.o)
                0x00000000000018ae                memset
 .text.mfp_config
                0x00000000000018be       0x18 /home/ol/workspace/1603/preboot_1603/boards/cortexr-arom-crane/libarom/libarom.a(mfp.o)
                0x00000000000018be                mfp_config
 *fill*         0x00000000000018d6        0x2 
 .text.pi2c_bus_reset
                0x00000000000018d8       0x20 /home/ol/workspace/1603/preboot_1603/boards/cortexr-arom-crane/libarom/libarom.a(i2c.o)
                0x00000000000018d8                pi2c_bus_reset
 .text.pi2c_init
                0x00000000000018f8       0x18 /home/ol/workspace/1603/preboot_1603/boards/cortexr-arom-crane/libarom/libarom.a(i2c.o)
                0x00000000000018f8                pi2c_init
 .text.pi2c_read_reg
                0x0000000000001910       0x54 /home/ol/workspace/1603/preboot_1603/boards/cortexr-arom-crane/libarom/libarom.a(i2c.o)
                0x0000000000001910                pi2c_read_reg
 .text.pi2c_reset
                0x0000000000001964        0xc /home/ol/workspace/1603/preboot_1603/boards/cortexr-arom-crane/libarom/libarom.a(i2c.o)
                0x0000000000001964                pi2c_reset
 .text.pi2c_write_reg
                0x0000000000001970       0x54 /home/ol/workspace/1603/preboot_1603/boards/cortexr-arom-crane/libarom/libarom.a(i2c.o)
                0x0000000000001970                pi2c_write_reg
 .text.pmic_fault_wu_en_disable
                0x00000000000019c4       0xa0 /home/ol/workspace/1603/preboot_1603/apps/preboot/bin/cortexr-arom-crane/cpu.a(pmic.o)
                0x00000000000019c4                pmic_fault_wu_en_disable
 .text.pmic_get_id
                0x0000000000001a64       0x68 /home/ol/workspace/1603/preboot_1603/apps/preboot/bin/cortexr-arom-crane/cpu.a(pmic.o)
                0x0000000000001a64                pmic_get_id
 .text.pmic_get_restart_cmd
                0x0000000000001acc       0x70 /home/ol/workspace/1603/preboot_1603/apps/preboot/bin/cortexr-arom-crane/cpu.a(pmic.o)
                0x0000000000001acc                pmic_get_restart_cmd
 .text.pmic_init
                0x0000000000001b3c       0x6c /home/ol/workspace/1603/preboot_1603/apps/preboot/bin/cortexr-arom-crane/cpu.a(pmic.o)
                0x0000000000001b3c                pmic_init
 .text.pmic_powerup_get_reason
                0x0000000000001ba8       0x54 /home/ol/workspace/1603/preboot_1603/apps/preboot/bin/cortexr-arom-crane/cpu.a(pmic.o)
                0x0000000000001ba8                pmic_powerup_get_reason
 .text.pmic_set_buck_vol
                0x0000000000001bfc       0xb0 /home/ol/workspace/1603/preboot_1603/apps/preboot/bin/cortexr-arom-crane/cpu.a(pmic.o)
                0x0000000000001bfc                pmic_set_buck_vol
 .text.pmic_set_ldo11_en_1_2v_for_uhs
                0x0000000000001cac       0x70 /home/ol/workspace/1603/preboot_1603/apps/preboot/bin/cortexr-arom-crane/cpu.a(pmic.o)
                0x0000000000001cac                pmic_set_ldo11_en_1_2v_for_uhs
 .text.pmic_set_restart_cmd
                0x0000000000001d1c       0x60 /home/ol/workspace/1603/preboot_1603/apps/preboot/bin/cortexr-arom-crane/cpu.a(pmic.o)
                0x0000000000001d1c                pmic_set_restart_cmd
 .text.pmic_set_sw_powerdown
                0x0000000000001d7c       0x58 /home/ol/workspace/1603/preboot_1603/apps/preboot/bin/cortexr-arom-crane/cpu.a(pmic.o)
                0x0000000000001d7c                pmic_set_sw_powerdown
 .text.pmic_setup
                0x0000000000001dd4      0x2c8 /home/ol/workspace/1603/preboot_1603/apps/preboot/bin/cortexr-arom-crane/cpu.a(pmic.o)
                0x0000000000001dd4                pmic_setup
 .text.pmic_sw_pdown
                0x000000000000209c       0x16 /home/ol/workspace/1603/preboot_1603/apps/preboot/bin/cortexr-arom-crane/cpu.a(pmic.o)
                0x000000000000209c                pmic_sw_pdown
 *fill*         0x00000000000020b2        0x2 
 .text.printf   0x00000000000020b4       0x20 /home/ol/workspace/1603/preboot_1603/apps/preboot/bin/cortexr-arom-crane/dbg-io.a(printf.o)
                0x00000000000020b4                printf
 .text.psram_init
                0x00000000000020d4       0x8c /home/ol/workspace/1603/preboot_1603/apps/preboot/bin/cortexr-arom-crane/psram.a(psram.o)
                0x00000000000020d4                psram_init
 .text.psram_init_crane_a0
                0x0000000000002160      0xea0 /home/ol/workspace/1603/preboot_1603/apps/preboot/bin/cortexr-arom-crane/psram.a(psram_crane_a0.o)
                0x0000000000002160                psram_init_crane_a0
 .text.psram_init_craneg_a0
                0x0000000000003000     0x1180 /home/ol/workspace/1603/preboot_1603/apps/preboot/bin/cortexr-arom-crane/psram.a(psram_craneg_a0.o)
                0x0000000000003000                psram_init_craneg_a0
 .text.psram_init_fpga
                0x0000000000004180      0x610 /home/ol/workspace/1603/preboot_1603/apps/preboot/bin/cortexr-arom-crane/psram.a(psram_fpga.o)
                0x0000000000004180                psram_init_fpga
 .text.psram_init_uhs_crg
                0x0000000000004790      0xa20 /home/ol/workspace/1603/preboot_1603/apps/preboot/bin/cortexr-arom-crane/psram.a(psram_init_uhs_crg.o)
                0x0000000000004790                psram_init_uhs_crg
 .text.psram_phy_fc_config
                0x00000000000051b0       0x28 /home/ol/workspace/1603/preboot_1603/apps/preboot/bin/cortexr-arom-crane/psram.a(psram.o)
                0x00000000000051b0                psram_phy_fc_config
 .text.psram_phy_fc_config_craneg_a0
                0x00000000000051d8       0x78 /home/ol/workspace/1603/preboot_1603/apps/preboot/bin/cortexr-arom-crane/psram.a(psram.o)
 .text.psram_phy_fc_config_default
                0x0000000000005250       0x80 /home/ol/workspace/1603/preboot_1603/apps/preboot/bin/cortexr-arom-crane/psram.a(psram.o)
 .text.psram_pll1_enable
                0x00000000000052d0       0x10 /home/ol/workspace/1603/preboot_1603/apps/preboot/bin/cortexr-arom-crane/psram.a(psram.o)
                0x00000000000052d0                psram_pll1_enable
 .text.psram_read_mr
                0x00000000000052e0       0x98 /home/ol/workspace/1603/preboot_1603/apps/preboot/bin/cortexr-arom-crane/psram.a(psram_craneg_a0.o)
 .text.psram_read_mr
                0x0000000000005378       0x98 /home/ol/workspace/1603/preboot_1603/apps/preboot/bin/cortexr-arom-crane/psram.a(psram_crane_a0.o)
 .text.psram_read_mr
                0x0000000000005410       0x98 /home/ol/workspace/1603/preboot_1603/apps/preboot/bin/cortexr-arom-crane/psram.a(psram_init_uhs_crg.o)
 .text.read_update_pmic_reg
                0x00000000000054a8       0xd4 /home/ol/workspace/1603/preboot_1603/apps/preboot/bin/cortexr-arom-crane/cpu.a(pmic.o)
                0x00000000000054a8                read_update_pmic_reg
 .text.sb_fip_image_setup
                0x000000000000557c       0x20 /home/ol/workspace/1603/preboot_1603/boards/cortexr-arom-crane/libarom/libarom.a(secureboot.o)
                0x000000000000557c                sb_fip_image_setup
 .text.smux_running_mode_get
                0x000000000000559c       0x12 /home/ol/workspace/1603/preboot_1603/boards/cortexr-arom-crane/libarom/libarom.a(smux.o)
                0x000000000000559c                smux_running_mode_get
 *fill*         0x00000000000055ae        0x2 
 .text.startup.main
                0x00000000000055b0      0x1d4 /home/ol/workspace/1603/preboot_1603/apps/preboot/bin/cortexr-arom-crane/application_preboot.a(main.o)
                0x00000000000055b0                main
 .text.strncpy  0x0000000000005784       0x26 /home/ol/Downloads/gcc-arm-none-eabi-9-2019-q4-major/bin/../lib/gcc/arm-none-eabi/9.2.1/../../../../arm-none-eabi/lib/thumb/v7/nofp/libc_nano.a(lib_a-strncpy.o)
                0x0000000000005784                strncpy
 .text.sv_call_get_handler
                0x00000000000057aa        0x4 /home/ol/workspace/1603/preboot_1603/boards/cortexr-arom-crane/libarom/libarom.a(syscall.o)
                0x00000000000057aa                sv_call_get_handler
 .text.syscall_get_handler
                0x00000000000057ae       0x14 /home/ol/workspace/1603/preboot_1603/boards/cortexr-arom-crane/libarom/libarom.a(syscall.o)
                0x00000000000057ae                syscall_get_handler
 *fill*         0x00000000000057c2        0x2 
 .text.syscall_init
                0x00000000000057c4       0x18 /home/ol/workspace/1603/preboot_1603/boards/cortexr-arom-crane/libarom/libarom.a(syscall.o)
                0x00000000000057c4                syscall_init
 .text.usb_phy_config
                0x00000000000057dc       0x90 /home/ol/workspace/1603/preboot_1603/apps/preboot/bin/cortexr-arom-crane/application_preboot.a(main.o)
                0x00000000000057dc                usb_phy_config
 .text.write_str
                0x000000000000586c       0x10 /home/ol/workspace/1603/preboot_1603/apps/preboot/bin/cortexr-arom-crane/dbg-io.a(printf.o)
 *fill*         0x000000000000587c        0x4 
 .text.write_str.__stub
                0x0000000000005880        0x8 linker stubs
 *(.gnu.linkonce.t.*)
                0x0000000000005888                __code_end = .

.glue_7         0x0000000000005888        0x0
 .glue_7        0x0000000000005888        0x0 linker stubs

.glue_7t        0x0000000000005888        0x0
 .glue_7t       0x0000000000005888        0x0 linker stubs

.vfp11_veneer   0x0000000000005888        0x0
 .vfp11_veneer  0x0000000000005888        0x0 linker stubs

.v4_bx          0x0000000000005888        0x0
 .v4_bx         0x0000000000005888        0x0 linker stubs

.iplt           0x0000000000005888        0x0
 .iplt          0x0000000000005888        0x0 /home/ol/workspace/1603/preboot_1603/apps/preboot/bin/cortexr-arom-crane/newlib_syscalls_default/syscalls.o

.rodata         0x0000000000005888      0xc98
                0x0000000000005888                __rodata_start = .
 *(.rodata)
 .rodata        0x0000000000005888       0x14 /home/ol/workspace/1603/preboot_1603/apps/preboot/bin/cortexr-arom-crane/cpu.a(freq.o)
 .rodata        0x000000000000589c       0x20 /home/ol/workspace/1603/preboot_1603/apps/preboot/bin/cortexr-arom-crane/psram.a(psram_init_uhs_crg.o)
 *(SORT_BY_NAME(.rodata.*))
 .rodata.PsramPP_crane
                0x00000000000058bc       0x60 /home/ol/workspace/1603/preboot_1603/apps/preboot/bin/cortexr-arom-crane/psram.a(psram.o)
 .rodata.Quec_PowerOnCheck.str1.1
                0x000000000000591c       0x38 /home/ol/workspace/1603/preboot_1603/apps/preboot/bin/cortexr-arom-crane/cpu.a(pmic.o)
                                         0x3c (size before relaxing)
 .rodata._i2c_pio_xfer.str1.1
                0x0000000000005954       0x4a /home/ol/workspace/1603/preboot_1603/boards/cortexr-arom-crane/libarom/libarom.a(i2c.o)
 .rodata.axi_freq_change.str1.1
                0x000000000000599e       0x18 /home/ol/workspace/1603/preboot_1603/apps/preboot/bin/cortexr-arom-crane/cpu.a(freq.o)
 .rodata.buffer.4899
                0x00000000000059b6       0x10 /home/ol/workspace/1603/preboot_1603/apps/preboot/bin/cortexr-arom-crane/dbg-io.a(strformat.o)
 .rodata.buffer.4908
                0x00000000000059c6       0x10 /home/ol/workspace/1603/preboot_1603/apps/preboot/bin/cortexr-arom-crane/dbg-io.a(strformat.o)
 .rodata.cr5_axi_set_default_freq.str1.1
                0x00000000000059d6       0x5b /home/ol/workspace/1603/preboot_1603/apps/preboot/bin/cortexr-arom-crane/cpu.a(freq.o)
                                         0x60 (size before relaxing)
 .rodata.cr5_axi_set_max_freq.str1.1
                0x0000000000005a31       0x1d /home/ol/workspace/1603/preboot_1603/apps/preboot/bin/cortexr-arom-crane/cpu.a(freq.o)
 .rodata.cr5_freq_change.str1.1
                0x0000000000005a4e       0x21 /home/ol/workspace/1603/preboot_1603/apps/preboot/bin/cortexr-arom-crane/cpu.a(freq.o)
                                         0x30 (size before relaxing)
 .rodata.format_str_v.str1.1
                0x0000000000005a6f       0x35 /home/ol/workspace/1603/preboot_1603/apps/preboot/bin/cortexr-arom-crane/dbg-io.a(strformat.o)
                                         0x37 (size before relaxing)
 .rodata.fuse_read_embed_flash.str1.1
                0x0000000000005aa4       0x40 /home/ol/workspace/1603/preboot_1603/apps/preboot/bin/cortexr-arom-crane/psram.a(efuse.o)
                                         0x57 (size before relaxing)
 .rodata.fuse_read_lotid.str1.1
                0x0000000000005ae4       0x4b /home/ol/workspace/1603/preboot_1603/apps/preboot/bin/cortexr-arom-crane/psram.a(efuse.o)
                                         0x50 (size before relaxing)
 .rodata.get_curr_freq.str1.1
                0x0000000000005b2f       0x33 /home/ol/workspace/1603/preboot_1603/apps/preboot/bin/cortexr-arom-crane/cpu.a(freq.o)
 .rodata.get_i2c_master.str1.1
                0x0000000000005b62       0x32 /home/ol/workspace/1603/preboot_1603/boards/cortexr-arom-crane/libarom/libarom.a(i2c.o)
                                         0x45 (size before relaxing)
 .rodata.i2c_conf
                0x0000000000005b94        0x4 /home/ol/workspace/1603/preboot_1603/boards/cortexr-arom-crane/libarom/libarom.a(i2c.o)
 .rodata.i2c_init.str1.1
                0x0000000000005b98       0x11 /home/ol/workspace/1603/preboot_1603/boards/cortexr-arom-crane/libarom/libarom.a(i2c.o)
 .rodata.i2c_read_bytes.str1.1
                0x0000000000005ba9       0x38 /home/ol/workspace/1603/preboot_1603/boards/cortexr-arom-crane/libarom/libarom.a(i2c.o)
 .rodata.i2c_write_bytes.str1.1
                0x0000000000005be1       0x39 /home/ol/workspace/1603/preboot_1603/boards/cortexr-arom-crane/libarom/libarom.a(i2c.o)
 .rodata.i2c_write_regs.str1.1
                0x0000000000005c1a       0x2d /home/ol/workspace/1603/preboot_1603/boards/cortexr-arom-crane/libarom/libarom.a(i2c.o)
 .rodata.log_set_level.str1.1
                0x0000000000005c47        0x4 /home/ol/workspace/1603/preboot_1603/boards/cortexr-arom-crane/libarom/libarom.a(log.o)
 .rodata.main.str1.1
                0x0000000000005c4b      0x145 /home/ol/workspace/1603/preboot_1603/apps/preboot/bin/cortexr-arom-crane/application_preboot.a(main.o)
                                        0x14a (size before relaxing)
 .rodata.pi2c_read_reg.str1.1
                0x0000000000005d90       0x16 /home/ol/workspace/1603/preboot_1603/boards/cortexr-arom-crane/libarom/libarom.a(i2c.o)
 .rodata.pi2c_write_reg.str1.1
                0x0000000000005da6       0x17 /home/ol/workspace/1603/preboot_1603/boards/cortexr-arom-crane/libarom/libarom.a(i2c.o)
 .rodata.pmic_fault_wu_en_disable.str1.1
                0x0000000000005dbd       0x1c /home/ol/workspace/1603/preboot_1603/apps/preboot/bin/cortexr-arom-crane/cpu.a(pmic.o)
 .rodata.pmic_get_id.str1.1
                0x0000000000005dd9       0x1a /home/ol/workspace/1603/preboot_1603/apps/preboot/bin/cortexr-arom-crane/cpu.a(pmic.o)
                                         0x2e (size before relaxing)
 .rodata.pmic_get_restart_cmd.str1.1
                0x0000000000005df3       0x1e /home/ol/workspace/1603/preboot_1603/apps/preboot/bin/cortexr-arom-crane/cpu.a(pmic.o)
                                         0x36 (size before relaxing)
 .rodata.pmic_init.str1.1
                0x0000000000005e11       0x12 /home/ol/workspace/1603/preboot_1603/apps/preboot/bin/cortexr-arom-crane/cpu.a(pmic.o)
                                         0x16 (size before relaxing)
 .rodata.pmic_powerup_get_reason.str1.1
                0x0000000000005e23       0x24 /home/ol/workspace/1603/preboot_1603/apps/preboot/bin/cortexr-arom-crane/cpu.a(pmic.o)
                                         0x29 (size before relaxing)
 .rodata.pmic_set_buck_vol.str1.1
                0x0000000000005e47       0x67 /home/ol/workspace/1603/preboot_1603/apps/preboot/bin/cortexr-arom-crane/cpu.a(pmic.o)
 .rodata.pmic_set_ldo11_en_1_2v_for_uhs.str1.1
                0x0000000000005eae       0x26 /home/ol/workspace/1603/preboot_1603/apps/preboot/bin/cortexr-arom-crane/cpu.a(pmic.o)
 .rodata.pmic_set_restart_cmd.str1.1
                0x0000000000005ed4       0x18 /home/ol/workspace/1603/preboot_1603/apps/preboot/bin/cortexr-arom-crane/cpu.a(pmic.o)
 .rodata.pmic_set_sw_powerdown.str1.1
                0x0000000000005eec       0x15 /home/ol/workspace/1603/preboot_1603/apps/preboot/bin/cortexr-arom-crane/cpu.a(pmic.o)
 .rodata.pmic_setup.str1.1
                0x0000000000005f01      0x14b /home/ol/workspace/1603/preboot_1603/apps/preboot/bin/cortexr-arom-crane/cpu.a(pmic.o)
 .rodata.psram_init.str1.1
                0x000000000000604c       0x22 /home/ol/workspace/1603/preboot_1603/apps/preboot/bin/cortexr-arom-crane/psram.a(psram.o)
 .rodata.psram_init_crane_a0.str1.1
                0x000000000000606e       0x1e /home/ol/workspace/1603/preboot_1603/apps/preboot/bin/cortexr-arom-crane/psram.a(psram_crane_a0.o)
                                        0x1ab (size before relaxing)
 .rodata.psram_init_craneg_a0.str1.1
                0x000000000000608c      0x1d9 /home/ol/workspace/1603/preboot_1603/apps/preboot/bin/cortexr-arom-crane/psram.a(psram_craneg_a0.o)
                                        0x1e1 (size before relaxing)
 .rodata.psram_init_fpga.str1.1
                0x0000000000006265       0xbf /home/ol/workspace/1603/preboot_1603/apps/preboot/bin/cortexr-arom-crane/psram.a(psram_fpga.o)
                                         0xd3 (size before relaxing)
 .rodata.psram_init_uhs_crg.str1.1
                0x0000000000006324       0x93 /home/ol/workspace/1603/preboot_1603/apps/preboot/bin/cortexr-arom-crane/psram.a(psram_init_uhs_crg.o)
                                         0x97 (size before relaxing)
 .rodata.psram_phy_fc_config_craneg_a0.str1.1
                0x00000000000063b7       0x29 /home/ol/workspace/1603/preboot_1603/apps/preboot/bin/cortexr-arom-crane/psram.a(psram.o)
                                         0x3d (size before relaxing)
 .rodata.psram_read_mr.str1.1
                0x00000000000063e0       0x25 /home/ol/workspace/1603/preboot_1603/apps/preboot/bin/cortexr-arom-crane/psram.a(psram_craneg_a0.o)
                                         0x3f (size before relaxing)
 .rodata.psram_read_mr.str1.1
                0x0000000000006405       0x3f /home/ol/workspace/1603/preboot_1603/apps/preboot/bin/cortexr-arom-crane/psram.a(psram_crane_a0.o)
 .rodata.psram_read_mr.str1.1
                0x0000000000006405       0x3f /home/ol/workspace/1603/preboot_1603/apps/preboot/bin/cortexr-arom-crane/psram.a(psram_init_uhs_crg.o)
 .rodata.read_update_pmic_reg.str1.1
                0x0000000000006405       0x90 /home/ol/workspace/1603/preboot_1603/apps/preboot/bin/cortexr-arom-crane/cpu.a(pmic.o)
 .rodata.str1.1
                0x0000000000006495       0x25 /home/ol/workspace/1603/preboot_1603/boards/cortexr-arom-crane/libarom/libarom.a(log.o)
 .rodata.str1.1
                0x00000000000064ba        0xe /home/ol/workspace/1603/preboot_1603/apps/preboot/bin/cortexr-arom-crane/psram.a(psram_init_uhs_crg.o)
                                         0x13 (size before relaxing)
 .rodata.usb_phy_config.str1.1
                0x00000000000064c8       0x57 /home/ol/workspace/1603/preboot_1603/apps/preboot/bin/cortexr-arom-crane/application_preboot.a(main.o)
 *(.gnu.linkonce.r.*)
                0x0000000000006520                . = ALIGN (0x4)
 *fill*         0x000000000000651f        0x1 

.ARM.exidx      0x0000000000006520        0x8
 .ARM.exidx     0x0000000000006520        0x8 /home/ol/Downloads/gcc-arm-none-eabi-9-2019-q4-major/bin/../lib/gcc/arm-none-eabi/9.2.1/thumb/v7/nofp/libgcc.a(_udivmoddi4.o)

.rel.dyn        0x0000000000006528        0x0
 .rel.iplt      0x0000000000006528        0x0 /home/ol/workspace/1603/preboot_1603/apps/preboot/bin/cortexr-arom-crane/newlib_syscalls_default/syscalls.o

.dummy_post_rodata
                0x0000000000006528        0x0
                0x0000000000006528                __rodata_end = .

.data           0x0000000000006528      0x135
                0x0000000000006528                __data_start = .
 *(.data)
 *(SORT_BY_NAME(.data.*))
 .data._impure_ptr
                0x0000000000006528        0x4 /home/ol/Downloads/gcc-arm-none-eabi-9-2019-q4-major/bin/../lib/gcc/arm-none-eabi/9.2.1/../../../../arm-none-eabi/lib/thumb/v7/nofp/libc_nano.a(lib_a-impure.o)
                0x0000000000006528                _impure_ptr
 .data.all_modules
                0x000000000000652c       0x18 /home/ol/workspace/1603/preboot_1603/boards/cortexr-arom-crane/libarom/libarom.a(log.o)
                0x000000000000652c                all_modules
 .data.ctxt     0x0000000000006544        0x8 /home/ol/workspace/1603/preboot_1603/apps/preboot/bin/cortexr-arom-crane/dbg-io.a(printf.o)
 .data.curr_log_level_main
                0x000000000000654c        0x4 /home/ol/workspace/1603/preboot_1603/boards/cortexr-arom-crane/libarom/libarom.a(log.o)
                0x000000000000654c                curr_log_level_main
 .data.g_pmic_id
                0x0000000000006550        0x1 /home/ol/workspace/1603/preboot_1603/apps/preboot/bin/cortexr-arom-crane/cpu.a(pmic.o)
 *fill*         0x0000000000006551        0x3 
 .data.heap_top
                0x0000000000006554        0x4 /home/ol/workspace/1603/preboot_1603/apps/preboot/bin/cortexr-arom-crane/newlib_syscalls_default/syscalls.o
 .data.i2c_master
                0x0000000000006558       0x80 /home/ol/workspace/1603/preboot_1603/boards/cortexr-arom-crane/libarom/libarom.a(i2c.o)
 .data.impure_data
                0x00000000000065d8       0x60 /home/ol/Downloads/gcc-arm-none-eabi-9-2019-q4-major/bin/../lib/gcc/arm-none-eabi/9.2.1/../../../../arm-none-eabi/lib/thumb/v7/nofp/libc_nano.a(lib_a-impure.o)
 .data.pinmux_cfgs
                0x0000000000006638       0x24 /home/ol/workspace/1603/preboot_1603/boards/cortexr-arom-crane/libarom/libarom.a(i2c.o)
 .data.power_up_flag
                0x000000000000665c        0x1 /home/ol/workspace/1603/preboot_1603/apps/preboot/bin/cortexr-arom-crane/cpu.a(pmic.o)
                0x000000000000665c                power_up_flag
 *(.gnu.linkonce.d.*)

.igot.plt       0x0000000000006660        0x0
 .igot.plt      0x0000000000006660        0x0 /home/ol/workspace/1603/preboot_1603/apps/preboot/bin/cortexr-arom-crane/newlib_syscalls_default/syscalls.o

.ctors          0x0000000000006660        0x0
                0x0000000000006660                __ctor_list = .
 *(.ctors .init_array)
                0x0000000000006660                __ctor_end = .

.dtors          0x0000000000006660        0x0
                0x0000000000006660                __dtor_list = .
 *(.dtors .fini_array)
                0x0000000000006660                __dtor_end = .

.dummy_post_data
                0x000000000000665d        0x0
                0x000000000000665d                __data_end = .

.bss            0x0000000000006660       0x2c
                0x0000000000006660                __bss_start = .
 *(.bss)
 *(SORT_BY_NAME(.bss.*))
 .bss.__malloc_free_list
                0x0000000000006660        0x4 /home/ol/Downloads/gcc-arm-none-eabi-9-2019-q4-major/bin/../lib/gcc/arm-none-eabi/9.2.1/../../../../arm-none-eabi/lib/thumb/v7/nofp/libc_nano.a(lib_a-nano-mallocr.o)
                0x0000000000006660                __malloc_free_list
 .bss.__malloc_sbrk_start
                0x0000000000006664        0x4 /home/ol/Downloads/gcc-arm-none-eabi-9-2019-q4-major/bin/../lib/gcc/arm-none-eabi/9.2.1/../../../../arm-none-eabi/lib/thumb/v7/nofp/libc_nano.a(lib_a-nano-mallocr.o)
                0x0000000000006664                __malloc_sbrk_start
 .bss.asr_property_area_inited
                0x0000000000006668        0x4 /home/ol/workspace/1603/preboot_1603/apps/preboot/bin/cortexr-arom-crane/property.a(property.o)
 .bss.pa_info_array
                0x000000000000666c        0x4 /home/ol/workspace/1603/preboot_1603/apps/preboot/bin/cortexr-arom-crane/property.a(property.o)
 .bss.pi2c_dev_addr
                0x0000000000006670        0x4 /home/ol/workspace/1603/preboot_1603/boards/cortexr-arom-crane/libarom/libarom.a(i2c.o)
 .bss.restart_cmd_reg
                0x0000000000006674        0x4 /home/ol/workspace/1603/preboot_1603/apps/preboot/bin/cortexr-arom-crane/cpu.a(pmic.o)
 .bss.restart_status_reg
                0x0000000000006678        0x4 /home/ol/workspace/1603/preboot_1603/apps/preboot/bin/cortexr-arom-crane/cpu.a(pmic.o)
 .bss.syscall_tables
                0x000000000000667c        0x4 /home/ol/workspace/1603/preboot_1603/boards/cortexr-arom-crane/libarom/libarom.a(syscall.o)
                0x000000000000667c                syscall_tables
 *(.gnu.linkonce.b.*)
 *(COMMON)
 COMMON         0x0000000000006680        0x9 /home/ol/Downloads/gcc-arm-none-eabi-9-2019-q4-major/bin/../lib/gcc/arm-none-eabi/9.2.1/../../../../arm-none-eabi/lib/thumb/v7/nofp/libc_nano.a(lib_a-lock.o)
                0x0000000000006680                __lock___atexit_recursive_mutex
                0x0000000000006681                __lock___arc4random_mutex
                0x0000000000006682                __lock___env_recursive_mutex
                0x0000000000006683                __lock___sinit_recursive_mutex
                0x0000000000006684                __lock___malloc_recursive_mutex
                0x0000000000006685                __lock___at_quick_exit_mutex
                0x0000000000006686                __lock___dd_hash_mutex
                0x0000000000006687                __lock___tz_mutex
                0x0000000000006688                __lock___sfp_recursive_mutex
                0x000000000000668c                . = ALIGN (0x4)
 *fill*         0x0000000000006689        0x3 
                0x000000000000668c                __bss_end = .
                0x00000000b0021000                . = __btcm_user_start
                0x00000000b0021000                __heap_start = .
                0x00000000b0028000                __heap_end = (__btcm_user_end - __stack_size)
                0x0000000000000001                ASSERT ((__heap_end > (__heap_start + __min_heap_size)), error: heap size too small)
                0x00000000b0028000                . = __heap_end
                0x00000000b0028000                __stack_start = .
                0x00000000b0028000                __stack_end = (__stack_start + __stack_size)
                0x00000000b0028000                _end = .
                [!provide]                        PROVIDE (end = .)
                0x00000000d100e508                . = __arom_patch_start

.patch          0x00000000d100e508        0x0 load address 0x0000000000006660
                0x00000000d100e508                __patch_start = .
 *(.patch)
 *(SORT_BY_NAME(.patch.*))
 *(.transfer_param_section)
                0x00000000d100e508                . = ALIGN (0x4)
                0x0000000000006660                __patch_load_addr = LOADADDR (.patch)
                0x0000000000000000                __patch_size = SIZEOF (.patch)
                0x0000000000000001                ASSERT ((__arom_patch_end > (__arom_patch_start + __patch_size)), error: patch code size exceeded the limit)

/DISCARD/
 *(.comment .note.* .eh_frame)
OUTPUT(/home/ol/workspace/1603/preboot_1603/apps/preboot/bin/cortexr-arom-crane/preboot.elf elf32-littlearm)

.ARM.attributes
                0x0000000000000000       0x2f
 .ARM.attributes
                0x0000000000000000       0x31 /home/ol/workspace/1603/preboot_1603/apps/preboot/bin/cortexr-arom-crane/newlib_syscalls_default/syscalls.o
 .ARM.attributes
                0x0000000000000031       0x31 /home/ol/workspace/1603/preboot_1603/boards/cortexr-arom-crane/libarom/libarom.a(dbg.o)
 .ARM.attributes
                0x0000000000000062       0x31 /home/ol/workspace/1603/preboot_1603/boards/cortexr-arom-crane/libarom/libarom.a(syscall.o)
 .ARM.attributes
                0x0000000000000093       0x31 /home/ol/workspace/1603/preboot_1603/boards/cortexr-arom-crane/libarom/libarom.a(aboot_cmd.o)
 .ARM.attributes
                0x00000000000000c4       0x31 /home/ol/workspace/1603/preboot_1603/boards/cortexr-arom-crane/libarom/libarom.a(heapmem.o)
 .ARM.attributes
                0x00000000000000f5       0x31 /home/ol/workspace/1603/preboot_1603/boards/cortexr-arom-crane/libarom/libarom.a(log.o)
 .ARM.attributes
                0x0000000000000126       0x31 /home/ol/workspace/1603/preboot_1603/apps/preboot/bin/cortexr-arom-crane/cpu.a(startup.o)
 .ARM.attributes
                0x0000000000000157       0x31 /home/ol/workspace/1603/preboot_1603/apps/preboot/bin/cortexr-arom-crane/dbg-io.a(printf.o)
 .ARM.attributes
                0x0000000000000188       0x31 /home/ol/workspace/1603/preboot_1603/apps/preboot/bin/cortexr-arom-crane/dbg-io.a(strformat.o)
 .ARM.attributes
                0x00000000000001b9       0x31 /home/ol/workspace/1603/preboot_1603/apps/preboot/bin/cortexr-arom-crane/application_preboot.a(main.o)
 .ARM.attributes
                0x00000000000001ea       0x31 /home/ol/workspace/1603/preboot_1603/apps/preboot/bin/cortexr-arom-crane/core.a(cinit.o)
 .ARM.attributes
                0x000000000000021b       0x31 /home/ol/workspace/1603/preboot_1603/apps/preboot/bin/cortexr-arom-crane/cpu.a(freq.o)
 .ARM.attributes
                0x000000000000024c       0x31 /home/ol/workspace/1603/preboot_1603/apps/preboot/bin/cortexr-arom-crane/cpu.a(pmic.o)
 .ARM.attributes
                0x000000000000027d       0x31 /home/ol/workspace/1603/preboot_1603/apps/preboot/bin/cortexr-arom-crane/property.a(property.o)
 .ARM.attributes
                0x00000000000002ae       0x31 /home/ol/workspace/1603/preboot_1603/apps/preboot/bin/cortexr-arom-crane/psram.a(efuse.o)
 .ARM.attributes
                0x00000000000002df       0x31 /home/ol/workspace/1603/preboot_1603/apps/preboot/bin/cortexr-arom-crane/psram.a(psram.o)
 .ARM.attributes
                0x0000000000000310       0x31 /home/ol/workspace/1603/preboot_1603/apps/preboot/bin/cortexr-arom-crane/psram.a(psram_fpga.o)
 .ARM.attributes
                0x0000000000000341       0x31 /home/ol/workspace/1603/preboot_1603/apps/preboot/bin/cortexr-arom-crane/psram.a(psram_craneg_a0.o)
 .ARM.attributes
                0x0000000000000372       0x31 /home/ol/workspace/1603/preboot_1603/apps/preboot/bin/cortexr-arom-crane/psram.a(psram_crane_a0.o)
 .ARM.attributes
                0x00000000000003a3       0x31 /home/ol/workspace/1603/preboot_1603/apps/preboot/bin/cortexr-arom-crane/psram.a(psram_init_uhs_crg.o)
 .ARM.attributes
                0x00000000000003d4       0x31 /home/ol/workspace/1603/preboot_1603/boards/cortexr-arom-crane/libarom/libarom.a(clock.o)
 .ARM.attributes
                0x0000000000000405       0x31 /home/ol/workspace/1603/preboot_1603/boards/cortexr-arom-crane/libarom/libarom.a(cpu.o)
 .ARM.attributes
                0x0000000000000436       0x31 /home/ol/workspace/1603/preboot_1603/boards/cortexr-arom-crane/libarom/libarom.a(gpio.o)
 .ARM.attributes
                0x0000000000000467       0x31 /home/ol/workspace/1603/preboot_1603/boards/cortexr-arom-crane/libarom/libarom.a(i2c.o)
 .ARM.attributes
                0x0000000000000498       0x31 /home/ol/workspace/1603/preboot_1603/boards/cortexr-arom-crane/libarom/libarom.a(mfp.o)
 .ARM.attributes
                0x00000000000004c9       0x31 /home/ol/workspace/1603/preboot_1603/boards/cortexr-arom-crane/libarom/libarom.a(secureboot.o)
 .ARM.attributes
                0x00000000000004fa       0x31 /home/ol/workspace/1603/preboot_1603/boards/cortexr-arom-crane/libarom/libarom.a(smux.o)
 .ARM.attributes
                0x000000000000052b       0x19 /home/ol/Downloads/gcc-arm-none-eabi-9-2019-q4-major/bin/../lib/gcc/arm-none-eabi/9.2.1/thumb/v7/nofp/libgcc.a(_aeabi_uldivmod.o)
 .ARM.attributes
                0x0000000000000544       0x29 /home/ol/Downloads/gcc-arm-none-eabi-9-2019-q4-major/bin/../lib/gcc/arm-none-eabi/9.2.1/thumb/v7/nofp/libgcc.a(_udivmoddi4.o)
 .ARM.attributes
                0x000000000000056d       0x19 /home/ol/Downloads/gcc-arm-none-eabi-9-2019-q4-major/bin/../lib/gcc/arm-none-eabi/9.2.1/thumb/v7/nofp/libgcc.a(_dvmd_tls.o)
 .ARM.attributes
                0x0000000000000586       0x29 /home/ol/Downloads/gcc-arm-none-eabi-9-2019-q4-major/bin/../lib/gcc/arm-none-eabi/9.2.1/../../../../arm-none-eabi/lib/thumb/v7/nofp/libc_nano.a(lib_a-impure.o)
 .ARM.attributes
                0x00000000000005af       0x29 /home/ol/Downloads/gcc-arm-none-eabi-9-2019-q4-major/bin/../lib/gcc/arm-none-eabi/9.2.1/../../../../arm-none-eabi/lib/thumb/v7/nofp/libc_nano.a(lib_a-malign.o)
 .ARM.attributes
                0x00000000000005d8       0x29 /home/ol/Downloads/gcc-arm-none-eabi-9-2019-q4-major/bin/../lib/gcc/arm-none-eabi/9.2.1/../../../../arm-none-eabi/lib/thumb/v7/nofp/libc_nano.a(lib_a-malloc.o)
 .ARM.attributes
                0x0000000000000601       0x29 /home/ol/Downloads/gcc-arm-none-eabi-9-2019-q4-major/bin/../lib/gcc/arm-none-eabi/9.2.1/../../../../arm-none-eabi/lib/thumb/v7/nofp/libc_nano.a(lib_a-memcpy-stub.o)
 .ARM.attributes
                0x000000000000062a       0x29 /home/ol/Downloads/gcc-arm-none-eabi-9-2019-q4-major/bin/../lib/gcc/arm-none-eabi/9.2.1/../../../../arm-none-eabi/lib/thumb/v7/nofp/libc_nano.a(lib_a-memset.o)
 .ARM.attributes
                0x0000000000000653       0x29 /home/ol/Downloads/gcc-arm-none-eabi-9-2019-q4-major/bin/../lib/gcc/arm-none-eabi/9.2.1/../../../../arm-none-eabi/lib/thumb/v7/nofp/libc_nano.a(lib_a-nano-freer.o)
 .ARM.attributes
                0x000000000000067c       0x29 /home/ol/Downloads/gcc-arm-none-eabi-9-2019-q4-major/bin/../lib/gcc/arm-none-eabi/9.2.1/../../../../arm-none-eabi/lib/thumb/v7/nofp/libc_nano.a(lib_a-nano-malignr.o)
 .ARM.attributes
                0x00000000000006a5       0x29 /home/ol/Downloads/gcc-arm-none-eabi-9-2019-q4-major/bin/../lib/gcc/arm-none-eabi/9.2.1/../../../../arm-none-eabi/lib/thumb/v7/nofp/libc_nano.a(lib_a-nano-mallocr.o)
 .ARM.attributes
                0x00000000000006ce       0x17 /home/ol/Downloads/gcc-arm-none-eabi-9-2019-q4-major/bin/../lib/gcc/arm-none-eabi/9.2.1/../../../../arm-none-eabi/lib/thumb/v7/nofp/libc_nano.a(lib_a-strcmp.o)
 .ARM.attributes
                0x00000000000006e5       0x17 /home/ol/Downloads/gcc-arm-none-eabi-9-2019-q4-major/bin/../lib/gcc/arm-none-eabi/9.2.1/../../../../arm-none-eabi/lib/thumb/v7/nofp/libc_nano.a(lib_a-strlen.o)
 .ARM.attributes
                0x00000000000006fc       0x29 /home/ol/Downloads/gcc-arm-none-eabi-9-2019-q4-major/bin/../lib/gcc/arm-none-eabi/9.2.1/../../../../arm-none-eabi/lib/thumb/v7/nofp/libc_nano.a(lib_a-strncpy.o)
 .ARM.attributes
                0x0000000000000725       0x29 /home/ol/Downloads/gcc-arm-none-eabi-9-2019-q4-major/bin/../lib/gcc/arm-none-eabi/9.2.1/../../../../arm-none-eabi/lib/thumb/v7/nofp/libc_nano.a(lib_a-mlock.o)
 .ARM.attributes
                0x000000000000074e       0x29 /home/ol/Downloads/gcc-arm-none-eabi-9-2019-q4-major/bin/../lib/gcc/arm-none-eabi/9.2.1/../../../../arm-none-eabi/lib/thumb/v7/nofp/libc_nano.a(lib_a-lock.o)

.debug_info     0x0000000000000000    0x13db8
 .debug_info    0x0000000000000000     0x11f0 /home/ol/workspace/1603/preboot_1603/apps/preboot/bin/cortexr-arom-crane/newlib_syscalls_default/syscalls.o
 .debug_info    0x00000000000011f0      0x370 /home/ol/workspace/1603/preboot_1603/boards/cortexr-arom-crane/libarom/libarom.a(dbg.o)
 .debug_info    0x0000000000001560      0x4d3 /home/ol/workspace/1603/preboot_1603/boards/cortexr-arom-crane/libarom/libarom.a(syscall.o)
 .debug_info    0x0000000000001a33     0x103c /home/ol/workspace/1603/preboot_1603/boards/cortexr-arom-crane/libarom/libarom.a(aboot_cmd.o)
 .debug_info    0x0000000000002a6f      0x18a /home/ol/workspace/1603/preboot_1603/boards/cortexr-arom-crane/libarom/libarom.a(heapmem.o)
 .debug_info    0x0000000000002bf9      0x23d /home/ol/workspace/1603/preboot_1603/boards/cortexr-arom-crane/libarom/libarom.a(log.o)
 .debug_info    0x0000000000002e36      0x128 /home/ol/workspace/1603/preboot_1603/apps/preboot/bin/cortexr-arom-crane/cpu.a(startup.o)
 .debug_info    0x0000000000002f5e      0xb96 /home/ol/workspace/1603/preboot_1603/apps/preboot/bin/cortexr-arom-crane/dbg-io.a(printf.o)
 .debug_info    0x0000000000003af4     0x141b /home/ol/workspace/1603/preboot_1603/apps/preboot/bin/cortexr-arom-crane/dbg-io.a(strformat.o)
 .debug_info    0x0000000000004f0f     0x1151 /home/ol/workspace/1603/preboot_1603/apps/preboot/bin/cortexr-arom-crane/application_preboot.a(main.o)
 .debug_info    0x0000000000006060      0x1dd /home/ol/workspace/1603/preboot_1603/apps/preboot/bin/cortexr-arom-crane/core.a(cinit.o)
 .debug_info    0x000000000000623d      0xf39 /home/ol/workspace/1603/preboot_1603/apps/preboot/bin/cortexr-arom-crane/cpu.a(freq.o)
 .debug_info    0x0000000000007176     0x1f9b /home/ol/workspace/1603/preboot_1603/apps/preboot/bin/cortexr-arom-crane/cpu.a(pmic.o)
 .debug_info    0x0000000000009111     0x120a /home/ol/workspace/1603/preboot_1603/apps/preboot/bin/cortexr-arom-crane/property.a(property.o)
 .debug_info    0x000000000000a31b     0x1291 /home/ol/workspace/1603/preboot_1603/apps/preboot/bin/cortexr-arom-crane/psram.a(efuse.o)
 .debug_info    0x000000000000b5ac     0x10cb /home/ol/workspace/1603/preboot_1603/apps/preboot/bin/cortexr-arom-crane/psram.a(psram.o)
 .debug_info    0x000000000000c677      0xb0d /home/ol/workspace/1603/preboot_1603/apps/preboot/bin/cortexr-arom-crane/psram.a(psram_fpga.o)
 .debug_info    0x000000000000d184     0x15b1 /home/ol/workspace/1603/preboot_1603/apps/preboot/bin/cortexr-arom-crane/psram.a(psram_craneg_a0.o)
 .debug_info    0x000000000000e735     0x1479 /home/ol/workspace/1603/preboot_1603/apps/preboot/bin/cortexr-arom-crane/psram.a(psram_crane_a0.o)
 .debug_info    0x000000000000fbae      0xda8 /home/ol/workspace/1603/preboot_1603/apps/preboot/bin/cortexr-arom-crane/psram.a(psram_init_uhs_crg.o)
 .debug_info    0x0000000000010956      0x41b /home/ol/workspace/1603/preboot_1603/boards/cortexr-arom-crane/libarom/libarom.a(clock.o)
 .debug_info    0x0000000000010d71      0x357 /home/ol/workspace/1603/preboot_1603/boards/cortexr-arom-crane/libarom/libarom.a(cpu.o)
 .debug_info    0x00000000000110c8      0x4fe /home/ol/workspace/1603/preboot_1603/boards/cortexr-arom-crane/libarom/libarom.a(gpio.o)
 .debug_info    0x00000000000115c6     0x1762 /home/ol/workspace/1603/preboot_1603/boards/cortexr-arom-crane/libarom/libarom.a(i2c.o)
 .debug_info    0x0000000000012d28      0x342 /home/ol/workspace/1603/preboot_1603/boards/cortexr-arom-crane/libarom/libarom.a(mfp.o)
 .debug_info    0x000000000001306a      0x75b /home/ol/workspace/1603/preboot_1603/boards/cortexr-arom-crane/libarom/libarom.a(secureboot.o)
 .debug_info    0x00000000000137c5      0x5f3 /home/ol/workspace/1603/preboot_1603/boards/cortexr-arom-crane/libarom/libarom.a(smux.o)

.debug_abbrev   0x0000000000000000     0x3eb1
 .debug_abbrev  0x0000000000000000      0x29c /home/ol/workspace/1603/preboot_1603/apps/preboot/bin/cortexr-arom-crane/newlib_syscalls_default/syscalls.o
 .debug_abbrev  0x000000000000029c       0xfd /home/ol/workspace/1603/preboot_1603/boards/cortexr-arom-crane/libarom/libarom.a(dbg.o)
 .debug_abbrev  0x0000000000000399      0x1eb /home/ol/workspace/1603/preboot_1603/boards/cortexr-arom-crane/libarom/libarom.a(syscall.o)
 .debug_abbrev  0x0000000000000584      0x2f5 /home/ol/workspace/1603/preboot_1603/boards/cortexr-arom-crane/libarom/libarom.a(aboot_cmd.o)
 .debug_abbrev  0x0000000000000879       0xdb /home/ol/workspace/1603/preboot_1603/boards/cortexr-arom-crane/libarom/libarom.a(heapmem.o)
 .debug_abbrev  0x0000000000000954      0x168 /home/ol/workspace/1603/preboot_1603/boards/cortexr-arom-crane/libarom/libarom.a(log.o)
 .debug_abbrev  0x0000000000000abc       0xa9 /home/ol/workspace/1603/preboot_1603/apps/preboot/bin/cortexr-arom-crane/cpu.a(startup.o)
 .debug_abbrev  0x0000000000000b65      0x26c /home/ol/workspace/1603/preboot_1603/apps/preboot/bin/cortexr-arom-crane/dbg-io.a(printf.o)
 .debug_abbrev  0x0000000000000dd1      0x44e /home/ol/workspace/1603/preboot_1603/apps/preboot/bin/cortexr-arom-crane/dbg-io.a(strformat.o)
 .debug_abbrev  0x000000000000121f      0x302 /home/ol/workspace/1603/preboot_1603/apps/preboot/bin/cortexr-arom-crane/application_preboot.a(main.o)
 .debug_abbrev  0x0000000000001521       0xfc /home/ol/workspace/1603/preboot_1603/apps/preboot/bin/cortexr-arom-crane/core.a(cinit.o)
 .debug_abbrev  0x000000000000161d      0x2e6 /home/ol/workspace/1603/preboot_1603/apps/preboot/bin/cortexr-arom-crane/cpu.a(freq.o)
 .debug_abbrev  0x0000000000001903      0x442 /home/ol/workspace/1603/preboot_1603/apps/preboot/bin/cortexr-arom-crane/cpu.a(pmic.o)
 .debug_abbrev  0x0000000000001d45      0x341 /home/ol/workspace/1603/preboot_1603/apps/preboot/bin/cortexr-arom-crane/property.a(property.o)
 .debug_abbrev  0x0000000000002086      0x337 /home/ol/workspace/1603/preboot_1603/apps/preboot/bin/cortexr-arom-crane/psram.a(efuse.o)
 .debug_abbrev  0x00000000000023bd      0x2f6 /home/ol/workspace/1603/preboot_1603/apps/preboot/bin/cortexr-arom-crane/psram.a(psram.o)
 .debug_abbrev  0x00000000000026b3      0x1fa /home/ol/workspace/1603/preboot_1603/apps/preboot/bin/cortexr-arom-crane/psram.a(psram_fpga.o)
 .debug_abbrev  0x00000000000028ad      0x3c2 /home/ol/workspace/1603/preboot_1603/apps/preboot/bin/cortexr-arom-crane/psram.a(psram_craneg_a0.o)
 .debug_abbrev  0x0000000000002c6f      0x36d /home/ol/workspace/1603/preboot_1603/apps/preboot/bin/cortexr-arom-crane/psram.a(psram_crane_a0.o)
 .debug_abbrev  0x0000000000002fdc      0x33f /home/ol/workspace/1603/preboot_1603/apps/preboot/bin/cortexr-arom-crane/psram.a(psram_init_uhs_crg.o)
 .debug_abbrev  0x000000000000331b      0x11c /home/ol/workspace/1603/preboot_1603/boards/cortexr-arom-crane/libarom/libarom.a(clock.o)
 .debug_abbrev  0x0000000000003437       0xe1 /home/ol/workspace/1603/preboot_1603/boards/cortexr-arom-crane/libarom/libarom.a(cpu.o)
 .debug_abbrev  0x0000000000003518      0x13e /home/ol/workspace/1603/preboot_1603/boards/cortexr-arom-crane/libarom/libarom.a(gpio.o)
 .debug_abbrev  0x0000000000003656      0x442 /home/ol/workspace/1603/preboot_1603/boards/cortexr-arom-crane/libarom/libarom.a(i2c.o)
 .debug_abbrev  0x0000000000003a98       0xed /home/ol/workspace/1603/preboot_1603/boards/cortexr-arom-crane/libarom/libarom.a(mfp.o)
 .debug_abbrev  0x0000000000003b85      0x1c8 /home/ol/workspace/1603/preboot_1603/boards/cortexr-arom-crane/libarom/libarom.a(secureboot.o)
 .debug_abbrev  0x0000000000003d4d      0x164 /home/ol/workspace/1603/preboot_1603/boards/cortexr-arom-crane/libarom/libarom.a(smux.o)

.debug_loc      0x0000000000000000     0x5613
 .debug_loc     0x0000000000000000      0x34e /home/ol/workspace/1603/preboot_1603/apps/preboot/bin/cortexr-arom-crane/newlib_syscalls_default/syscalls.o
 .debug_loc     0x000000000000034e       0xea /home/ol/workspace/1603/preboot_1603/boards/cortexr-arom-crane/libarom/libarom.a(dbg.o)
 .debug_loc     0x0000000000000438      0x13b /home/ol/workspace/1603/preboot_1603/boards/cortexr-arom-crane/libarom/libarom.a(syscall.o)
 .debug_loc     0x0000000000000573      0x68b /home/ol/workspace/1603/preboot_1603/boards/cortexr-arom-crane/libarom/libarom.a(aboot_cmd.o)
 .debug_loc     0x0000000000000bfe       0xa1 /home/ol/workspace/1603/preboot_1603/boards/cortexr-arom-crane/libarom/libarom.a(heapmem.o)
 .debug_loc     0x0000000000000c9f      0x13e /home/ol/workspace/1603/preboot_1603/boards/cortexr-arom-crane/libarom/libarom.a(log.o)
 .debug_loc     0x0000000000000ddd       0x91 /home/ol/workspace/1603/preboot_1603/apps/preboot/bin/cortexr-arom-crane/dbg-io.a(printf.o)
 .debug_loc     0x0000000000000e6e      0xf70 /home/ol/workspace/1603/preboot_1603/apps/preboot/bin/cortexr-arom-crane/dbg-io.a(strformat.o)
 .debug_loc     0x0000000000001dde       0x90 /home/ol/workspace/1603/preboot_1603/apps/preboot/bin/cortexr-arom-crane/application_preboot.a(main.o)
 .debug_loc     0x0000000000001e6e      0x117 /home/ol/workspace/1603/preboot_1603/apps/preboot/bin/cortexr-arom-crane/core.a(cinit.o)
 .debug_loc     0x0000000000001f85      0x2d7 /home/ol/workspace/1603/preboot_1603/apps/preboot/bin/cortexr-arom-crane/cpu.a(freq.o)
 .debug_loc     0x000000000000225c      0x219 /home/ol/workspace/1603/preboot_1603/apps/preboot/bin/cortexr-arom-crane/cpu.a(pmic.o)
 .debug_loc     0x0000000000002475      0x535 /home/ol/workspace/1603/preboot_1603/apps/preboot/bin/cortexr-arom-crane/property.a(property.o)
 .debug_loc     0x00000000000029aa      0x19e /home/ol/workspace/1603/preboot_1603/apps/preboot/bin/cortexr-arom-crane/psram.a(efuse.o)
 .debug_loc     0x0000000000002b48      0x528 /home/ol/workspace/1603/preboot_1603/apps/preboot/bin/cortexr-arom-crane/psram.a(psram.o)
 .debug_loc     0x0000000000003070      0x113 /home/ol/workspace/1603/preboot_1603/apps/preboot/bin/cortexr-arom-crane/psram.a(psram_fpga.o)
 .debug_loc     0x0000000000003183      0x43a /home/ol/workspace/1603/preboot_1603/apps/preboot/bin/cortexr-arom-crane/psram.a(psram_craneg_a0.o)
 .debug_loc     0x00000000000035bd      0x353 /home/ol/workspace/1603/preboot_1603/apps/preboot/bin/cortexr-arom-crane/psram.a(psram_crane_a0.o)
 .debug_loc     0x0000000000003910      0x1c7 /home/ol/workspace/1603/preboot_1603/apps/preboot/bin/cortexr-arom-crane/psram.a(psram_init_uhs_crg.o)
 .debug_loc     0x0000000000003ad7      0x13b /home/ol/workspace/1603/preboot_1603/boards/cortexr-arom-crane/libarom/libarom.a(clock.o)
 .debug_loc     0x0000000000003c12       0x5a /home/ol/workspace/1603/preboot_1603/boards/cortexr-arom-crane/libarom/libarom.a(cpu.o)
 .debug_loc     0x0000000000003c6c      0x257 /home/ol/workspace/1603/preboot_1603/boards/cortexr-arom-crane/libarom/libarom.a(gpio.o)
 .debug_loc     0x0000000000003ec3      0xfd8 /home/ol/workspace/1603/preboot_1603/boards/cortexr-arom-crane/libarom/libarom.a(i2c.o)
 .debug_loc     0x0000000000004e9b       0x7b /home/ol/workspace/1603/preboot_1603/boards/cortexr-arom-crane/libarom/libarom.a(mfp.o)
 .debug_loc     0x0000000000004f16      0x489 /home/ol/workspace/1603/preboot_1603/boards/cortexr-arom-crane/libarom/libarom.a(secureboot.o)
 .debug_loc     0x000000000000539f      0x274 /home/ol/workspace/1603/preboot_1603/boards/cortexr-arom-crane/libarom/libarom.a(smux.o)

.debug_aranges  0x0000000000000000      0x6d0
 .debug_aranges
                0x0000000000000000       0x98 /home/ol/workspace/1603/preboot_1603/apps/preboot/bin/cortexr-arom-crane/newlib_syscalls_default/syscalls.o
 .debug_aranges
                0x0000000000000098       0x20 /home/ol/workspace/1603/preboot_1603/boards/cortexr-arom-crane/libarom/libarom.a(dbg.o)
 .debug_aranges
                0x00000000000000b8       0x48 /home/ol/workspace/1603/preboot_1603/boards/cortexr-arom-crane/libarom/libarom.a(syscall.o)
 .debug_aranges
                0x0000000000000100       0x50 /home/ol/workspace/1603/preboot_1603/boards/cortexr-arom-crane/libarom/libarom.a(aboot_cmd.o)
 .debug_aranges
                0x0000000000000150       0x30 /home/ol/workspace/1603/preboot_1603/boards/cortexr-arom-crane/libarom/libarom.a(heapmem.o)
 .debug_aranges
                0x0000000000000180       0x30 /home/ol/workspace/1603/preboot_1603/boards/cortexr-arom-crane/libarom/libarom.a(log.o)
 .debug_aranges
                0x00000000000001b0       0x20 /home/ol/workspace/1603/preboot_1603/apps/preboot/bin/cortexr-arom-crane/cpu.a(startup.o)
 .debug_aranges
                0x00000000000001d0       0x28 /home/ol/workspace/1603/preboot_1603/apps/preboot/bin/cortexr-arom-crane/dbg-io.a(printf.o)
 .debug_aranges
                0x00000000000001f8       0x30 /home/ol/workspace/1603/preboot_1603/apps/preboot/bin/cortexr-arom-crane/dbg-io.a(strformat.o)
 .debug_aranges
                0x0000000000000228       0x28 /home/ol/workspace/1603/preboot_1603/apps/preboot/bin/cortexr-arom-crane/application_preboot.a(main.o)
 .debug_aranges
                0x0000000000000250       0x30 /home/ol/workspace/1603/preboot_1603/apps/preboot/bin/cortexr-arom-crane/core.a(cinit.o)
 .debug_aranges
                0x0000000000000280       0x40 /home/ol/workspace/1603/preboot_1603/apps/preboot/bin/cortexr-arom-crane/cpu.a(freq.o)
 .debug_aranges
                0x00000000000002c0       0xb0 /home/ol/workspace/1603/preboot_1603/apps/preboot/bin/cortexr-arom-crane/cpu.a(pmic.o)
 .debug_aranges
                0x0000000000000370       0x48 /home/ol/workspace/1603/preboot_1603/apps/preboot/bin/cortexr-arom-crane/property.a(property.o)
 .debug_aranges
                0x00000000000003b8       0x40 /home/ol/workspace/1603/preboot_1603/apps/preboot/bin/cortexr-arom-crane/psram.a(efuse.o)
 .debug_aranges
                0x00000000000003f8       0x50 /home/ol/workspace/1603/preboot_1603/apps/preboot/bin/cortexr-arom-crane/psram.a(psram.o)
 .debug_aranges
                0x0000000000000448       0x20 /home/ol/workspace/1603/preboot_1603/apps/preboot/bin/cortexr-arom-crane/psram.a(psram_fpga.o)
 .debug_aranges
                0x0000000000000468       0x28 /home/ol/workspace/1603/preboot_1603/apps/preboot/bin/cortexr-arom-crane/psram.a(psram_craneg_a0.o)
 .debug_aranges
                0x0000000000000490       0x28 /home/ol/workspace/1603/preboot_1603/apps/preboot/bin/cortexr-arom-crane/psram.a(psram_crane_a0.o)
 .debug_aranges
                0x00000000000004b8       0x28 /home/ol/workspace/1603/preboot_1603/apps/preboot/bin/cortexr-arom-crane/psram.a(psram_init_uhs_crg.o)
 .debug_aranges
                0x00000000000004e0       0x30 /home/ol/workspace/1603/preboot_1603/boards/cortexr-arom-crane/libarom/libarom.a(clock.o)
 .debug_aranges
                0x0000000000000510       0x28 /home/ol/workspace/1603/preboot_1603/boards/cortexr-arom-crane/libarom/libarom.a(cpu.o)
 .debug_aranges
                0x0000000000000538       0x38 /home/ol/workspace/1603/preboot_1603/boards/cortexr-arom-crane/libarom/libarom.a(gpio.o)
 .debug_aranges
                0x0000000000000570       0xb0 /home/ol/workspace/1603/preboot_1603/boards/cortexr-arom-crane/libarom/libarom.a(i2c.o)
 .debug_aranges
                0x0000000000000620       0x20 /home/ol/workspace/1603/preboot_1603/boards/cortexr-arom-crane/libarom/libarom.a(mfp.o)
 .debug_aranges
                0x0000000000000640       0x48 /home/ol/workspace/1603/preboot_1603/boards/cortexr-arom-crane/libarom/libarom.a(secureboot.o)
 .debug_aranges
                0x0000000000000688       0x48 /home/ol/workspace/1603/preboot_1603/boards/cortexr-arom-crane/libarom/libarom.a(smux.o)

.debug_ranges   0x0000000000000000      0xda0
 .debug_ranges  0x0000000000000000       0x88 /home/ol/workspace/1603/preboot_1603/apps/preboot/bin/cortexr-arom-crane/newlib_syscalls_default/syscalls.o
 .debug_ranges  0x0000000000000088       0x10 /home/ol/workspace/1603/preboot_1603/boards/cortexr-arom-crane/libarom/libarom.a(dbg.o)
 .debug_ranges  0x0000000000000098       0x38 /home/ol/workspace/1603/preboot_1603/boards/cortexr-arom-crane/libarom/libarom.a(syscall.o)
 .debug_ranges  0x00000000000000d0       0x80 /home/ol/workspace/1603/preboot_1603/boards/cortexr-arom-crane/libarom/libarom.a(aboot_cmd.o)
 .debug_ranges  0x0000000000000150       0x20 /home/ol/workspace/1603/preboot_1603/boards/cortexr-arom-crane/libarom/libarom.a(heapmem.o)
 .debug_ranges  0x0000000000000170       0x38 /home/ol/workspace/1603/preboot_1603/boards/cortexr-arom-crane/libarom/libarom.a(log.o)
 .debug_ranges  0x00000000000001a8       0x10 /home/ol/workspace/1603/preboot_1603/apps/preboot/bin/cortexr-arom-crane/cpu.a(startup.o)
 .debug_ranges  0x00000000000001b8       0x18 /home/ol/workspace/1603/preboot_1603/apps/preboot/bin/cortexr-arom-crane/dbg-io.a(printf.o)
 .debug_ranges  0x00000000000001d0      0x170 /home/ol/workspace/1603/preboot_1603/apps/preboot/bin/cortexr-arom-crane/dbg-io.a(strformat.o)
 .debug_ranges  0x0000000000000340       0x68 /home/ol/workspace/1603/preboot_1603/apps/preboot/bin/cortexr-arom-crane/application_preboot.a(main.o)
 .debug_ranges  0x00000000000003a8       0x20 /home/ol/workspace/1603/preboot_1603/apps/preboot/bin/cortexr-arom-crane/core.a(cinit.o)
 .debug_ranges  0x00000000000003c8       0x60 /home/ol/workspace/1603/preboot_1603/apps/preboot/bin/cortexr-arom-crane/cpu.a(freq.o)
 .debug_ranges  0x0000000000000428       0xd0 /home/ol/workspace/1603/preboot_1603/apps/preboot/bin/cortexr-arom-crane/cpu.a(pmic.o)
 .debug_ranges  0x00000000000004f8       0xb0 /home/ol/workspace/1603/preboot_1603/apps/preboot/bin/cortexr-arom-crane/property.a(property.o)
 .debug_ranges  0x00000000000005a8       0x70 /home/ol/workspace/1603/preboot_1603/apps/preboot/bin/cortexr-arom-crane/psram.a(efuse.o)
 .debug_ranges  0x0000000000000618       0x58 /home/ol/workspace/1603/preboot_1603/apps/preboot/bin/cortexr-arom-crane/psram.a(psram.o)
 .debug_ranges  0x0000000000000670       0x10 /home/ol/workspace/1603/preboot_1603/apps/preboot/bin/cortexr-arom-crane/psram.a(psram_fpga.o)
 .debug_ranges  0x0000000000000680      0x1f8 /home/ol/workspace/1603/preboot_1603/apps/preboot/bin/cortexr-arom-crane/psram.a(psram_craneg_a0.o)
 .debug_ranges  0x0000000000000878      0x1e0 /home/ol/workspace/1603/preboot_1603/apps/preboot/bin/cortexr-arom-crane/psram.a(psram_crane_a0.o)
 .debug_ranges  0x0000000000000a58       0xd8 /home/ol/workspace/1603/preboot_1603/apps/preboot/bin/cortexr-arom-crane/psram.a(psram_init_uhs_crg.o)
 .debug_ranges  0x0000000000000b30       0x20 /home/ol/workspace/1603/preboot_1603/boards/cortexr-arom-crane/libarom/libarom.a(clock.o)
 .debug_ranges  0x0000000000000b50       0x18 /home/ol/workspace/1603/preboot_1603/boards/cortexr-arom-crane/libarom/libarom.a(cpu.o)
 .debug_ranges  0x0000000000000b68       0x28 /home/ol/workspace/1603/preboot_1603/boards/cortexr-arom-crane/libarom/libarom.a(gpio.o)
 .debug_ranges  0x0000000000000b90      0x190 /home/ol/workspace/1603/preboot_1603/boards/cortexr-arom-crane/libarom/libarom.a(i2c.o)
 .debug_ranges  0x0000000000000d20       0x10 /home/ol/workspace/1603/preboot_1603/boards/cortexr-arom-crane/libarom/libarom.a(mfp.o)
 .debug_ranges  0x0000000000000d30       0x38 /home/ol/workspace/1603/preboot_1603/boards/cortexr-arom-crane/libarom/libarom.a(secureboot.o)
 .debug_ranges  0x0000000000000d68       0x38 /home/ol/workspace/1603/preboot_1603/boards/cortexr-arom-crane/libarom/libarom.a(smux.o)

.debug_macro    0x0000000000000000    0x1971f
 .debug_macro   0x0000000000000000      0x32e /home/ol/workspace/1603/preboot_1603/apps/preboot/bin/cortexr-arom-crane/newlib_syscalls_default/syscalls.o
 .debug_macro   0x000000000000032e      0xaa2 /home/ol/workspace/1603/preboot_1603/apps/preboot/bin/cortexr-arom-crane/newlib_syscalls_default/syscalls.o
 .debug_macro   0x0000000000000dd0       0x88 /home/ol/workspace/1603/preboot_1603/apps/preboot/bin/cortexr-arom-crane/newlib_syscalls_default/syscalls.o
 .debug_macro   0x0000000000000e58       0x22 /home/ol/workspace/1603/preboot_1603/apps/preboot/bin/cortexr-arom-crane/newlib_syscalls_default/syscalls.o
 .debug_macro   0x0000000000000e7a       0x46 /home/ol/workspace/1603/preboot_1603/apps/preboot/bin/cortexr-arom-crane/newlib_syscalls_default/syscalls.o
 .debug_macro   0x0000000000000ec0       0x18 /home/ol/workspace/1603/preboot_1603/apps/preboot/bin/cortexr-arom-crane/newlib_syscalls_default/syscalls.o
 .debug_macro   0x0000000000000ed8       0x94 /home/ol/workspace/1603/preboot_1603/apps/preboot/bin/cortexr-arom-crane/newlib_syscalls_default/syscalls.o
 .debug_macro   0x0000000000000f6c       0x3c /home/ol/workspace/1603/preboot_1603/apps/preboot/bin/cortexr-arom-crane/newlib_syscalls_default/syscalls.o
 .debug_macro   0x0000000000000fa8       0x34 /home/ol/workspace/1603/preboot_1603/apps/preboot/bin/cortexr-arom-crane/newlib_syscalls_default/syscalls.o
 .debug_macro   0x0000000000000fdc       0x10 /home/ol/workspace/1603/preboot_1603/apps/preboot/bin/cortexr-arom-crane/newlib_syscalls_default/syscalls.o
 .debug_macro   0x0000000000000fec       0x57 /home/ol/workspace/1603/preboot_1603/apps/preboot/bin/cortexr-arom-crane/newlib_syscalls_default/syscalls.o
 .debug_macro   0x0000000000001043       0xcf /home/ol/workspace/1603/preboot_1603/apps/preboot/bin/cortexr-arom-crane/newlib_syscalls_default/syscalls.o
 .debug_macro   0x0000000000001112      0x35c /home/ol/workspace/1603/preboot_1603/apps/preboot/bin/cortexr-arom-crane/newlib_syscalls_default/syscalls.o
 .debug_macro   0x000000000000146e       0x10 /home/ol/workspace/1603/preboot_1603/apps/preboot/bin/cortexr-arom-crane/newlib_syscalls_default/syscalls.o
 .debug_macro   0x000000000000147e       0xb7 /home/ol/workspace/1603/preboot_1603/apps/preboot/bin/cortexr-arom-crane/newlib_syscalls_default/syscalls.o
 .debug_macro   0x0000000000001535       0x58 /home/ol/workspace/1603/preboot_1603/apps/preboot/bin/cortexr-arom-crane/newlib_syscalls_default/syscalls.o
 .debug_macro   0x000000000000158d       0x1f /home/ol/workspace/1603/preboot_1603/apps/preboot/bin/cortexr-arom-crane/newlib_syscalls_default/syscalls.o
 .debug_macro   0x00000000000015ac       0x43 /home/ol/workspace/1603/preboot_1603/apps/preboot/bin/cortexr-arom-crane/newlib_syscalls_default/syscalls.o
 .debug_macro   0x00000000000015ef       0x20 /home/ol/workspace/1603/preboot_1603/apps/preboot/bin/cortexr-arom-crane/newlib_syscalls_default/syscalls.o
 .debug_macro   0x000000000000160f       0x6a /home/ol/workspace/1603/preboot_1603/apps/preboot/bin/cortexr-arom-crane/newlib_syscalls_default/syscalls.o
 .debug_macro   0x0000000000001679       0x1c /home/ol/workspace/1603/preboot_1603/apps/preboot/bin/cortexr-arom-crane/newlib_syscalls_default/syscalls.o
 .debug_macro   0x0000000000001695       0x52 /home/ol/workspace/1603/preboot_1603/apps/preboot/bin/cortexr-arom-crane/newlib_syscalls_default/syscalls.o
 .debug_macro   0x00000000000016e7       0x40 /home/ol/workspace/1603/preboot_1603/apps/preboot/bin/cortexr-arom-crane/newlib_syscalls_default/syscalls.o
 .debug_macro   0x0000000000001727       0x10 /home/ol/workspace/1603/preboot_1603/apps/preboot/bin/cortexr-arom-crane/newlib_syscalls_default/syscalls.o
 .debug_macro   0x0000000000001737       0x40 /home/ol/workspace/1603/preboot_1603/apps/preboot/bin/cortexr-arom-crane/newlib_syscalls_default/syscalls.o
 .debug_macro   0x0000000000001777       0xd7 /home/ol/workspace/1603/preboot_1603/apps/preboot/bin/cortexr-arom-crane/newlib_syscalls_default/syscalls.o
 .debug_macro   0x000000000000184e       0x1c /home/ol/workspace/1603/preboot_1603/apps/preboot/bin/cortexr-arom-crane/newlib_syscalls_default/syscalls.o
 .debug_macro   0x000000000000186a       0x3d /home/ol/workspace/1603/preboot_1603/apps/preboot/bin/cortexr-arom-crane/newlib_syscalls_default/syscalls.o
 .debug_macro   0x00000000000018a7      0x51a /home/ol/workspace/1603/preboot_1603/apps/preboot/bin/cortexr-arom-crane/newlib_syscalls_default/syscalls.o
 .debug_macro   0x0000000000001dc1      0x1a3 /home/ol/workspace/1603/preboot_1603/apps/preboot/bin/cortexr-arom-crane/newlib_syscalls_default/syscalls.o
 .debug_macro   0x0000000000001f64       0x10 /home/ol/workspace/1603/preboot_1603/apps/preboot/bin/cortexr-arom-crane/newlib_syscalls_default/syscalls.o
 .debug_macro   0x0000000000001f74       0x35 /home/ol/workspace/1603/preboot_1603/apps/preboot/bin/cortexr-arom-crane/newlib_syscalls_default/syscalls.o
 .debug_macro   0x0000000000001fa9       0x10 /home/ol/workspace/1603/preboot_1603/apps/preboot/bin/cortexr-arom-crane/newlib_syscalls_default/syscalls.o
 .debug_macro   0x0000000000001fb9      0x241 /home/ol/workspace/1603/preboot_1603/apps/preboot/bin/cortexr-arom-crane/newlib_syscalls_default/syscalls.o
 .debug_macro   0x00000000000021fa       0x16 /home/ol/workspace/1603/preboot_1603/apps/preboot/bin/cortexr-arom-crane/newlib_syscalls_default/syscalls.o
 .debug_macro   0x0000000000002210       0x10 /home/ol/workspace/1603/preboot_1603/apps/preboot/bin/cortexr-arom-crane/newlib_syscalls_default/syscalls.o
 .debug_macro   0x0000000000002220       0x10 /home/ol/workspace/1603/preboot_1603/apps/preboot/bin/cortexr-arom-crane/newlib_syscalls_default/syscalls.o
 .debug_macro   0x0000000000002230       0x16 /home/ol/workspace/1603/preboot_1603/apps/preboot/bin/cortexr-arom-crane/newlib_syscalls_default/syscalls.o
 .debug_macro   0x0000000000002246      0x130 /home/ol/workspace/1603/preboot_1603/apps/preboot/bin/cortexr-arom-crane/newlib_syscalls_default/syscalls.o
 .debug_macro   0x0000000000002376       0x16 /home/ol/workspace/1603/preboot_1603/apps/preboot/bin/cortexr-arom-crane/newlib_syscalls_default/syscalls.o
 .debug_macro   0x000000000000238c       0x16 /home/ol/workspace/1603/preboot_1603/apps/preboot/bin/cortexr-arom-crane/newlib_syscalls_default/syscalls.o
 .debug_macro   0x00000000000023a2       0x29 /home/ol/workspace/1603/preboot_1603/apps/preboot/bin/cortexr-arom-crane/newlib_syscalls_default/syscalls.o
 .debug_macro   0x00000000000023cb       0x16 /home/ol/workspace/1603/preboot_1603/apps/preboot/bin/cortexr-arom-crane/newlib_syscalls_default/syscalls.o
 .debug_macro   0x00000000000023e1       0x16 /home/ol/workspace/1603/preboot_1603/apps/preboot/bin/cortexr-arom-crane/newlib_syscalls_default/syscalls.o
 .debug_macro   0x00000000000023f7       0x10 /home/ol/workspace/1603/preboot_1603/apps/preboot/bin/cortexr-arom-crane/newlib_syscalls_default/syscalls.o
 .debug_macro   0x0000000000002407       0x41 /home/ol/workspace/1603/preboot_1603/apps/preboot/bin/cortexr-arom-crane/newlib_syscalls_default/syscalls.o
 .debug_macro   0x0000000000002448      0x122 /home/ol/workspace/1603/preboot_1603/apps/preboot/bin/cortexr-arom-crane/newlib_syscalls_default/syscalls.o
 .debug_macro   0x000000000000256a       0xef /home/ol/workspace/1603/preboot_1603/apps/preboot/bin/cortexr-arom-crane/newlib_syscalls_default/syscalls.o
 .debug_macro   0x0000000000002659      0x1df /home/ol/workspace/1603/preboot_1603/apps/preboot/bin/cortexr-arom-crane/newlib_syscalls_default/syscalls.o
 .debug_macro   0x0000000000002838       0x16 /home/ol/workspace/1603/preboot_1603/apps/preboot/bin/cortexr-arom-crane/newlib_syscalls_default/syscalls.o
 .debug_macro   0x000000000000284e       0x16 /home/ol/workspace/1603/preboot_1603/apps/preboot/bin/cortexr-arom-crane/newlib_syscalls_default/syscalls.o
 .debug_macro   0x0000000000002864       0x22 /home/ol/workspace/1603/preboot_1603/apps/preboot/bin/cortexr-arom-crane/newlib_syscalls_default/syscalls.o
 .debug_macro   0x0000000000002886       0x73 /home/ol/workspace/1603/preboot_1603/apps/preboot/bin/cortexr-arom-crane/newlib_syscalls_default/syscalls.o
 .debug_macro   0x00000000000028f9       0x79 /home/ol/workspace/1603/preboot_1603/apps/preboot/bin/cortexr-arom-crane/newlib_syscalls_default/syscalls.o
 .debug_macro   0x0000000000002972       0xfc /home/ol/workspace/1603/preboot_1603/apps/preboot/bin/cortexr-arom-crane/newlib_syscalls_default/syscalls.o
 .debug_macro   0x0000000000002a6e       0x16 /home/ol/workspace/1603/preboot_1603/apps/preboot/bin/cortexr-arom-crane/newlib_syscalls_default/syscalls.o
 .debug_macro   0x0000000000002a84      0x27e /home/ol/workspace/1603/preboot_1603/boards/cortexr-arom-crane/libarom/libarom.a(dbg.o)
 .debug_macro   0x0000000000002d02      0xa7e /home/ol/workspace/1603/preboot_1603/boards/cortexr-arom-crane/libarom/libarom.a(dbg.o)
 .debug_macro   0x0000000000003780       0x8e /home/ol/workspace/1603/preboot_1603/boards/cortexr-arom-crane/libarom/libarom.a(dbg.o)
 .debug_macro   0x000000000000380e       0x80 /home/ol/workspace/1603/preboot_1603/boards/cortexr-arom-crane/libarom/libarom.a(dbg.o)
 .debug_macro   0x000000000000388e       0x22 /home/ol/workspace/1603/preboot_1603/boards/cortexr-arom-crane/libarom/libarom.a(dbg.o)
 .debug_macro   0x00000000000038b0       0xe0 /home/ol/workspace/1603/preboot_1603/boards/cortexr-arom-crane/libarom/libarom.a(dbg.o)
 .debug_macro   0x0000000000003990       0x51 /home/ol/workspace/1603/preboot_1603/boards/cortexr-arom-crane/libarom/libarom.a(dbg.o)
 .debug_macro   0x00000000000039e1      0x103 /home/ol/workspace/1603/preboot_1603/boards/cortexr-arom-crane/libarom/libarom.a(dbg.o)
 .debug_macro   0x0000000000003ae4       0x52 /home/ol/workspace/1603/preboot_1603/boards/cortexr-arom-crane/libarom/libarom.a(dbg.o)
 .debug_macro   0x0000000000003b36       0x18 /home/ol/workspace/1603/preboot_1603/boards/cortexr-arom-crane/libarom/libarom.a(dbg.o)
 .debug_macro   0x0000000000003b4e       0x3c /home/ol/workspace/1603/preboot_1603/boards/cortexr-arom-crane/libarom/libarom.a(dbg.o)
 .debug_macro   0x0000000000003b8a       0x97 /home/ol/workspace/1603/preboot_1603/boards/cortexr-arom-crane/libarom/libarom.a(dbg.o)
 .debug_macro   0x0000000000003c21      0x356 /home/ol/workspace/1603/preboot_1603/boards/cortexr-arom-crane/libarom/libarom.a(dbg.o)
 .debug_macro   0x0000000000003f77       0xf6 /home/ol/workspace/1603/preboot_1603/boards/cortexr-arom-crane/libarom/libarom.a(dbg.o)
 .debug_macro   0x000000000000406d       0x16 /home/ol/workspace/1603/preboot_1603/boards/cortexr-arom-crane/libarom/libarom.a(dbg.o)
 .debug_macro   0x0000000000004083       0x34 /home/ol/workspace/1603/preboot_1603/boards/cortexr-arom-crane/libarom/libarom.a(dbg.o)
 .debug_macro   0x00000000000040b7       0x10 /home/ol/workspace/1603/preboot_1603/boards/cortexr-arom-crane/libarom/libarom.a(dbg.o)
 .debug_macro   0x00000000000040c7       0x71 /home/ol/workspace/1603/preboot_1603/boards/cortexr-arom-crane/libarom/libarom.a(dbg.o)
 .debug_macro   0x0000000000004138       0x28 /home/ol/workspace/1603/preboot_1603/boards/cortexr-arom-crane/libarom/libarom.a(dbg.o)
 .debug_macro   0x0000000000004160      0x12a /home/ol/workspace/1603/preboot_1603/boards/cortexr-arom-crane/libarom/libarom.a(dbg.o)
 .debug_macro   0x000000000000428a       0x10 /home/ol/workspace/1603/preboot_1603/boards/cortexr-arom-crane/libarom/libarom.a(dbg.o)
 .debug_macro   0x000000000000429a       0x22 /home/ol/workspace/1603/preboot_1603/boards/cortexr-arom-crane/libarom/libarom.a(dbg.o)
 .debug_macro   0x00000000000042bc       0xd5 /home/ol/workspace/1603/preboot_1603/boards/cortexr-arom-crane/libarom/libarom.a(dbg.o)
 .debug_macro   0x0000000000004391      0x14c /home/ol/workspace/1603/preboot_1603/boards/cortexr-arom-crane/libarom/libarom.a(dbg.o)
 .debug_macro   0x00000000000044dd       0x10 /home/ol/workspace/1603/preboot_1603/boards/cortexr-arom-crane/libarom/libarom.a(dbg.o)
 .debug_macro   0x00000000000044ed       0x18 /home/ol/workspace/1603/preboot_1603/boards/cortexr-arom-crane/libarom/libarom.a(dbg.o)
 .debug_macro   0x0000000000004505      0x234 /home/ol/workspace/1603/preboot_1603/boards/cortexr-arom-crane/libarom/libarom.a(syscall.o)
 .debug_macro   0x0000000000004739      0xa7e /home/ol/workspace/1603/preboot_1603/boards/cortexr-arom-crane/libarom/libarom.a(syscall.o)
 .debug_macro   0x00000000000051b7       0x4c /home/ol/workspace/1603/preboot_1603/boards/cortexr-arom-crane/libarom/libarom.a(syscall.o)
 .debug_macro   0x0000000000005203       0xe6 /home/ol/workspace/1603/preboot_1603/boards/cortexr-arom-crane/libarom/libarom.a(syscall.o)
 .debug_macro   0x00000000000052e9      0x16d /home/ol/workspace/1603/preboot_1603/boards/cortexr-arom-crane/libarom/libarom.a(syscall.o)
 .debug_macro   0x0000000000005456      0x197 /home/ol/workspace/1603/preboot_1603/boards/cortexr-arom-crane/libarom/libarom.a(syscall.o)
 .debug_macro   0x00000000000055ed       0x10 /home/ol/workspace/1603/preboot_1603/boards/cortexr-arom-crane/libarom/libarom.a(syscall.o)
 .debug_macro   0x00000000000055fd       0x19 /home/ol/workspace/1603/preboot_1603/boards/cortexr-arom-crane/libarom/libarom.a(syscall.o)
 .debug_macro   0x0000000000005616       0x1c /home/ol/workspace/1603/preboot_1603/boards/cortexr-arom-crane/libarom/libarom.a(syscall.o)
 .debug_macro   0x0000000000005632       0x29 /home/ol/workspace/1603/preboot_1603/boards/cortexr-arom-crane/libarom/libarom.a(syscall.o)
 .debug_macro   0x000000000000565b      0x2ef /home/ol/workspace/1603/preboot_1603/boards/cortexr-arom-crane/libarom/libarom.a(aboot_cmd.o)
 .debug_macro   0x000000000000594a      0xa7e /home/ol/workspace/1603/preboot_1603/boards/cortexr-arom-crane/libarom/libarom.a(aboot_cmd.o)
 .debug_macro   0x00000000000063c8      0x10e /home/ol/workspace/1603/preboot_1603/boards/cortexr-arom-crane/libarom/libarom.a(aboot_cmd.o)
 .debug_macro   0x00000000000064d6       0x86 /home/ol/workspace/1603/preboot_1603/boards/cortexr-arom-crane/libarom/libarom.a(aboot_cmd.o)
 .debug_macro   0x000000000000655c       0x22 /home/ol/workspace/1603/preboot_1603/boards/cortexr-arom-crane/libarom/libarom.a(aboot_cmd.o)
 .debug_macro   0x000000000000657e       0x16 /home/ol/workspace/1603/preboot_1603/boards/cortexr-arom-crane/libarom/libarom.a(aboot_cmd.o)
 .debug_macro   0x0000000000006594       0x52 /home/ol/workspace/1603/preboot_1603/boards/cortexr-arom-crane/libarom/libarom.a(aboot_cmd.o)
 .debug_macro   0x00000000000065e6       0xb8 /home/ol/workspace/1603/preboot_1603/boards/cortexr-arom-crane/libarom/libarom.a(aboot_cmd.o)
 .debug_macro   0x000000000000669e       0x2e /home/ol/workspace/1603/preboot_1603/boards/cortexr-arom-crane/libarom/libarom.a(aboot_cmd.o)
 .debug_macro   0x00000000000066cc       0x82 /home/ol/workspace/1603/preboot_1603/boards/cortexr-arom-crane/libarom/libarom.a(aboot_cmd.o)
 .debug_macro   0x000000000000674e      0x171 /home/ol/workspace/1603/preboot_1603/boards/cortexr-arom-crane/libarom/libarom.a(heapmem.o)
 .debug_macro   0x00000000000068bf      0xa7e /home/ol/workspace/1603/preboot_1603/boards/cortexr-arom-crane/libarom/libarom.a(heapmem.o)
 .debug_macro   0x000000000000733d       0x10 /home/ol/workspace/1603/preboot_1603/boards/cortexr-arom-crane/libarom/libarom.a(heapmem.o)
 .debug_macro   0x000000000000734d       0x3c /home/ol/workspace/1603/preboot_1603/boards/cortexr-arom-crane/libarom/libarom.a(heapmem.o)
 .debug_macro   0x0000000000007389      0x1ff /home/ol/workspace/1603/preboot_1603/boards/cortexr-arom-crane/libarom/libarom.a(log.o)
 .debug_macro   0x0000000000007588      0xa7e /home/ol/workspace/1603/preboot_1603/boards/cortexr-arom-crane/libarom/libarom.a(log.o)
 .debug_macro   0x0000000000008006       0x7f /home/ol/workspace/1603/preboot_1603/apps/preboot/bin/cortexr-arom-crane/cpu.a(startup.o)
 .debug_macro   0x0000000000008085      0xaa2 /home/ol/workspace/1603/preboot_1603/apps/preboot/bin/cortexr-arom-crane/cpu.a(startup.o)
 .debug_macro   0x0000000000008b27       0x8e /home/ol/workspace/1603/preboot_1603/apps/preboot/bin/cortexr-arom-crane/cpu.a(startup.o)
 .debug_macro   0x0000000000008bb5      0x2a9 /home/ol/workspace/1603/preboot_1603/apps/preboot/bin/cortexr-arom-crane/dbg-io.a(printf.o)
 .debug_macro   0x0000000000008e5e      0xaa2 /home/ol/workspace/1603/preboot_1603/apps/preboot/bin/cortexr-arom-crane/dbg-io.a(printf.o)
 .debug_macro   0x0000000000009900       0x4c /home/ol/workspace/1603/preboot_1603/apps/preboot/bin/cortexr-arom-crane/dbg-io.a(printf.o)
 .debug_macro   0x000000000000994c      0x145 /home/ol/workspace/1603/preboot_1603/apps/preboot/bin/cortexr-arom-crane/dbg-io.a(printf.o)
 .debug_macro   0x0000000000009a91       0x4c /home/ol/workspace/1603/preboot_1603/apps/preboot/bin/cortexr-arom-crane/dbg-io.a(printf.o)
 .debug_macro   0x0000000000009add       0x10 /home/ol/workspace/1603/preboot_1603/apps/preboot/bin/cortexr-arom-crane/dbg-io.a(printf.o)
 .debug_macro   0x0000000000009aed      0x414 /home/ol/workspace/1603/preboot_1603/apps/preboot/bin/cortexr-arom-crane/dbg-io.a(strformat.o)
 .debug_macro   0x0000000000009f01      0xaa2 /home/ol/workspace/1603/preboot_1603/apps/preboot/bin/cortexr-arom-crane/dbg-io.a(strformat.o)
 .debug_macro   0x000000000000a9a3      0x401 /home/ol/workspace/1603/preboot_1603/apps/preboot/bin/cortexr-arom-crane/application_preboot.a(main.o)
 .debug_macro   0x000000000000ada4      0xaa2 /home/ol/workspace/1603/preboot_1603/apps/preboot/bin/cortexr-arom-crane/application_preboot.a(main.o)
 .debug_macro   0x000000000000b846       0x40 /home/ol/workspace/1603/preboot_1603/apps/preboot/bin/cortexr-arom-crane/application_preboot.a(main.o)
 .debug_macro   0x000000000000b886       0x46 /home/ol/workspace/1603/preboot_1603/apps/preboot/bin/cortexr-arom-crane/application_preboot.a(main.o)
 .debug_macro   0x000000000000b8cc       0xfa /home/ol/workspace/1603/preboot_1603/apps/preboot/bin/cortexr-arom-crane/application_preboot.a(main.o)
 .debug_macro   0x000000000000b9c6       0x4c /home/ol/workspace/1603/preboot_1603/apps/preboot/bin/cortexr-arom-crane/application_preboot.a(main.o)
 .debug_macro   0x000000000000ba12      0x289 /home/ol/workspace/1603/preboot_1603/apps/preboot/bin/cortexr-arom-crane/application_preboot.a(main.o)
 .debug_macro   0x000000000000bc9b      0x130 /home/ol/workspace/1603/preboot_1603/apps/preboot/bin/cortexr-arom-crane/application_preboot.a(main.o)
 .debug_macro   0x000000000000bdcb       0x38 /home/ol/workspace/1603/preboot_1603/apps/preboot/bin/cortexr-arom-crane/application_preboot.a(main.o)
 .debug_macro   0x000000000000be03       0x5e /home/ol/workspace/1603/preboot_1603/apps/preboot/bin/cortexr-arom-crane/application_preboot.a(main.o)
 .debug_macro   0x000000000000be61       0x7c /home/ol/workspace/1603/preboot_1603/apps/preboot/bin/cortexr-arom-crane/application_preboot.a(main.o)
 .debug_macro   0x000000000000bedd       0x17 /home/ol/workspace/1603/preboot_1603/apps/preboot/bin/cortexr-arom-crane/application_preboot.a(main.o)
 .debug_macro   0x000000000000bef4      0x118 /home/ol/workspace/1603/preboot_1603/apps/preboot/bin/cortexr-arom-crane/application_preboot.a(main.o)
 .debug_macro   0x000000000000c00c       0x10 /home/ol/workspace/1603/preboot_1603/apps/preboot/bin/cortexr-arom-crane/application_preboot.a(main.o)
 .debug_macro   0x000000000000c01c       0x7f /home/ol/workspace/1603/preboot_1603/apps/preboot/bin/cortexr-arom-crane/core.a(cinit.o)
 .debug_macro   0x000000000000c09b      0xaa2 /home/ol/workspace/1603/preboot_1603/apps/preboot/bin/cortexr-arom-crane/core.a(cinit.o)
 .debug_macro   0x000000000000cb3d      0x255 /home/ol/workspace/1603/preboot_1603/apps/preboot/bin/cortexr-arom-crane/cpu.a(freq.o)
 .debug_macro   0x000000000000cd92      0xaa2 /home/ol/workspace/1603/preboot_1603/apps/preboot/bin/cortexr-arom-crane/cpu.a(freq.o)
 .debug_macro   0x000000000000d834       0x88 /home/ol/workspace/1603/preboot_1603/apps/preboot/bin/cortexr-arom-crane/cpu.a(freq.o)
 .debug_macro   0x000000000000d8bc      0x35f /home/ol/workspace/1603/preboot_1603/apps/preboot/bin/cortexr-arom-crane/cpu.a(pmic.o)
 .debug_macro   0x000000000000dc1b      0xaa2 /home/ol/workspace/1603/preboot_1603/apps/preboot/bin/cortexr-arom-crane/cpu.a(pmic.o)
 .debug_macro   0x000000000000e6bd       0x32 /home/ol/workspace/1603/preboot_1603/apps/preboot/bin/cortexr-arom-crane/cpu.a(pmic.o)
 .debug_macro   0x000000000000e6ef      0x1f7 /home/ol/workspace/1603/preboot_1603/apps/preboot/bin/cortexr-arom-crane/property.a(property.o)
 .debug_macro   0x000000000000e8e6      0xaa2 /home/ol/workspace/1603/preboot_1603/apps/preboot/bin/cortexr-arom-crane/property.a(property.o)
 .debug_macro   0x000000000000f388      0x2cc /home/ol/workspace/1603/preboot_1603/apps/preboot/bin/cortexr-arom-crane/psram.a(efuse.o)
 .debug_macro   0x000000000000f654      0xaa2 /home/ol/workspace/1603/preboot_1603/apps/preboot/bin/cortexr-arom-crane/psram.a(efuse.o)
 .debug_macro   0x00000000000100f6      0x259 /home/ol/workspace/1603/preboot_1603/apps/preboot/bin/cortexr-arom-crane/psram.a(psram.o)
 .debug_macro   0x000000000001034f      0xaa2 /home/ol/workspace/1603/preboot_1603/apps/preboot/bin/cortexr-arom-crane/psram.a(psram.o)
 .debug_macro   0x0000000000010df1      0x1fc /home/ol/workspace/1603/preboot_1603/apps/preboot/bin/cortexr-arom-crane/psram.a(psram_fpga.o)
 .debug_macro   0x0000000000010fed      0xaa2 /home/ol/workspace/1603/preboot_1603/apps/preboot/bin/cortexr-arom-crane/psram.a(psram_fpga.o)
 .debug_macro   0x0000000000011a8f      0x300 /home/ol/workspace/1603/preboot_1603/apps/preboot/bin/cortexr-arom-crane/psram.a(psram_craneg_a0.o)
 .debug_macro   0x0000000000011d8f      0xaa2 /home/ol/workspace/1603/preboot_1603/apps/preboot/bin/cortexr-arom-crane/psram.a(psram_craneg_a0.o)
 .debug_macro   0x0000000000012831      0x2be /home/ol/workspace/1603/preboot_1603/apps/preboot/bin/cortexr-arom-crane/psram.a(psram_crane_a0.o)
 .debug_macro   0x0000000000012aef      0xaa2 /home/ol/workspace/1603/preboot_1603/apps/preboot/bin/cortexr-arom-crane/psram.a(psram_crane_a0.o)
 .debug_macro   0x0000000000013591      0x2c7 /home/ol/workspace/1603/preboot_1603/apps/preboot/bin/cortexr-arom-crane/psram.a(psram_init_uhs_crg.o)
 .debug_macro   0x0000000000013858      0xaa2 /home/ol/workspace/1603/preboot_1603/apps/preboot/bin/cortexr-arom-crane/psram.a(psram_init_uhs_crg.o)
 .debug_macro   0x00000000000142fa      0x1eb /home/ol/workspace/1603/preboot_1603/boards/cortexr-arom-crane/libarom/libarom.a(clock.o)
 .debug_macro   0x00000000000144e5      0xa7e /home/ol/workspace/1603/preboot_1603/boards/cortexr-arom-crane/libarom/libarom.a(clock.o)
 .debug_macro   0x0000000000014f63       0x97 /home/ol/workspace/1603/preboot_1603/boards/cortexr-arom-crane/libarom/libarom.a(cpu.o)
 .debug_macro   0x0000000000014ffa      0xa7e /home/ol/workspace/1603/preboot_1603/boards/cortexr-arom-crane/libarom/libarom.a(cpu.o)
 .debug_macro   0x0000000000015a78       0xb6 /home/ol/workspace/1603/preboot_1603/boards/cortexr-arom-crane/libarom/libarom.a(gpio.o)