Archive member included to satisfy reference by file (symbol)

/home/ol/Downloads/workspace/1603/stand/cranegm-bootloader-2021.04.06/boards/cortexr-arom-crane/libarom/libarom.a(dbg.o)
                              /home/ol/Downloads/workspace/1603/stand/cranegm-bootloader-2021.04.06/apps/boot2/bin/cortexr-arom-crane/newlib_syscalls_default/syscalls.o (dbg_send_bytes)
/home/ol/Downloads/workspace/1603/stand/cranegm-bootloader-2021.04.06/boards/cortexr-arom-crane/libarom/libarom.a(syscall.o)
                              /home/ol/Downloads/workspace/1603/stand/cranegm-bootloader-2021.04.06/boards/cortexr-arom-crane/libarom/libarom.a(dbg.o) (syscall_get_handler)
/home/ol/Downloads/workspace/1603/stand/cranegm-bootloader-2021.04.06/boards/cortexr-arom-crane/libarom/libarom.a(aboot_cmd.o)
                              /home/ol/Downloads/workspace/1603/stand/cranegm-bootloader-2021.04.06/boards/cortexr-arom-crane/libarom/libarom.a(syscall.o) (aboot_sys_getversion)
/home/ol/Downloads/workspace/1603/stand/cranegm-bootloader-2021.04.06/boards/cortexr-arom-crane/libarom/libarom.a(fastboot.o)
                              /home/ol/Downloads/workspace/1603/stand/cranegm-bootloader-2021.04.06/boards/cortexr-arom-crane/libarom/libarom.a(aboot_cmd.o) (fastboot_okay)
/home/ol/Downloads/workspace/1603/stand/cranegm-bootloader-2021.04.06/boards/cortexr-arom-crane/libarom/libarom.a(heapmem.o)
                              /home/ol/Downloads/workspace/1603/stand/cranegm-bootloader-2021.04.06/boards/cortexr-arom-crane/libarom/libarom.a(aboot_cmd.o) (heapmem_alloc)
/home/ol/Downloads/workspace/1603/stand/cranegm-bootloader-2021.04.06/boards/cortexr-arom-crane/libarom/libarom.a(log.o)
                              /home/ol/Downloads/workspace/1603/stand/cranegm-bootloader-2021.04.06/boards/cortexr-arom-crane/libarom/libarom.a(aboot_cmd.o) (curr_log_level_main)
/home/ol/Downloads/workspace/1603/stand/cranegm-bootloader-2021.04.06/apps/boot2/bin/cortexr-arom-crane/cpu.a(startup.o)
                              (_start)
/home/ol/Downloads/workspace/1603/stand/cranegm-bootloader-2021.04.06/apps/boot2/bin/cortexr-arom-crane/dbg-io.a(printf.o)
                              /home/ol/Downloads/workspace/1603/stand/cranegm-bootloader-2021.04.06/boards/cortexr-arom-crane/libarom/libarom.a(aboot_cmd.o) (printf)
/home/ol/Downloads/workspace/1603/stand/cranegm-bootloader-2021.04.06/apps/boot2/bin/cortexr-arom-crane/dbg-io.a(snprintf.o)
                              /home/ol/Downloads/workspace/1603/stand/cranegm-bootloader-2021.04.06/boards/cortexr-arom-crane/libarom/libarom.a(aboot_cmd.o) (snprintf)
/home/ol/Downloads/workspace/1603/stand/cranegm-bootloader-2021.04.06/apps/boot2/bin/cortexr-arom-crane/dbg-io.a(strformat.o)
                              /home/ol/Downloads/workspace/1603/stand/cranegm-bootloader-2021.04.06/apps/boot2/bin/cortexr-arom-crane/dbg-io.a(printf.o) (format_str_v)
/home/ol/Downloads/workspace/1603/stand/cranegm-bootloader-2021.04.06/apps/boot2/bin/cortexr-arom-crane/ptable.a(ptable.o)
                              /home/ol/Downloads/workspace/1603/stand/cranegm-bootloader-2021.04.06/boards/cortexr-arom-crane/libarom/libarom.a(aboot_cmd.o) (ptable_init)
/home/ol/Downloads/workspace/1603/stand/cranegm-bootloader-2021.04.06/apps/boot2/bin/cortexr-arom-crane/application_boot2.a(main.o)
                              /home/ol/Downloads/workspace/1603/stand/cranegm-bootloader-2021.04.06/apps/boot2/bin/cortexr-arom-crane/cpu.a(startup.o) (main)
/home/ol/Downloads/workspace/1603/stand/cranegm-bootloader-2021.04.06/apps/boot2/bin/cortexr-arom-crane/core.a(cinit.o)
                              /home/ol/Downloads/workspace/1603/stand/cranegm-bootloader-2021.04.06/apps/boot2/bin/cortexr-arom-crane/cpu.a(startup.o) (cinit_clear_bss)
/home/ol/Downloads/workspace/1603/stand/cranegm-bootloader-2021.04.06/apps/boot2/bin/cortexr-arom-crane/cpu.a(pmic.o)
                              /home/ol/Downloads/workspace/1603/stand/cranegm-bootloader-2021.04.06/apps/boot2/bin/cortexr-arom-crane/application_boot2.a(main.o) (pmic_init)
/home/ol/Downloads/workspace/1603/stand/cranegm-bootloader-2021.04.06/apps/boot2/bin/cortexr-arom-crane/crc32.a(crc32.o)
                              /home/ol/Downloads/workspace/1603/stand/cranegm-bootloader-2021.04.06/apps/boot2/bin/cortexr-arom-crane/ptable.a(ptable.o) (crc32)
/home/ol/Downloads/workspace/1603/stand/cranegm-bootloader-2021.04.06/apps/boot2/bin/cortexr-arom-crane/property.a(property.o)
                              /home/ol/Downloads/workspace/1603/stand/cranegm-bootloader-2021.04.06/apps/boot2/bin/cortexr-arom-crane/application_boot2.a(main.o) (asr_property_set)
/home/ol/Downloads/workspace/1603/stand/cranegm-bootloader-2021.04.06/boards/cortexr-arom-crane/libarom/libarom.a(arom-crane.o)
                              /home/ol/Downloads/workspace/1603/stand/cranegm-bootloader-2021.04.06/apps/boot2/bin/cortexr-arom-crane/application_boot2.a(main.o) (arom_main_process)
[...]
Memory Configuration

Name             Origin             Length             Attributes
*default*        0x0000000000000000 0xffffffffffffffff

Linker script and memory map

LOAD /home/ol/Downloads/workspace/1603/stand/cranegm-bootloader-2021.04.06/apps/boot2/bin/cortexr-arom-crane/newlib_syscalls_default/syscalls.o
START GROUP
LOAD /home/ol/Downloads/workspace/1603/stand/cranegm-bootloader-2021.04.06/boards/cortexr-arom-crane/libarom/libarom.a
LOAD /home/ol/Downloads/workspace/1603/stand/cranegm-bootloader-2021.04.06/apps/boot2/bin/cortexr-arom-crane/application_boot2.a
LOAD /home/ol/Downloads/workspace/1603/stand/cranegm-bootloader-2021.04.06/apps/boot2/bin/cortexr-arom-crane/board.a
LOAD /home/ol/Downloads/workspace/1603/stand/cranegm-bootloader-2021.04.06/apps/boot2/bin/cortexr-arom-crane/core.a
LOAD /home/ol/Downloads/workspace/1603/stand/cranegm-bootloader-2021.04.06/apps/boot2/bin/cortexr-arom-crane/cpu.a
LOAD /home/ol/Downloads/workspace/1603/stand/cranegm-bootloader-2021.04.06/apps/boot2/bin/cortexr-arom-crane/crc32.a
LOAD /home/ol/Downloads/workspace/1603/stand/cranegm-bootloader-2021.04.06/apps/boot2/bin/cortexr-arom-crane/dbg-io.a
LOAD /home/ol/Downloads/workspace/1603/stand/cranegm-bootloader-2021.04.06/apps/boot2/bin/cortexr-arom-crane/libarom.a
LOAD /home/ol/Downloads/workspace/1603/stand/cranegm-bootloader-2021.04.06/apps/boot2/bin/cortexr-arom-crane/log.a
LOAD /home/ol/Downloads/workspace/1603/stand/cranegm-bootloader-2021.04.06/apps/boot2/bin/cortexr-arom-crane/newlib_syscalls_default.a
LOAD /home/ol/Downloads/workspace/1603/stand/cranegm-bootloader-2021.04.06/apps/boot2/bin/cortexr-arom-crane/patchlib.a
LOAD /home/ol/Downloads/workspace/1603/stand/cranegm-bootloader-2021.04.06/apps/boot2/bin/cortexr-arom-crane/property.a
LOAD /home/ol/Downloads/workspace/1603/stand/cranegm-bootloader-2021.04.06/apps/boot2/bin/cortexr-arom-crane/ptable.a
LOAD /home/ol/Downloads/workspace/1603/stand/cranegm-bootloader-2021.04.06/apps/boot2/bin/cortexr-arom-crane/sys.a
LOAD /home/ol/Downloads/gcc-arm-none-eabi-9-2019-q4-major/bin/../lib/gcc/arm-none-eabi/9.2.1/../../../../arm-none-eabi/lib/thumb/v7/nofp/libm.a
END GROUP
LOAD /home/ol/Downloads/gcc-arm-none-eabi-9-2019-q4-major/bin/../lib/gcc/arm-none-eabi/9.2.1/thumb/v7/nofp/libgcc.a
LOAD /home/ol/Downloads/gcc-arm-none-eabi-9-2019-q4-major/bin/../lib/gcc/arm-none-eabi/9.2.1/../../../../arm-none-eabi/lib/thumb/v7/nofp/libc_nano.a
LOAD /home/ol/Downloads/gcc-arm-none-eabi-9-2019-q4-major/bin/../lib/gcc/arm-none-eabi/9.2.1/../../../../arm-none-eabi/lib/thumb/v7/nofp/libnosys.a
START GROUP
LOAD /home/ol/Downloads/gcc-arm-none-eabi-9-2019-q4-major/bin/../lib/gcc/arm-none-eabi/9.2.1/thumb/v7/nofp/libgcc.a
LOAD /home/ol/Downloads/gcc-arm-none-eabi-9-2019-q4-major/bin/../lib/gcc/arm-none-eabi/9.2.1/../../../../arm-none-eabi/lib/thumb/v7/nofp/libg_nano.a
LOAD /home/ol/Downloads/gcc-arm-none-eabi-9-2019-q4-major/bin/../lib/gcc/arm-none-eabi/9.2.1/../../../../arm-none-eabi/lib/thumb/v7/nofp/libc_nano.a
END GROUP
START GROUP
LOAD /home/ol/Downloads/gcc-arm-none-eabi-9-2019-q4-major/bin/../lib/gcc/arm-none-eabi/9.2.1/thumb/v7/nofp/libgcc.a
LOAD /home/ol/Downloads/gcc-arm-none-eabi-9-2019-q4-major/bin/../lib/gcc/arm-none-eabi/9.2.1/../../../../arm-none-eabi/lib/thumb/v7/nofp/libc_nano.a
END GROUP
                0x0000000000000c00                __min_heap_size = 0xc00
                0x0000000000000000                __stack_size = 0x0
                0x0000000000005000                __btcm_user_offset = 0x5000
                0x0000000000000080                PROVIDE (__scratch_start = 0x80)
                [!provide]                        PROVIDE (__scratch_end = 0x10000)
                0x00000000b0020000                PROVIDE (__scratch2_start = 0xb0020000)
                0x00000000b0028000                PROVIDE (__scratch2_end = 0xb0028000)
                [!provide]                        PROVIDE (__scratch3_start = 0x7e000000)
                [!provide]                        PROVIDE (__scratch3_end = 0x7e700000)
                0x00000000d100e508                __arom_patch_start = 0xd100e508
                0x00000000d1010000                __arom_patch_end = 0xd1010000
                0x00000000b0025000                __btcm_user_start = (__scratch2_start + __btcm_user_offset)
                0x00000000b0028000                __btcm_user_end = __scratch2_end
                0x0000000000000080                . = __scratch_start

.text           0x0000000000000080     0x2288
                0x0000000000000080                __code_start = .
 *(.text.boot)
 .text.boot     0x0000000000000080       0x28 /home/ol/Downloads/workspace/1603/stand/cranegm-bootloader-2021.04.06/apps/boot2/bin/cortexr-arom-crane/cpu.a(startup.o)
                0x0000000000000080                _start
 *(.text)
 .text          0x00000000000000a8       0x30 /home/ol/Downloads/gcc-arm-none-eabi-9-2019-q4-major/bin/../lib/gcc/arm-none-eabi/9.2.1/thumb/v7/nofp/libgcc.a(_aeabi_uldivmod.o)
                0x00000000000000a8                __aeabi_uldivmod
 .text          0x00000000000000d8      0x11c /home/ol/Downloads/gcc-arm-none-eabi-9-2019-q4-major/bin/../lib/gcc/arm-none-eabi/9.2.1/thumb/v7/nofp/libgcc.a(_udivmoddi4.o)
                0x00000000000000d8                __udivmoddi4
 .text          0x00000000000001f4        0x4 /home/ol/Downloads/gcc-arm-none-eabi-9-2019-q4-major/bin/../lib/gcc/arm-none-eabi/9.2.1/thumb/v7/nofp/libgcc.a(_dvmd_tls.o)
                0x00000000000001f4                __aeabi_ldiv0
                0x00000000000001f4                __aeabi_idiv0
 .text          0x00000000000001f8       0x14 /home/ol/Downloads/gcc-arm-none-eabi-9-2019-q4-major/bin/../lib/gcc/arm-none-eabi/9.2.1/../../../../arm-none-eabi/lib/thumb/v7/nofp/libc_nano.a(lib_a-strcmp.o)
                0x00000000000001f8                strcmp
 .text          0x000000000000020c       0x10 /home/ol/Downloads/gcc-arm-none-eabi-9-2019-q4-major/bin/../lib/gcc/arm-none-eabi/9.2.1/../../../../arm-none-eabi/lib/thumb/v7/nofp/libc_nano.a(lib_a-strlen.o)
                0x000000000000020c                strlen
 *(SORT_BY_NAME(.text.*))
 .text.__malloc_lock
                0x000000000000021c        0xc /home/ol/Downloads/gcc-arm-none-eabi-9-2019-q4-major/bin/../lib/gcc/arm-none-eabi/9.2.1/../../../../arm-none-eabi/lib/thumb/v7/nofp/libc_nano.a(lib_a-mlock.o)
                0x000000000000021c                __malloc_lock
 .text.__malloc_unlock
                0x0000000000000228        0xc /home/ol/Downloads/gcc-arm-none-eabi-9-2019-q4-major/bin/../lib/gcc/arm-none-eabi/9.2.1/../../../../arm-none-eabi/lib/thumb/v7/nofp/libc_nano.a(lib_a-mlock.o)
                0x0000000000000228                __malloc_unlock
 .text.__retarget_lock_acquire_recursive
                0x0000000000000234        0x2 /home/ol/Downloads/gcc-arm-none-eabi-9-2019-q4-major/bin/../lib/gcc/arm-none-eabi/9.2.1/../../../../arm-none-eabi/lib/thumb/v7/nofp/libc_nano.a(lib_a-lock.o)
                0x0000000000000234                __retarget_lock_acquire_recursive
 .text.__retarget_lock_release_recursive
                0x0000000000000236        0x2 /home/ol/Downloads/gcc-arm-none-eabi-9-2019-q4-major/bin/../lib/gcc/arm-none-eabi/9.2.1/../../../../arm-none-eabi/lib/thumb/v7/nofp/libc_nano.a(lib_a-lock.o)
                0x0000000000000236                __retarget_lock_release_recursive
 .text.__system_property_find
                0x0000000000000238       0x4c /home/ol/Downloads/workspace/1603/stand/cranegm-bootloader-2021.04.06/apps/boot2/bin/cortexr-arom-crane/property.a(property.o)
 .text._free_r  0x0000000000000284       0x98 /home/ol/Downloads/gcc-arm-none-eabi-9-2019-q4-major/bin/../lib/gcc/arm-none-eabi/9.2.1/../../../../arm-none-eabi/lib/thumb/v7/nofp/libc_nano.a(lib_a-nano-freer.o)
                0x0000000000000284                _free_r
 .text._i2c_pio_xfer
                0x000000000000031c      0x1f4 /home/ol/Downloads/workspace/1603/stand/cranegm-bootloader-2021.04.06/boards/cortexr-arom-crane/libarom/libarom.a(i2c.o)
 .text._i2c_reset
                0x0000000000000510       0x58 /home/ol/Downloads/workspace/1603/stand/cranegm-bootloader-2021.04.06/boards/cortexr-arom-crane/libarom/libarom.a(i2c.o)
 .text._i2c_start_message
                0x0000000000000568       0x28 /home/ol/Downloads/workspace/1603/stand/cranegm-bootloader-2021.04.06/boards/cortexr-arom-crane/libarom/libarom.a(i2c.o)
 .text._malloc_r
                0x0000000000000590       0xb4 /home/ol/Downloads/gcc-arm-none-eabi-9-2019-q4-major/bin/../lib/gcc/arm-none-eabi/9.2.1/../../../../arm-none-eabi/lib/thumb/v7/nofp/libc_nano.a(lib_a-nano-mallocr.o)
                0x0000000000000590                _malloc_r
 .text._memalign_r
                0x0000000000000644       0x8e /home/ol/Downloads/gcc-arm-none-eabi-9-2019-q4-major/bin/../lib/gcc/arm-none-eabi/9.2.1/../../../../arm-none-eabi/lib/thumb/v7/nofp/libc_nano.a(lib_a-nano-malignr.o)
                0x0000000000000644                _memalign_r
 *fill*         0x00000000000006d2        0x2 
 .text._sbrk_r  0x00000000000006d4       0x30 /home/ol/Downloads/workspace/1603/stand/cranegm-bootloader-2021.04.06/apps/boot2/bin/cortexr-arom-crane/newlib_syscalls_default/syscalls.o
                0x00000000000006d4                _sbrk_r
 .text.aboot_sys_getversion
                0x0000000000000704       0x12 /home/ol/Downloads/workspace/1603/stand/cranegm-bootloader-2021.04.06/boards/cortexr-arom-crane/libarom/libarom.a(aboot_cmd.o)
                0x0000000000000704                aboot_sys_getversion
 *fill*         0x0000000000000716        0x2 
 .text.arom_crypto_mod_get_hash_sig_alg
                0x0000000000000718       0x10 /home/ol/Downloads/workspace/1603/stand/cranegm-bootloader-2021.04.06/boards/cortexr-arom-crane/libarom/libarom.a(arom_patch_auth.o)
                0x0000000000000718                arom_crypto_mod_get_hash_sig_alg
 .text.arom_crypto_mod_verify_hash
                0x0000000000000728       0x10 /home/ol/Downloads/workspace/1603/stand/cranegm-bootloader-2021.04.06/boards/cortexr-arom-crane/libarom/libarom.a(arom_patch_auth.o)
                0x0000000000000728                arom_crypto_mod_verify_hash
 .text.arom_crypto_mod_verify_signature
                0x0000000000000738       0x10 /home/ol/Downloads/workspace/1603/stand/cranegm-bootloader-2021.04.06/boards/cortexr-arom-crane/libarom/libarom.a(arom_patch_auth.o)
                0x0000000000000738                arom_crypto_mod_verify_signature
 .text.arom_getversion
                0x0000000000000748        0xe /home/ol/Downloads/workspace/1603/stand/cranegm-bootloader-2021.04.06/boards/cortexr-arom-crane/libarom/libarom.a(syscall.o)
                0x0000000000000748                arom_getversion
 *fill*         0x0000000000000756        0x2 
 .text.arom_img_parser_check_integrity
                0x0000000000000758        0x8 /home/ol/Downloads/workspace/1603/stand/cranegm-bootloader-2021.04.06/boards/cortexr-arom-crane/libarom/libarom.a(arom_patch_auth.o)
                0x0000000000000758                arom_img_parser_check_integrity
 .text.arom_img_parser_get_auth_param
                0x0000000000000760       0x10 /home/ol/Downloads/workspace/1603/stand/cranegm-bootloader-2021.04.06/boards/cortexr-arom-crane/libarom/libarom.a(arom_patch_auth.o)
                0x0000000000000760                arom_img_parser_get_auth_param
 .text.arom_main_process
                0x0000000000000770       0x12 /home/ol/Downloads/workspace/1603/stand/cranegm-bootloader-2021.04.06/boards/cortexr-arom-crane/libarom/libarom.a(arom-crane.o)
                0x0000000000000770                arom_main_process
 *fill*         0x0000000000000782        0x2 
 .text.arom_patch_auth
                0x0000000000000784       0x44 /home/ol/Downloads/workspace/1603/stand/cranegm-bootloader-2021.04.06/boards/cortexr-arom-crane/libarom/libarom.a(arom_patch_auth.o)
                0x0000000000000784                arom_patch_auth
 .text.arom_plat_get_rotpk_info
                0x00000000000007c8       0x10 /home/ol/Downloads/workspace/1603/stand/cranegm-bootloader-2021.04.06/boards/cortexr-arom-crane/libarom/libarom.a(arom_patch_auth.o)
                0x00000000000007c8                arom_plat_get_rotpk_info
 .text.asr_property_area_init
                0x00000000000007d8       0x7c /home/ol/Downloads/workspace/1603/stand/cranegm-bootloader-2021.04.06/apps/boot2/bin/cortexr-arom-crane/property.a(property.o)
                0x00000000000007d8                asr_property_area_init
 .text.asr_property_set
                0x0000000000000854       0xcc /home/ol/Downloads/workspace/1603/stand/cranegm-bootloader-2021.04.06/apps/boot2/bin/cortexr-arom-crane/property.a(property.o)
                0x0000000000000854                asr_property_set
 .text.bl_encode
                0x0000000000000920       0x4a /home/ol/Downloads/workspace/1603/stand/cranegm-bootloader-2021.04.06/apps/boot2/bin/cortexr-arom-crane/patchlib.a(patchlib.o)
                0x0000000000000920                bl_encode
 *fill*         0x000000000000096a        0x2 
 .text.boot2_preamble_callback
                0x000000000000096c       0xd8 /home/ol/Downloads/workspace/1603/stand/cranegm-bootloader-2021.04.06/apps/boot2/bin/cortexr-arom-crane/application_boot2.a(main.o)
 .text.cinit_call_constructors
                0x0000000000000a44       0x1c /home/ol/Downloads/workspace/1603/stand/cranegm-bootloader-2021.04.06/apps/boot2/bin/cortexr-arom-crane/core.a(cinit.o)
                0x0000000000000a44                cinit_call_constructors
 .text.cinit_clear_bss
                0x0000000000000a60       0x1c /home/ol/Downloads/workspace/1603/stand/cranegm-bootloader-2021.04.06/apps/boot2/bin/cortexr-arom-crane/core.a(cinit.o)
                0x0000000000000a60                cinit_clear_bss
 .text.cinit_copy_patch
                0x0000000000000a7c       0x34 /home/ol/Downloads/workspace/1603/stand/cranegm-bootloader-2021.04.06/apps/boot2/bin/cortexr-arom-crane/core.a(cinit.o)
                0x0000000000000a7c                cinit_copy_patch
 .text.clock_time
                0x0000000000000ab0       0x12 /home/ol/Downloads/workspace/1603/stand/cranegm-bootloader-2021.04.06/boards/cortexr-arom-crane/libarom/libarom.a(clock.o)
                0x0000000000000ab0                clock_time
 .text.clock_wait_ms
                0x0000000000000ac2       0x18 /home/ol/Downloads/workspace/1603/stand/cranegm-bootloader-2021.04.06/boards/cortexr-arom-crane/libarom/libarom.a(clock.o)
                0x0000000000000ac2                clock_wait_ms
 *fill*         0x0000000000000ada        0x2 
 .text.crc32    0x0000000000000adc       0x20 /home/ol/Downloads/workspace/1603/stand/cranegm-bootloader-2021.04.06/apps/boot2/bin/cortexr-arom-crane/crc32.a(crc32.o)
                0x0000000000000adc                crc32
 .text.dbg_send_bytes
                0x0000000000000afc       0x1c /home/ol/Downloads/workspace/1603/stand/cranegm-bootloader-2021.04.06/boards/cortexr-arom-crane/libarom/libarom.a(dbg.o)
                0x0000000000000afc                dbg_send_bytes
 .text.do_boot  0x0000000000000b18      0x35c /home/ol/Downloads/workspace/1603/stand/cranegm-bootloader-2021.04.06/apps/boot2/bin/cortexr-arom-crane/application_boot2.a(main.o)
 .text.etimer_set
                0x0000000000000e74       0x1c /home/ol/Downloads/workspace/1603/stand/cranegm-bootloader-2021.04.06/boards/cortexr-arom-crane/libarom/libarom.a(etimer.o)
                0x0000000000000e74                etimer_set
 .text.etimer_stop
                0x0000000000000e90       0x18 /home/ol/Downloads/workspace/1603/stand/cranegm-bootloader-2021.04.06/boards/cortexr-arom-crane/libarom/libarom.a(etimer.o)
                0x0000000000000e90                etimer_stop
 .text.fill_space
                0x0000000000000ea8       0x34 /home/ol/Downloads/workspace/1603/stand/cranegm-bootloader-2021.04.06/apps/boot2/bin/cortexr-arom-crane/dbg-io.a(strformat.o)
 .text.format_str_v
                0x0000000000000edc      0x760 /home/ol/Downloads/workspace/1603/stand/cranegm-bootloader-2021.04.06/apps/boot2/bin/cortexr-arom-crane/dbg-io.a(strformat.o)
                0x0000000000000edc                format_str_v
 .text.free     0x000000000000163c       0x10 /home/ol/Downloads/gcc-arm-none-eabi-9-2019-q4-major/bin/../lib/gcc/arm-none-eabi/9.2.1/../../../../arm-none-eabi/lib/thumb/v7/nofp/libc_nano.a(lib_a-malloc.o)
                0x000000000000163c                free
 .text.get_i2c_master
                0x000000000000164c       0x44 /home/ol/Downloads/workspace/1603/stand/cranegm-bootloader-2021.04.06/boards/cortexr-arom-crane/libarom/libarom.a(i2c.o)
 .text.heapmem_alloc
                0x0000000000001690        0x8 /home/ol/Downloads/workspace/1603/stand/cranegm-bootloader-2021.04.06/boards/cortexr-arom-crane/libarom/libarom.a(heapmem.o)
                0x0000000000001690                heapmem_alloc
 .text.heapmem_free
                0x0000000000001698        0x4 /home/ol/Downloads/workspace/1603/stand/cranegm-bootloader-2021.04.06/boards/cortexr-arom-crane/libarom/libarom.a(heapmem.o)
                0x0000000000001698                heapmem_free
 .text.hw_chip_id
                0x000000000000169c       0x10 /home/ol/Downloads/workspace/1603/stand/cranegm-bootloader-2021.04.06/boards/cortexr-arom-crane/libarom/libarom.a(cpu.o)
                0x000000000000169c                hw_chip_id
 .text.hw_platform_type
                0x00000000000016ac       0x12 /home/ol/Downloads/workspace/1603/stand/cranegm-bootloader-2021.04.06/boards/cortexr-arom-crane/libarom/libarom.a(cpu.o)
                0x00000000000016ac                hw_platform_type
 *fill*         0x00000000000016be        0x2 
 .text.i2c_init
                0x00000000000016c0       0x7c /home/ol/Downloads/workspace/1603/stand/cranegm-bootloader-2021.04.06/boards/cortexr-arom-crane/libarom/libarom.a(i2c.o)
                0x00000000000016c0                i2c_init
 .text.i2c_read_reg
                0x000000000000173c       0x14 /home/ol/Downloads/workspace/1603/stand/cranegm-bootloader-2021.04.06/boards/cortexr-arom-crane/libarom/libarom.a(i2c.o)
                0x000000000000173c                i2c_read_reg
 .text.i2c_read_regs
                0x0000000000001750       0x7c /home/ol/Downloads/workspace/1603/stand/cranegm-bootloader-2021.04.06/boards/cortexr-arom-crane/libarom/libarom.a(i2c.o)
                0x0000000000001750                i2c_read_regs
 .text.i2c_write_bytes
                0x00000000000017cc       0x68 /home/ol/Downloads/workspace/1603/stand/cranegm-bootloader-2021.04.06/boards/cortexr-arom-crane/libarom/libarom.a(i2c.o)
                0x00000000000017cc                i2c_write_bytes
 .text.i2c_write_reg
                0x0000000000001834       0x1e /home/ol/Downloads/workspace/1603/stand/cranegm-bootloader-2021.04.06/boards/cortexr-arom-crane/libarom/libarom.a(i2c.o)
                0x0000000000001834                i2c_write_reg
 *fill*         0x0000000000001852        0x2 
 .text.i2c_write_regs
                0x0000000000001854       0x94 /home/ol/Downloads/workspace/1603/stand/cranegm-bootloader-2021.04.06/boards/cortexr-arom-crane/libarom/libarom.a(i2c.o)
                0x0000000000001854                i2c_write_regs
 .text.log_set_level
                0x00000000000018e8       0x44 /home/ol/Downloads/workspace/1603/stand/cranegm-bootloader-2021.04.06/boards/cortexr-arom-crane/libarom/libarom.a(log.o)
                0x00000000000018e8                log_set_level
 .text.lzma_decode
                0x000000000000192c       0x2e /home/ol/Downloads/workspace/1603/stand/cranegm-bootloader-2021.04.06/boards/cortexr-arom-crane/libarom/libarom.a(lzma.o)
                0x000000000000192c                lzma_decode
 .text.lzmaprops_decode
                0x000000000000195a       0x24 /home/ol/Downloads/workspace/1603/stand/cranegm-bootloader-2021.04.06/boards/cortexr-arom-crane/libarom/libarom.a(lzma.o)
                0x000000000000195a                lzmaprops_decode
 *fill*         0x000000000000197e        0x2 
 .text.memalign
                0x0000000000001980       0x10 /home/ol/Downloads/gcc-arm-none-eabi-9-2019-q4-major/bin/../lib/gcc/arm-none-eabi/9.2.1/../../../../arm-none-eabi/lib/thumb/v7/nofp/libc_nano.a(lib_a-malign.o)
                0x0000000000001980                memalign
 .text.memcpy   0x0000000000001990       0x1a /home/ol/Downloads/gcc-arm-none-eabi-9-2019-q4-major/bin/../lib/gcc/arm-none-eabi/9.2.1/../../../../arm-none-eabi/lib/thumb/v7/nofp/libc_nano.a(lib_a-memcpy-stub.o)
                0x0000000000001990                memcpy
 .text.memmove  0x00000000000019aa       0x34 /home/ol/Downloads/gcc-arm-none-eabi-9-2019-q4-major/bin/../lib/gcc/arm-none-eabi/9.2.1/../../../../arm-none-eabi/lib/thumb/v7/nofp/libc_nano.a(lib_a-memmove.o)
                0x00000000000019aa                memmove
 .text.memset   0x00000000000019de       0x10 /home/ol/Downloads/gcc-arm-none-eabi-9-2019-q4-major/bin/../lib/gcc/arm-none-eabi/9.2.1/../../../../arm-none-eabi/lib/thumb/v7/nofp/libc_nano.a(lib_a-memset.o)
                0x00000000000019de                memset
 .text.mfp_config
                0x00000000000019ee       0x18 /home/ol/Downloads/workspace/1603/stand/cranegm-bootloader-2021.04.06/boards/cortexr-arom-crane/libarom/libarom.a(mfp.o)
                0x00000000000019ee                mfp_config
 *fill*         0x0000000000001a06        0x2 
 .text.pi2c_init
                0x0000000000001a08       0x18 /home/ol/Downloads/workspace/1603/stand/cranegm-bootloader-2021.04.06/boards/cortexr-arom-crane/libarom/libarom.a(i2c.o)
                0x0000000000001a08                pi2c_init
 .text.pi2c_read_reg
                0x0000000000001a20       0x54 /home/ol/Downloads/workspace/1603/stand/cranegm-bootloader-2021.04.06/boards/cortexr-arom-crane/libarom/libarom.a(i2c.o)
                0x0000000000001a20                pi2c_read_reg
 .text.pi2c_write_reg
                0x0000000000001a74       0x54 /home/ol/Downloads/workspace/1603/stand/cranegm-bootloader-2021.04.06/boards/cortexr-arom-crane/libarom/libarom.a(i2c.o)
                0x0000000000001a74                pi2c_write_reg
 .text.pmic_get_id
                0x0000000000001ac8       0x68 /home/ol/Downloads/workspace/1603/stand/cranegm-bootloader-2021.04.06/apps/boot2/bin/cortexr-arom-crane/cpu.a(pmic.o)
                0x0000000000001ac8                pmic_get_id
 .text.pmic_get_restart_cmd
                0x0000000000001b30       0x70 /home/ol/Downloads/workspace/1603/stand/cranegm-bootloader-2021.04.06/apps/boot2/bin/cortexr-arom-crane/cpu.a(pmic.o)
                0x0000000000001b30                pmic_get_restart_cmd
 .text.pmic_init
                0x0000000000001ba0       0x6c /home/ol/Downloads/workspace/1603/stand/cranegm-bootloader-2021.04.06/apps/boot2/bin/cortexr-arom-crane/cpu.a(pmic.o)
                0x0000000000001ba0                pmic_init
 .text.pmic_set_restart_cmd
                0x0000000000001c0c       0x60 /home/ol/Downloads/workspace/1603/stand/cranegm-bootloader-2021.04.06/apps/boot2/bin/cortexr-arom-crane/cpu.a(pmic.o)
                0x0000000000001c0c                pmic_set_restart_cmd
 .text.pmic_set_restart_status
                0x0000000000001c6c       0x60 /home/ol/Downloads/workspace/1603/stand/cranegm-bootloader-2021.04.06/apps/boot2/bin/cortexr-arom-crane/cpu.a(pmic.o)
                0x0000000000001c6c                pmic_set_restart_status
 .text.printf   0x0000000000001ccc       0x20 /home/ol/Downloads/workspace/1603/stand/cranegm-bootloader-2021.04.06/apps/boot2/bin/cortexr-arom-crane/dbg-io.a(printf.o)
                0x0000000000001ccc                printf
 .text.process_exit
                0x0000000000001cec       0x18 /home/ol/Downloads/workspace/1603/stand/cranegm-bootloader-2021.04.06/boards/cortexr-arom-crane/libarom/libarom.a(process.o)
                0x0000000000001cec                process_exit
 .text.process_post
                0x0000000000001d04       0x20 /home/ol/Downloads/workspace/1603/stand/cranegm-bootloader-2021.04.06/boards/cortexr-arom-crane/libarom/libarom.a(process.o)
                0x0000000000001d04                process_post
 .text.process_start
                0x0000000000001d24       0x1c /home/ol/Downloads/workspace/1603/stand/cranegm-bootloader-2021.04.06/boards/cortexr-arom-crane/libarom/libarom.a(process.o)
                0x0000000000001d24                process_start
 .text.process_thread_boot2_process
                0x0000000000001d40      0x108 /home/ol/Downloads/workspace/1603/stand/cranegm-bootloader-2021.04.06/apps/boot2/bin/cortexr-arom-crane/application_boot2.a(main.o)
 .text.ptable_dump
                0x0000000000001e48        0x2 /home/ol/Downloads/workspace/1603/stand/cranegm-bootloader-2021.04.06/apps/boot2/bin/cortexr-arom-crane/ptable.a(ptable.o)
                0x0000000000001e48                ptable_dump
 *fill*         0x0000000000001e4a        0x2 
 .text.ptable_find_entry
                0x0000000000001e4c       0x38 /home/ol/Downloads/workspace/1603/stand/cranegm-bootloader-2021.04.06/apps/boot2/bin/cortexr-arom-crane/ptable.a(ptable.o)
                0x0000000000001e4c                ptable_find_entry
 .text.ptable_init
                0x0000000000001e84      0x100 /home/ol/Downloads/workspace/1603/stand/cranegm-bootloader-2021.04.06/apps/boot2/bin/cortexr-arom-crane/ptable.a(ptable.o)
                0x0000000000001e84                ptable_init
 .text.sb_auth_image
                0x0000000000001f84       0x24 /home/ol/Downloads/workspace/1603/stand/cranegm-bootloader-2021.04.06/boards/cortexr-arom-crane/libarom/libarom.a(secureboot.o)
                0x0000000000001f84                sb_auth_image
 .text.sb_flash_read
                0x0000000000001fa8       0x2e /home/ol/Downloads/workspace/1603/stand/cranegm-bootloader-2021.04.06/boards/cortexr-arom-crane/libarom/libarom.a(secureboot.o)
                0x0000000000001fa8                sb_flash_read
 .text.sb_volume_read
                0x0000000000001fd6       0x24 /home/ol/Downloads/workspace/1603/stand/cranegm-bootloader-2021.04.06/boards/cortexr-arom-crane/libarom/libarom.a(secureboot.o)
                0x0000000000001fd6                sb_volume_read
 .text.smux_register_preamble_callback
                0x0000000000001ffa       0x18 /home/ol/Downloads/workspace/1603/stand/cranegm-bootloader-2021.04.06/boards/cortexr-arom-crane/libarom/libarom.a(smux.o)
                0x0000000000001ffa                smux_register_preamble_callback
 .text.smux_running_mode_get
                0x0000000000002012       0x12 /home/ol/Downloads/workspace/1603/stand/cranegm-bootloader-2021.04.06/boards/cortexr-arom-crane/libarom/libarom.a(smux.o)
                0x0000000000002012                smux_running_mode_get
 .text.smux_running_mode_set
                0x0000000000002024       0x18 /home/ol/Downloads/workspace/1603/stand/cranegm-bootloader-2021.04.06/boards/cortexr-arom-crane/libarom/libarom.a(smux.o)
                0x0000000000002024                smux_running_mode_set
 .text.smux_use_device
                0x000000000000203c       0x18 /home/ol/Downloads/workspace/1603/stand/cranegm-bootloader-2021.04.06/boards/cortexr-arom-crane/libarom/libarom.a(smux.o)
                0x000000000000203c                smux_use_device
 .text.smux_write_stdout
                0x0000000000002054       0x1c /home/ol/Downloads/workspace/1603/stand/cranegm-bootloader-2021.04.06/boards/cortexr-arom-crane/libarom/libarom.a(smux.o)
                0x0000000000002054                smux_write_stdout
 .text.startup.main
                0x0000000000002070      0x114 /home/ol/Downloads/workspace/1603/stand/cranegm-bootloader-2021.04.06/apps/boot2/bin/cortexr-arom-crane/application_boot2.a(main.o)
                0x0000000000002070                main
 .text.startup.platform_init
                0x0000000000002184       0x60 /home/ol/Downloads/workspace/1603/stand/cranegm-bootloader-2021.04.06/apps/boot2/bin/cortexr-arom-crane/application_boot2.a(main.o)
 .text.strncmp  0x00000000000021e4       0x24 /home/ol/Downloads/gcc-arm-none-eabi-9-2019-q4-major/bin/../lib/gcc/arm-none-eabi/9.2.1/../../../../arm-none-eabi/lib/thumb/v7/nofp/libc_nano.a(lib_a-strncmp.o)
                0x00000000000021e4                strncmp
 .text.strncpy  0x0000000000002208       0x26 /home/ol/Downloads/gcc-arm-none-eabi-9-2019-q4-major/bin/../lib/gcc/arm-none-eabi/9.2.1/../../../../arm-none-eabi/lib/thumb/v7/nofp/libc_nano.a(lib_a-strncpy.o)
                0x0000000000002208                strncpy
 .text.sv_call_get_handler
                0x000000000000222e        0x4 /home/ol/Downloads/workspace/1603/stand/cranegm-bootloader-2021.04.06/boards/cortexr-arom-crane/libarom/libarom.a(syscall.o)
                0x000000000000222e                sv_call_get_handler
 .text.sys_close_all
                0x0000000000002232       0x12 /home/ol/Downloads/workspace/1603/stand/cranegm-bootloader-2021.04.06/boards/cortexr-arom-crane/libarom/libarom.a(sys_close_all.o)
                0x0000000000002232                sys_close_all
 .text.syscall_get_handler
                0x0000000000002244       0x14 /home/ol/Downloads/workspace/1603/stand/cranegm-bootloader-2021.04.06/boards/cortexr-arom-crane/libarom/libarom.a(syscall.o)
                0x0000000000002244                syscall_get_handler
 .text.syscall_init
                0x0000000000002258       0x18 /home/ol/Downloads/workspace/1603/stand/cranegm-bootloader-2021.04.06/boards/cortexr-arom-crane/libarom/libarom.a(syscall.o)
                0x0000000000002258                syscall_init
 .text.transfer_arom_do_download
                0x0000000000002270       0x28 /home/ol/Downloads/workspace/1603/stand/cranegm-bootloader-2021.04.06/apps/boot2/bin/cortexr-arom-crane/application_boot2.a(main.o)
 .text.transfer_control
                0x0000000000002298       0x34 /home/ol/Downloads/workspace/1603/stand/cranegm-bootloader-2021.04.06/boards/cortexr-arom-crane/libarom/libarom.a(sys_close_all.o)
                0x0000000000002298                transfer_control
 .text.usb_connect
                0x00000000000022cc       0x14 /home/ol/Downloads/workspace/1603/stand/cranegm-bootloader-2021.04.06/boards/cortexr-arom-crane/libarom/libarom.a(pmu.o)
                0x00000000000022cc                usb_connect
 .text.usb_connect_with_usb_detect
                0x00000000000022e0       0x10 /home/ol/Downloads/workspace/1603/stand/cranegm-bootloader-2021.04.06/boards/cortexr-arom-crane/libarom/libarom.a(pmu.o)
                0x00000000000022e0                usb_connect_with_usb_detect
 .text.write_str
                0x00000000000022f0       0x10 /home/ol/Downloads/workspace/1603/stand/cranegm-bootloader-2021.04.06/apps/boot2/bin/cortexr-arom-crane/dbg-io.a(printf.o)
 .text.write_str.__stub
                0x0000000000002300        0x8 linker stubs
 *(.gnu.linkonce.t.*)
                0x0000000000002308                __code_end = .

.glue_7         0x0000000000002308        0x0
 .glue_7        0x0000000000002308        0x0 linker stubs

.glue_7t        0x0000000000002308        0x0
 .glue_7t       0x0000000000002308        0x0 linker stubs

.vfp11_veneer   0x0000000000002308        0x0
 .vfp11_veneer  0x0000000000002308        0x0 linker stubs

.v4_bx          0x0000000000002308        0x0
 .v4_bx         0x0000000000002308        0x0 linker stubs

.iplt           0x0000000000002308        0x0
 .iplt          0x0000000000002308        0x0 /home/ol/Downloads/workspace/1603/stand/cranegm-bootloader-2021.04.06/apps/boot2/bin/cortexr-arom-crane/newlib_syscalls_default/syscalls.o

.rodata         0x0000000000002308     0x1de0
                0x0000000000002308                __rodata_start = .
 *(.rodata)
 *(SORT_BY_NAME(.rodata.*))
 .rodata.__func__.5540
                0x0000000000002308        0xc /home/ol/Downloads/workspace/1603/stand/cranegm-bootloader-2021.04.06/apps/boot2/bin/cortexr-arom-crane/ptable.a(ptable.o)
 .rodata._i2c_pio_xfer.str1.1
                0x0000000000002314       0x4a /home/ol/Downloads/workspace/1603/stand/cranegm-bootloader-2021.04.06/boards/cortexr-arom-crane/libarom/libarom.a(i2c.o)
 .rodata.boot2_preamble_callback.str1.1
                0x000000000000235e        0xf /home/ol/Downloads/workspace/1603/stand/cranegm-bootloader-2021.04.06/apps/boot2/bin/cortexr-arom-crane/application_boot2.a(main.o)
 .rodata.buffer.4899
                0x000000000000236d       0x10 /home/ol/Downloads/workspace/1603/stand/cranegm-bootloader-2021.04.06/apps/boot2/bin/cortexr-arom-crane/dbg-io.a(strformat.o)
 .rodata.buffer.4908
                0x000000000000237d       0x10 /home/ol/Downloads/workspace/1603/stand/cranegm-bootloader-2021.04.06/apps/boot2/bin/cortexr-arom-crane/dbg-io.a(strformat.o)
 *fill*         0x000000000000238d        0x3 
 .rodata.cot_desc
                0x0000000000002390      0xf50 /home/ol/Downloads/workspace/1603/stand/cranegm-bootloader-2021.04.06/boards/cortexr-arom-crane/libarom/libarom.a(arom_patch_auth.o)
 .rodata.crc32_table
                0x00000000000032e0      0x400 /home/ol/Downloads/workspace/1603/stand/cranegm-bootloader-2021.04.06/apps/boot2/bin/cortexr-arom-crane/crc32.a(crc32.o)
 .rodata.do_boot.str1.1
                0x00000000000036e0      0x292 /home/ol/Downloads/workspace/1603/stand/cranegm-bootloader-2021.04.06/apps/boot2/bin/cortexr-arom-crane/application_boot2.a(main.o)
                                        0x2a5 (size before relaxing)
 .rodata.format_str_v.str1.1
                0x0000000000003972       0x35 /home/ol/Downloads/workspace/1603/stand/cranegm-bootloader-2021.04.06/apps/boot2/bin/cortexr-arom-crane/dbg-io.a(strformat.o)
                                         0x37 (size before relaxing)
 .rodata.get_i2c_master.str1.1
                0x00000000000039a7       0x32 /home/ol/Downloads/workspace/1603/stand/cranegm-bootloader-2021.04.06/boards/cortexr-arom-crane/libarom/libarom.a(i2c.o)
                                         0x45 (size before relaxing)
 .rodata.i2c_conf
                0x00000000000039d9        0x4 /home/ol/Downloads/workspace/1603/stand/cranegm-bootloader-2021.04.06/boards/cortexr-arom-crane/libarom/libarom.a(i2c.o)
 .rodata.i2c_init.str1.1
                0x00000000000039dd       0x11 /home/ol/Downloads/workspace/1603/stand/cranegm-bootloader-2021.04.06/boards/cortexr-arom-crane/libarom/libarom.a(i2c.o)
 .rodata.i2c_read_bytes.str1.1
                0x00000000000039ee       0x38 /home/ol/Downloads/workspace/1603/stand/cranegm-bootloader-2021.04.06/boards/cortexr-arom-crane/libarom/libarom.a(i2c.o)
 .rodata.i2c_write_bytes.str1.1
                0x0000000000003a26       0x39 /home/ol/Downloads/workspace/1603/stand/cranegm-bootloader-2021.04.06/boards/cortexr-arom-crane/libarom/libarom.a(i2c.o)
 .rodata.i2c_write_regs.str1.1
                0x0000000000003a5f       0x2d /home/ol/Downloads/workspace/1603/stand/cranegm-bootloader-2021.04.06/boards/cortexr-arom-crane/libarom/libarom.a(i2c.o)
 .rodata.log_set_level.str1.1
                0x0000000000003a8c        0x4 /home/ol/Downloads/workspace/1603/stand/cranegm-bootloader-2021.04.06/boards/cortexr-arom-crane/libarom/libarom.a(log.o)
 .rodata.main.str1.1
                0x0000000000003a90       0xca /home/ol/Downloads/workspace/1603/stand/cranegm-bootloader-2021.04.06/apps/boot2/bin/cortexr-arom-crane/application_boot2.a(main.o)
 .rodata.pi2c_read_reg.str1.1
                0x0000000000003b5a       0x16 /home/ol/Downloads/workspace/1603/stand/cranegm-bootloader-2021.04.06/boards/cortexr-arom-crane/libarom/libarom.a(i2c.o)
 .rodata.pi2c_write_reg.str1.1
                0x0000000000003b70       0x17 /home/ol/Downloads/workspace/1603/stand/cranegm-bootloader-2021.04.06/boards/cortexr-arom-crane/libarom/libarom.a(i2c.o)
 .rodata.platform_init.str1.1
                0x0000000000003b87        0x5 /home/ol/Downloads/workspace/1603/stand/cranegm-bootloader-2021.04.06/apps/boot2/bin/cortexr-arom-crane/application_boot2.a(main.o)
 .rodata.pmic_get_id.str1.1
                0x0000000000003b87       0x1a /home/ol/Downloads/workspace/1603/stand/cranegm-bootloader-2021.04.06/apps/boot2/bin/cortexr-arom-crane/cpu.a(pmic.o)
                                         0x2e (size before relaxing)
 .rodata.pmic_get_restart_cmd.str1.1
                0x0000000000003ba1       0x1e /home/ol/Downloads/workspace/1603/stand/cranegm-bootloader-2021.04.06/apps/boot2/bin/cortexr-arom-crane/cpu.a(pmic.o)
                                         0x36 (size before relaxing)
 .rodata.pmic_init.str1.1
                0x0000000000003bbf       0x12 /home/ol/Downloads/workspace/1603/stand/cranegm-bootloader-2021.04.06/apps/boot2/bin/cortexr-arom-crane/cpu.a(pmic.o)
 .rodata.pmic_set_restart_cmd.str1.1
                0x0000000000003bd1       0x18 /home/ol/Downloads/workspace/1603/stand/cranegm-bootloader-2021.04.06/apps/boot2/bin/cortexr-arom-crane/cpu.a(pmic.o)
 .rodata.pmic_set_restart_status.str1.1
                0x0000000000003be9       0x1b /home/ol/Downloads/workspace/1603/stand/cranegm-bootloader-2021.04.06/apps/boot2/bin/cortexr-arom-crane/cpu.a(pmic.o)
 .rodata.pmic_setup.str1.1
                0x0000000000003c04      0x113 /home/ol/Downloads/workspace/1603/stand/cranegm-bootloader-2021.04.06/apps/boot2/bin/cortexr-arom-crane/cpu.a(pmic.o)
                                        0x120 (size before relaxing)
 .rodata.process_thread_boot2_process.str1.1
                0x0000000000003d17       0x78 /home/ol/Downloads/workspace/1603/stand/cranegm-bootloader-2021.04.06/apps/boot2/bin/cortexr-arom-crane/application_boot2.a(main.o)
 .rodata.ptable_init.str1.1
                0x0000000000003d8f       0xc6 /home/ol/Downloads/workspace/1603/stand/cranegm-bootloader-2021.04.06/apps/boot2/bin/cortexr-arom-crane/ptable.a(ptable.o)
 .rodata.str1.1
                0x0000000000003e55       0x25 /home/ol/Downloads/workspace/1603/stand/cranegm-bootloader-2021.04.06/boards/cortexr-arom-crane/libarom/libarom.a(log.o)
 .rodata.str1.1
                0x0000000000003e7a       0x14 /home/ol/Downloads/workspace/1603/stand/cranegm-bootloader-2021.04.06/apps/boot2/bin/cortexr-arom-crane/application_boot2.a(main.o)
 .rodata.str1.1
                0x0000000000003e8e      0x259 /home/ol/Downloads/workspace/1603/stand/cranegm-bootloader-2021.04.06/boards/cortexr-arom-crane/libarom/libarom.a(arom_patch_auth.o)
 *(.gnu.linkonce.r.*)
                0x00000000000040e8                . = ALIGN (0x4)
 *fill*         0x00000000000040e7        0x1 

.ARM.exidx      0x00000000000040e8        0x8
 .ARM.exidx     0x00000000000040e8        0x8 /home/ol/Downloads/gcc-arm-none-eabi-9-2019-q4-major/bin/../lib/gcc/arm-none-eabi/9.2.1/thumb/v7/nofp/libgcc.a(_udivmoddi4.o)

.dummy_post_rodata
                0x00000000000040f0        0x0
                0x00000000000040f0                __rodata_end = .

.data           0x00000000000040f0      0x21c
                0x00000000000040f0                __data_start = .
 *(.data)
 *(SORT_BY_NAME(.data.*))
 .data._impure_ptr
                0x00000000000040f0        0x4 /home/ol/Downloads/gcc-arm-none-eabi-9-2019-q4-major/bin/../lib/gcc/arm-none-eabi/9.2.1/../../../../arm-none-eabi/lib/thumb/v7/nofp/libc_nano.a(lib_a-impure.o)
                0x00000000000040f0                _impure_ptr
 .data.all_modules
                0x00000000000040f4       0x18 /home/ol/Downloads/workspace/1603/stand/cranegm-bootloader-2021.04.06/boards/cortexr-arom-crane/libarom/libarom.a(log.o)
                0x00000000000040f4                all_modules
 .data.bl2u_hash
                0x000000000000410c        0x8 /home/ol/Downloads/workspace/1603/stand/cranegm-bootloader-2021.04.06/boards/cortexr-arom-crane/libarom/libarom.a(arom_patch_auth.o)
 .data.boot2_process
                0x0000000000004114       0x10 /home/ol/Downloads/workspace/1603/stand/cranegm-bootloader-2021.04.06/apps/boot2/bin/cortexr-arom-crane/application_boot2.a(main.o)
                0x0000000000004114                boot2_process
 .data.ctxt     0x0000000000004124        0x8 /home/ol/Downloads/workspace/1603/stand/cranegm-bootloader-2021.04.06/apps/boot2/bin/cortexr-arom-crane/dbg-io.a(printf.o)
 .data.curr_log_level_main
                0x000000000000412c        0x4 /home/ol/Downloads/workspace/1603/stand/cranegm-bootloader-2021.04.06/boards/cortexr-arom-crane/libarom/libarom.a(log.o)
                0x000000000000412c                curr_log_level_main
 .data.g_pmic_id
                0x0000000000004130        0x1 /home/ol/Downloads/workspace/1603/stand/cranegm-bootloader-2021.04.06/apps/boot2/bin/cortexr-arom-crane/cpu.a(pmic.o)
 *fill*         0x0000000000004131        0x3 
 .data.heap_top
                0x0000000000004134        0x4 /home/ol/Downloads/workspace/1603/stand/cranegm-bootloader-2021.04.06/apps/boot2/bin/cortexr-arom-crane/newlib_syscalls_default/syscalls.o
 .data.hw_config_hash
                0x0000000000004138        0x8 /home/ol/Downloads/workspace/1603/stand/cranegm-bootloader-2021.04.06/boards/cortexr-arom-crane/libarom/libarom.a(arom_patch_auth.o)
 .data.i2c_master
                0x0000000000004140       0x80 /home/ol/Downloads/workspace/1603/stand/cranegm-bootloader-2021.04.06/boards/cortexr-arom-crane/libarom/libarom.a(i2c.o)
 .data.impure_data
                0x00000000000041c0       0x60 /home/ol/Downloads/gcc-arm-none-eabi-9-2019-q4-major/bin/../lib/gcc/arm-none-eabi/9.2.1/../../../../arm-none-eabi/lib/thumb/v7/nofp/libc_nano.a(lib_a-impure.o)
 .data.non_trusted_nv_ctr
                0x0000000000004220        0x8 /home/ol/Downloads/workspace/1603/stand/cranegm-bootloader-2021.04.06/boards/cortexr-arom-crane/libarom/libarom.a(arom_patch_auth.o)
 .data.non_trusted_world_pk
                0x0000000000004228        0x8 /home/ol/Downloads/workspace/1603/stand/cranegm-bootloader-2021.04.06/boards/cortexr-arom-crane/libarom/libarom.a(arom_patch_auth.o)
 .data.ns_bl2u_hash
                0x0000000000004230        0x8 /home/ol/Downloads/workspace/1603/stand/cranegm-bootloader-2021.04.06/boards/cortexr-arom-crane/libarom/libarom.a(arom_patch_auth.o)
 .data.nt_fw_config_hash
                0x0000000000004238        0x8 /home/ol/Downloads/workspace/1603/stand/cranegm-bootloader-2021.04.06/boards/cortexr-arom-crane/libarom/libarom.a(arom_patch_auth.o)
 .data.nt_fw_content_pk
                0x0000000000004240        0x8 /home/ol/Downloads/workspace/1603/stand/cranegm-bootloader-2021.04.06/boards/cortexr-arom-crane/libarom/libarom.a(arom_patch_auth.o)
 .data.nt_world_bl_hash
                0x0000000000004248        0x8 /home/ol/Downloads/workspace/1603/stand/cranegm-bootloader-2021.04.06/boards/cortexr-arom-crane/libarom/libarom.a(arom_patch_auth.o)
 .data.pinmux_cfgs
                0x0000000000004250       0x24 /home/ol/Downloads/workspace/1603/stand/cranegm-bootloader-2021.04.06/boards/cortexr-arom-crane/libarom/libarom.a(i2c.o)
 .data.raw_data
                0x0000000000004274        0x8 /home/ol/Downloads/workspace/1603/stand/cranegm-bootloader-2021.04.06/boards/cortexr-arom-crane/libarom/libarom.a(arom_patch_auth.o)
 .data.scp_bl2u_hash
                0x000000000000427c        0x8 /home/ol/Downloads/workspace/1603/stand/cranegm-bootloader-2021.04.06/boards/cortexr-arom-crane/libarom/libarom.a(arom_patch_auth.o)
 .data.scp_fw_content_pk
                0x0000000000004284        0x8 /home/ol/Downloads/workspace/1603/stand/cranegm-bootloader-2021.04.06/boards/cortexr-arom-crane/libarom/libarom.a(arom_patch_auth.o)
 .data.scp_fw_hash
                0x000000000000428c        0x8 /home/ol/Downloads/workspace/1603/stand/cranegm-bootloader-2021.04.06/boards/cortexr-arom-crane/libarom/libarom.a(arom_patch_auth.o)
 .data.sig      0x0000000000004294        0x8 /home/ol/Downloads/workspace/1603/stand/cranegm-bootloader-2021.04.06/boards/cortexr-arom-crane/libarom/libarom.a(arom_patch_auth.o)
 .data.sig_alg  0x000000000000429c        0x8 /home/ol/Downloads/workspace/1603/stand/cranegm-bootloader-2021.04.06/boards/cortexr-arom-crane/libarom/libarom.a(arom_patch_auth.o)
 .data.soc_fw_config_hash
                0x00000000000042a4        0x8 /home/ol/Downloads/workspace/1603/stand/cranegm-bootloader-2021.04.06/boards/cortexr-arom-crane/libarom/libarom.a(arom_patch_auth.o)
 .data.soc_fw_content_pk
                0x00000000000042ac        0x8 /home/ol/Downloads/workspace/1603/stand/cranegm-bootloader-2021.04.06/boards/cortexr-arom-crane/libarom/libarom.a(arom_patch_auth.o)
 .data.soc_fw_hash
                0x00000000000042b4        0x8 /home/ol/Downloads/workspace/1603/stand/cranegm-bootloader-2021.04.06/boards/cortexr-arom-crane/libarom/libarom.a(arom_patch_auth.o)
 .data.subject_pk
                0x00000000000042bc        0x8 /home/ol/Downloads/workspace/1603/stand/cranegm-bootloader-2021.04.06/boards/cortexr-arom-crane/libarom/libarom.a(arom_patch_auth.o)
 .data.tb_fw_config_hash
                0x00000000000042c4        0x8 /home/ol/Downloads/workspace/1603/stand/cranegm-bootloader-2021.04.06/boards/cortexr-arom-crane/libarom/libarom.a(arom_patch_auth.o)
 .data.tb_fw_hash
                0x00000000000042cc        0x8 /home/ol/Downloads/workspace/1603/stand/cranegm-bootloader-2021.04.06/boards/cortexr-arom-crane/libarom/libarom.a(arom_patch_auth.o)
 .data.tos_fw_config_hash
                0x00000000000042d4        0x8 /home/ol/Downloads/workspace/1603/stand/cranegm-bootloader-2021.04.06/boards/cortexr-arom-crane/libarom/libarom.a(arom_patch_auth.o)
 .data.tos_fw_content_pk
                0x00000000000042dc        0x8 /home/ol/Downloads/workspace/1603/stand/cranegm-bootloader-2021.04.06/boards/cortexr-arom-crane/libarom/libarom.a(arom_patch_auth.o)
 .data.tos_fw_extra1_hash
                0x00000000000042e4        0x8 /home/ol/Downloads/workspace/1603/stand/cranegm-bootloader-2021.04.06/boards/cortexr-arom-crane/libarom/libarom.a(arom_patch_auth.o)
 .data.tos_fw_extra2_hash
                0x00000000000042ec        0x8 /home/ol/Downloads/workspace/1603/stand/cranegm-bootloader-2021.04.06/boards/cortexr-arom-crane/libarom/libarom.a(arom_patch_auth.o)
 .data.tos_fw_hash
                0x00000000000042f4        0x8 /home/ol/Downloads/workspace/1603/stand/cranegm-bootloader-2021.04.06/boards/cortexr-arom-crane/libarom/libarom.a(arom_patch_auth.o)
 .data.trusted_nv_ctr
                0x00000000000042fc        0x8 /home/ol/Downloads/workspace/1603/stand/cranegm-bootloader-2021.04.06/boards/cortexr-arom-crane/libarom/libarom.a(arom_patch_auth.o)
 .data.trusted_world_pk
                0x0000000000004304        0x8 /home/ol/Downloads/workspace/1603/stand/cranegm-bootloader-2021.04.06/boards/cortexr-arom-crane/libarom/libarom.a(arom_patch_auth.o)
 *(.gnu.linkonce.d.*)

.igot.plt       0x000000000000430c        0x0
 .igot.plt      0x000000000000430c        0x0 /home/ol/Downloads/workspace/1603/stand/cranegm-bootloader-2021.04.06/apps/boot2/bin/cortexr-arom-crane/newlib_syscalls_default/syscalls.o

.ctors          0x000000000000430c        0x4
                0x000000000000430c                __ctor_list = .
 *(.ctors .init_array)
 .init_array    0x000000000000430c        0x4 /home/ol/Downloads/workspace/1603/stand/cranegm-bootloader-2021.04.06/apps/boot2/bin/cortexr-arom-crane/application_boot2.a(main.o)
                0x0000000000004310                __ctor_end = .

.dtors          0x0000000000004310        0x0
                0x0000000000004310                __dtor_list = .
 *(.dtors .fini_array)
                0x0000000000004310                __dtor_end = .

.dummy_post_data
                0x0000000000004310        0x0
                0x0000000000004310                __data_end = .

.bss            0x0000000000004310      0x624
                0x0000000000004310                __bss_start = .
 *(.bss)
 *(SORT_BY_NAME(.bss.*))
 .bss.__malloc_free_list
                0x0000000000004310        0x4 /home/ol/Downloads/gcc-arm-none-eabi-9-2019-q4-major/bin/../lib/gcc/arm-none-eabi/9.2.1/../../../../arm-none-eabi/lib/thumb/v7/nofp/libc_nano.a(lib_a-nano-mallocr.o)
                0x0000000000004310                __malloc_free_list
 .bss.__malloc_sbrk_start
                0x0000000000004314        0x4 /home/ol/Downloads/gcc-arm-none-eabi-9-2019-q4-major/bin/../lib/gcc/arm-none-eabi/9.2.1/../../../../arm-none-eabi/lib/thumb/v7/nofp/libc_nano.a(lib_a-nano-mallocr.o)
                0x0000000000004314                __malloc_sbrk_start
 .bss.asr_property_area_inited
                0x0000000000004318        0x4 /home/ol/Downloads/workspace/1603/stand/cranegm-bootloader-2021.04.06/apps/boot2/bin/cortexr-arom-crane/property.a(property.o)
 .bss.content_pk_buf
                0x000000000000431c      0x126 /home/ol/Downloads/workspace/1603/stand/cranegm-bootloader-2021.04.06/boards/cortexr-arom-crane/libarom/libarom.a(arom_patch_auth.o)
 .bss.hw_config_hash_buf
                0x0000000000004442       0x33 /home/ol/Downloads/workspace/1603/stand/cranegm-bootloader-2021.04.06/boards/cortexr-arom-crane/libarom/libarom.a(arom_patch_auth.o)
 .bss.non_trusted_world_pk_buf
                0x0000000000004475      0x126 /home/ol/Downloads/workspace/1603/stand/cranegm-bootloader-2021.04.06/boards/cortexr-arom-crane/libarom/libarom.a(arom_patch_auth.o)
 .bss.nt_fw_config_hash_buf
                0x000000000000459b       0x33 /home/ol/Downloads/workspace/1603/stand/cranegm-bootloader-2021.04.06/boards/cortexr-arom-crane/libarom/libarom.a(arom_patch_auth.o)
 .bss.nt_world_bl_hash_buf
                0x00000000000045ce       0x33 /home/ol/Downloads/workspace/1603/stand/cranegm-bootloader-2021.04.06/boards/cortexr-arom-crane/libarom/libarom.a(arom_patch_auth.o)
 *fill*         0x0000000000004601        0x3 
 .bss.pa_info_array
                0x0000000000004604        0x4 /home/ol/Downloads/workspace/1603/stand/cranegm-bootloader-2021.04.06/apps/boot2/bin/cortexr-arom-crane/property.a(property.o)
 .bss.pi2c_dev_addr
                0x0000000000004608        0x4 /home/ol/Downloads/workspace/1603/stand/cranegm-bootloader-2021.04.06/boards/cortexr-arom-crane/libarom/libarom.a(i2c.o)
 .bss.preamble_type.6112
                0x000000000000460c        0x1 /home/ol/Downloads/workspace/1603/stand/cranegm-bootloader-2021.04.06/apps/boot2/bin/cortexr-arom-crane/application_boot2.a(main.o)
 *fill*         0x000000000000460d        0x3 
 .bss.ptable_info
                0x0000000000004610        0x4 /home/ol/Downloads/workspace/1603/stand/cranegm-bootloader-2021.04.06/apps/boot2/bin/cortexr-arom-crane/ptable.a(ptable.o)
 .bss.restart_cmd_reg
                0x0000000000004614        0x4 /home/ol/Downloads/workspace/1603/stand/cranegm-bootloader-2021.04.06/apps/boot2/bin/cortexr-arom-crane/cpu.a(pmic.o)
 .bss.restart_status_reg
                0x0000000000004618        0x4 /home/ol/Downloads/workspace/1603/stand/cranegm-bootloader-2021.04.06/apps/boot2/bin/cortexr-arom-crane/cpu.a(pmic.o)
 .bss.saved_tick.6106
                0x000000000000461c        0x4 /home/ol/Downloads/workspace/1603/stand/cranegm-bootloader-2021.04.06/apps/boot2/bin/cortexr-arom-crane/application_boot2.a(main.o)
 .bss.scp_fw_hash_buf
                0x0000000000004620       0x33 /home/ol/Downloads/workspace/1603/stand/cranegm-bootloader-2021.04.06/boards/cortexr-arom-crane/libarom/libarom.a(arom_patch_auth.o)
 .bss.soc_fw_config_hash_buf
                0x0000000000004653       0x33 /home/ol/Downloads/workspace/1603/stand/cranegm-bootloader-2021.04.06/boards/cortexr-arom-crane/libarom/libarom.a(arom_patch_auth.o)
 .bss.soc_fw_hash_buf
                0x0000000000004686       0x33 /home/ol/Downloads/workspace/1603/stand/cranegm-bootloader-2021.04.06/boards/cortexr-arom-crane/libarom/libarom.a(arom_patch_auth.o)
 .bss.sys_boot_mode
                0x00000000000046b9        0x1 /home/ol/Downloads/workspace/1603/stand/cranegm-bootloader-2021.04.06/apps/boot2/bin/cortexr-arom-crane/application_boot2.a(main.o)
 *fill*         0x00000000000046ba        0x2 
 .bss.syscall_tables
                0x00000000000046bc        0x4 /home/ol/Downloads/workspace/1603/stand/cranegm-bootloader-2021.04.06/boards/cortexr-arom-crane/libarom/libarom.a(syscall.o)
                0x00000000000046bc                syscall_tables
 .bss.tb_fw_config_hash_buf
                0x00000000000046c0       0x33 /home/ol/Downloads/workspace/1603/stand/cranegm-bootloader-2021.04.06/boards/cortexr-arom-crane/libarom/libarom.a(arom_patch_auth.o)
 .bss.tb_fw_hash_buf
                0x00000000000046f3       0x33 /home/ol/Downloads/workspace/1603/stand/cranegm-bootloader-2021.04.06/boards/cortexr-arom-crane/libarom/libarom.a(arom_patch_auth.o)
 *fill*         0x0000000000004726        0x2 
 .bss.timer.6086
                0x0000000000004728       0x10 /home/ol/Downloads/workspace/1603/stand/cranegm-bootloader-2021.04.06/apps/boot2/bin/cortexr-arom-crane/application_boot2.a(main.o)
 .bss.timer_started.6087
                0x0000000000004738        0x1 /home/ol/Downloads/workspace/1603/stand/cranegm-bootloader-2021.04.06/apps/boot2/bin/cortexr-arom-crane/application_boot2.a(main.o)
 .bss.tos_fw_config_hash_buf
                0x0000000000004739       0x33 /home/ol/Downloads/workspace/1603/stand/cranegm-bootloader-2021.04.06/boards/cortexr-arom-crane/libarom/libarom.a(arom_patch_auth.o)
 .bss.tos_fw_extra1_hash_buf
                0x000000000000476c       0x33 /home/ol/Downloads/workspace/1603/stand/cranegm-bootloader-2021.04.06/boards/cortexr-arom-crane/libarom/libarom.a(arom_patch_auth.o)
 .bss.tos_fw_extra2_hash_buf
                0x000000000000479f       0x33 /home/ol/Downloads/workspace/1603/stand/cranegm-bootloader-2021.04.06/boards/cortexr-arom-crane/libarom/libarom.a(arom_patch_auth.o)
 .bss.tos_fw_hash_buf
                0x00000000000047d2       0x33 /home/ol/Downloads/workspace/1603/stand/cranegm-bootloader-2021.04.06/boards/cortexr-arom-crane/libarom/libarom.a(arom_patch_auth.o)
 .bss.trusted_world_pk_buf
                0x0000000000004805      0x126 /home/ol/Downloads/workspace/1603/stand/cranegm-bootloader-2021.04.06/boards/cortexr-arom-crane/libarom/libarom.a(arom_patch_auth.o)
 *(.gnu.linkonce.b.*)
 *(COMMON)
 COMMON         0x000000000000492b        0x9 /home/ol/Downloads/gcc-arm-none-eabi-9-2019-q4-major/bin/../lib/gcc/arm-none-eabi/9.2.1/../../../../arm-none-eabi/lib/thumb/v7/nofp/libc_nano.a(lib_a-lock.o)
                0x000000000000492b                __lock___atexit_recursive_mutex
                0x000000000000492c                __lock___arc4random_mutex
                0x000000000000492d                __lock___env_recursive_mutex
                0x000000000000492e                __lock___sinit_recursive_mutex
                0x000000000000492f                __lock___malloc_recursive_mutex
                0x0000000000004930                __lock___at_quick_exit_mutex
                0x0000000000004931                __lock___dd_hash_mutex
                0x0000000000004932                __lock___tz_mutex
                0x0000000000004933                __lock___sfp_recursive_mutex
                0x0000000000004934                . = ALIGN (0x4)
                0x0000000000004934                __bss_end = .
                0x00000000b0025000                . = __btcm_user_start
                0x00000000b0025000                __heap_start = .
                0x00000000b0028000                __heap_end = (__btcm_user_end - __stack_size)
                0x0000000000000001                ASSERT ((__heap_end > (__heap_start + __min_heap_size)), error: heap size too small)
                0x00000000b0028000                . = __heap_end
                0x00000000b0028000                __stack_start = .
                0x00000000b0028000                __stack_end = (__stack_start + __stack_size)
                0x00000000b0028000                _end = .
                [!provide]                        PROVIDE (end = .)
                0x00000000d100e508                . = __arom_patch_start

.patch          0x00000000d100e508      0x250 load address 0x0000000000004310
                0x00000000d100e508                __patch_start = .
 *(.patch)
 *(SORT_BY_NAME(.patch.*))
 .patch.auth_mod_get_parent_id
                0x00000000d100e508       0x1c /home/ol/Downloads/workspace/1603/stand/cranegm-bootloader-2021.04.06/boards/cortexr-arom-crane/libarom/libarom.a(arom_patch_auth.o)
                0x00000000d100e508                auth_mod_get_parent_id
 .patch.auth_mod_verify_img
                0x00000000d100e524      0x1fc /home/ol/Downloads/workspace/1603/stand/cranegm-bootloader-2021.04.06/boards/cortexr-arom-crane/libarom/libarom.a(arom_patch_auth.o)
                0x00000000d100e524                auth_mod_verify_img
 .patch.auth_mod_verify_img.__stub
                0x00000000d100e720       0x38 linker stubs
 *(.transfer_param_section)
                0x00000000d100e758                . = ALIGN (0x4)
                0x0000000000004310                __patch_load_addr = LOADADDR (.patch)
                0x0000000000000250                __patch_size = SIZEOF (.patch)
                0x0000000000000001                ASSERT ((__arom_patch_end > (__arom_patch_start + __patch_size)), error: patch code size exceeded the limit)

.rel.dyn        0x00000000d100e758        0x0 load address 0x0000000000004560
 .rel.iplt      0x00000000d100e758        0x0 /home/ol/Downloads/workspace/1603/stand/cranegm-bootloader-2021.04.06/apps/boot2/bin/cortexr-arom-crane/newlib_syscalls_default/syscalls.o

/DISCARD/
 *(.comment .note.* .eh_frame)
OUTPUT(/home/ol/Downloads/workspace/1603/stand/cranegm-bootloader-2021.04.06/apps/boot2/bin/cortexr-arom-crane/boot2.elf elf32-littlearm)

.ARM.attributes
                0x0000000000000000       0x2f
 .ARM.attributes
                0x0000000000000000       0x31 /home/ol/Downloads/workspace/1603/stand/cranegm-bootloader-2021.04.06/apps/boot2/bin/cortexr-arom-crane/newlib_syscalls_default/syscalls.o
 .ARM.attributes
                0x0000000000000031       0x31 /home/ol/Downloads/workspace/1603/stand/cranegm-bootloader-2021.04.06/boards/cortexr-arom-crane/libarom/libarom.a(dbg.o)
 .ARM.attributes
                0x0000000000000062       0x31 /home/ol/Downloads/workspace/1603/stand/cranegm-bootloader-2021.04.06/boards/cortexr-arom-crane/libarom/libarom.a(syscall.o)
 .ARM.attributes
                0x0000000000000093       0x31 /home/ol/Downloads/workspace/1603/stand/cranegm-bootloader-2021.04.06/boards/cortexr-arom-crane/libarom/libarom.a(aboot_cmd.o)
 .ARM.attributes
                0x00000000000000c4       0x31 /home/ol/Downloads/workspace/1603/stand/cranegm-bootloader-2021.04.06/boards/cortexr-arom-crane/libarom/libarom.a(heapmem.o)
 .ARM.attributes
                0x00000000000000f5       0x31 /home/ol/Downloads/workspace/1603/stand/cranegm-bootloader-2021.04.06/boards/cortexr-arom-crane/libarom/libarom.a(log.o)
 .ARM.attributes
                0x0000000000000126       0x31 /home/ol/Downloads/workspace/1603/stand/cranegm-bootloader-2021.04.06/apps/boot2/bin/cortexr-arom-crane/cpu.a(startup.o)
 .ARM.attributes
                0x0000000000000157       0x31 /home/ol/Downloads/workspace/1603/stand/cranegm-bootloader-2021.04.06/apps/boot2/bin/cortexr-arom-crane/dbg-io.a(printf.o)
 .ARM.attributes
                0x0000000000000188       0x31 /home/ol/Downloads/workspace/1603/stand/cranegm-bootloader-2021.04.06/apps/boot2/bin/cortexr-arom-crane/dbg-io.a(strformat.o)
 .ARM.attributes
                0x00000000000001b9       0x31 /home/ol/Downloads/workspace/1603/stand/cranegm-bootloader-2021.04.06/apps/boot2/bin/cortexr-arom-crane/ptable.a(ptable.o)
 .ARM.attributes
                0x00000000000001ea       0x31 /home/ol/Downloads/workspace/1603/stand/cranegm-bootloader-2021.04.06/apps/boot2/bin/cortexr-arom-crane/application_boot2.a(main.o)
 .ARM.attributes
                0x000000000000021b       0x31 /home/ol/Downloads/workspace/1603/stand/cranegm-bootloader-2021.04.06/apps/boot2/bin/cortexr-arom-crane/core.a(cinit.o)
 .ARM.attributes
                0x000000000000024c       0x31 /home/ol/Downloads/workspace/1603/stand/cranegm-bootloader-2021.04.06/apps/boot2/bin/cortexr-arom-crane/cpu.a(pmic.o)
 .ARM.attributes
                0x000000000000027d       0x31 /home/ol/Downloads/workspace/1603/stand/cranegm-bootloader-2021.04.06/apps/boot2/bin/cortexr-arom-crane/crc32.a(crc32.o)
 .ARM.attributes
                0x00000000000002ae       0x31 /home/ol/Downloads/workspace/1603/stand/cranegm-bootloader-2021.04.06/apps/boot2/bin/cortexr-arom-crane/property.a(property.o)
 .ARM.attributes
                0x00000000000002df       0x31 /home/ol/Downloads/workspace/1603/stand/cranegm-bootloader-2021.04.06/boards/cortexr-arom-crane/libarom/libarom.a(arom-crane.o)
 .ARM.attributes
                0x0000000000000310       0x31 /home/ol/Downloads/workspace/1603/stand/cranegm-bootloader-2021.04.06/boards/cortexr-arom-crane/libarom/libarom.a(arom_patch_auth.o)
 .ARM.attributes
                0x0000000000000341       0x31 /home/ol/Downloads/workspace/1603/stand/cranegm-bootloader-2021.04.06/boards/cortexr-arom-crane/libarom/libarom.a(clock.o)
 .ARM.attributes
                0x0000000000000372       0x31 /home/ol/Downloads/workspace/1603/stand/cranegm-bootloader-2021.04.06/boards/cortexr-arom-crane/libarom/libarom.a(cpu.o)
 .ARM.attributes
                0x00000000000003a3       0x31 /home/ol/Downloads/workspace/1603/stand/cranegm-bootloader-2021.04.06/boards/cortexr-arom-crane/libarom/libarom.a(etimer.o)
 .ARM.attributes
                0x00000000000003d4       0x31 /home/ol/Downloads/workspace/1603/stand/cranegm-bootloader-2021.04.06/boards/cortexr-arom-crane/libarom/libarom.a(i2c.o)
 .ARM.attributes
                0x0000000000000405       0x31 /home/ol/Downloads/workspace/1603/stand/cranegm-bootloader-2021.04.06/boards/cortexr-arom-crane/libarom/libarom.a(lzma.o)
 .ARM.attributes
                0x0000000000000436       0x31 /home/ol/Downloads/workspace/1603/stand/cranegm-bootloader-2021.04.06/boards/cortexr-arom-crane/libarom/libarom.a(mfp.o)
 .ARM.attributes
                0x0000000000000467       0x31 /home/ol/Downloads/workspace/1603/stand/cranegm-bootloader-2021.04.06/boards/cortexr-arom-crane/libarom/libarom.a(pmu.o)
 .ARM.attributes
                0x0000000000000498       0x31 /home/ol/Downloads/workspace/1603/stand/cranegm-bootloader-2021.04.06/boards/cortexr-arom-crane/libarom/libarom.a(process.o)
 .ARM.attributes
                0x00000000000004c9       0x31 /home/ol/Downloads/workspace/1603/stand/cranegm-bootloader-2021.04.06/boards/cortexr-arom-crane/libarom/libarom.a(secureboot.o)
 .ARM.attributes
                0x00000000000004fa       0x31 /home/ol/Downloads/workspace/1603/stand/cranegm-bootloader-2021.04.06/boards/cortexr-arom-crane/libarom/libarom.a(smux.o)
 .ARM.attributes
                0x000000000000052b       0x31 /home/ol/Downloads/workspace/1603/stand/cranegm-bootloader-2021.04.06/boards/cortexr-arom-crane/libarom/libarom.a(sys_close_all.o)
 .ARM.attributes
                0x000000000000055c       0x31 /home/ol/Downloads/workspace/1603/stand/cranegm-bootloader-2021.04.06/apps/boot2/bin/cortexr-arom-crane/patchlib.a(patchlib.o)
 .ARM.attributes
                0x000000000000058d       0x19 /home/ol/Downloads/gcc-arm-none-eabi-9-2019-q4-major/bin/../lib/gcc/arm-none-eabi/9.2.1/thumb/v7/nofp/libgcc.a(_aeabi_uldivmod.o)
 .ARM.attributes
                0x00000000000005a6       0x29 /home/ol/Downloads/gcc-arm-none-eabi-9-2019-q4-major/bin/../lib/gcc/arm-none-eabi/9.2.1/thumb/v7/nofp/libgcc.a(_udivmoddi4.o)
 .ARM.attributes
                0x00000000000005cf       0x19 /home/ol/Downloads/gcc-arm-none-eabi-9-2019-q4-major/bin/../lib/gcc/arm-none-eabi/9.2.1/thumb/v7/nofp/libgcc.a(_dvmd_tls.o)
 .ARM.attributes
                0x00000000000005e8       0x29 /home/ol/Downloads/gcc-arm-none-eabi-9-2019-q4-major/bin/../lib/gcc/arm-none-eabi/9.2.1/../../../../arm-none-eabi/lib/thumb/v7/nofp/libc_nano.a(lib_a-impure.o)
 .ARM.attributes
                0x0000000000000611       0x29 /home/ol/Downloads/gcc-arm-none-eabi-9-2019-q4-major/bin/../lib/gcc/arm-none-eabi/9.2.1/../../../../arm-none-eabi/lib/thumb/v7/nofp/libc_nano.a(lib_a-malign.o)
 .ARM.attributes
                0x000000000000063a       0x29 /home/ol/Downloads/gcc-arm-none-eabi-9-2019-q4-major/bin/../lib/gcc/arm-none-eabi/9.2.1/../../../../arm-none-eabi/lib/thumb/v7/nofp/libc_nano.a(lib_a-malloc.o)
 .ARM.attributes
                0x0000000000000663       0x29 /home/ol/Downloads/gcc-arm-none-eabi-9-2019-q4-major/bin/../lib/gcc/arm-none-eabi/9.2.1/../../../../arm-none-eabi/lib/thumb/v7/nofp/libc_nano.a(lib_a-memcpy-stub.o)
 .ARM.attributes
                0x000000000000068c       0x29 /home/ol/Downloads/gcc-arm-none-eabi-9-2019-q4-major/bin/../lib/gcc/arm-none-eabi/9.2.1/../../../../arm-none-eabi/lib/thumb/v7/nofp/libc_nano.a(lib_a-memmove.o)
 .ARM.attributes
                0x00000000000006b5       0x29 /home/ol/Downloads/gcc-arm-none-eabi-9-2019-q4-major/bin/../lib/gcc/arm-none-eabi/9.2.1/../../../../arm-none-eabi/lib/thumb/v7/nofp/libc_nano.a(lib_a-memset.o)
 .ARM.attributes
                0x00000000000006de       0x29 /home/ol/Downloads/gcc-arm-none-eabi-9-2019-q4-major/bin/../lib/gcc/arm-none-eabi/9.2.1/../../../../arm-none-eabi/lib/thumb/v7/nofp/libc_nano.a(lib_a-nano-freer.o)
 .ARM.attributes
                0x0000000000000707       0x29 /home/ol/Downloads/gcc-arm-none-eabi-9-2019-q4-major/bin/../lib/gcc/arm-none-eabi/9.2.1/../../../../arm-none-eabi/lib/thumb/v7/nofp/libc_nano.a(lib_a-nano-malignr.o)
 .ARM.attributes
                0x0000000000000730       0x29 /home/ol/Downloads/gcc-arm-none-eabi-9-2019-q4-major/bin/../lib/gcc/arm-none-eabi/9.2.1/../../../../arm-none-eabi/lib/thumb/v7/nofp/libc_nano.a(lib_a-nano-mallocr.o)
 .ARM.attributes
                0x0000000000000759       0x17 /home/ol/Downloads/gcc-arm-none-eabi-9-2019-q4-major/bin/../lib/gcc/arm-none-eabi/9.2.1/../../../../arm-none-eabi/lib/thumb/v7/nofp/libc_nano.a(lib_a-strcmp.o)
 .ARM.attributes
                0x0000000000000770       0x17 /home/ol/Downloads/gcc-arm-none-eabi-9-2019-q4-major/bin/../lib/gcc/arm-none-eabi/9.2.1/../../../../arm-none-eabi/lib/thumb/v7/nofp/libc_nano.a(lib_a-strlen.o)
 .ARM.attributes
                0x0000000000000787       0x29 /home/ol/Downloads/gcc-arm-none-eabi-9-2019-q4-major/bin/../lib/gcc/arm-none-eabi/9.2.1/../../../../arm-none-eabi/lib/thumb/v7/nofp/libc_nano.a(lib_a-strncmp.o)
 .ARM.attributes
                0x00000000000007b0       0x29 /home/ol/Downloads/gcc-arm-none-eabi-9-2019-q4-major/bin/../lib/gcc/arm-none-eabi/9.2.1/../../../../arm-none-eabi/lib/thumb/v7/nofp/libc_nano.a(lib_a-strncpy.o)
 .ARM.attributes
                0x00000000000007d9       0x29 /home/ol/Downloads/gcc-arm-none-eabi-9-2019-q4-major/bin/../lib/gcc/arm-none-eabi/9.2.1/../../../../arm-none-eabi/lib/thumb/v7/nofp/libc_nano.a(lib_a-mlock.o)
 .ARM.attributes
                0x0000000000000802       0x29 /home/ol/Downloads/gcc-arm-none-eabi-9-2019-q4-major/bin/../lib/gcc/arm-none-eabi/9.2.1/../../../../arm-none-eabi/lib/thumb/v7/nofp/libc_nano.a(lib_a-lock.o)

.debug_info     0x0000000000000000    0x1117f
 .debug_info    0x0000000000000000     0x11f0 /home/ol/Downloads/workspace/1603/stand/cranegm-bootloader-2021.04.06/apps/boot2/bin/cortexr-arom-crane/newlib_syscalls_default/syscalls.o
 .debug_info    0x00000000000011f0      0x370 /home/ol/Downloads/workspace/1603/stand/cranegm-bootloader-2021.04.06/boards/cortexr-arom-crane/libarom/libarom.a(dbg.o)
 .debug_info    0x0000000000001560      0x4d3 /home/ol/Downloads/workspace/1603/stand/cranegm-bootloader-2021.04.06/boards/cortexr-arom-crane/libarom/libarom.a(syscall.o)
 .debug_info    0x0000000000001a33     0x103c /home/ol/Downloads/workspace/1603/stand/cranegm-bootloader-2021.04.06/boards/cortexr-arom-crane/libarom/libarom.a(aboot_cmd.o)
 .debug_info    0x0000000000002a6f      0x18a /home/ol/Downloads/workspace/1603/stand/cranegm-bootloader-2021.04.06/boards/cortexr-arom-crane/libarom/libarom.a(heapmem.o)
 .debug_info    0x0000000000002bf9      0x23d /home/ol/Downloads/workspace/1603/stand/cranegm-bootloader-2021.04.06/boards/cortexr-arom-crane/libarom/libarom.a(log.o)
 .debug_info    0x0000000000002e36      0x128 /home/ol/Downloads/workspace/1603/stand/cranegm-bootloader-2021.04.06/apps/boot2/bin/cortexr-arom-crane/cpu.a(startup.o)
 .debug_info    0x0000000000002f5e      0xb96 /home/ol/Downloads/workspace/1603/stand/cranegm-bootloader-2021.04.06/apps/boot2/bin/cortexr-arom-crane/dbg-io.a(printf.o)
 .debug_info    0x0000000000003af4     0x141b /home/ol/Downloads/workspace/1603/stand/cranegm-bootloader-2021.04.06/apps/boot2/bin/cortexr-arom-crane/dbg-io.a(strformat.o)
 .debug_info    0x0000000000004f0f     0x1020 /home/ol/Downloads/workspace/1603/stand/cranegm-bootloader-2021.04.06/apps/boot2/bin/cortexr-arom-crane/ptable.a(ptable.o)
 .debug_info    0x0000000000005f2f     0x1f33 /home/ol/Downloads/workspace/1603/stand/cranegm-bootloader-2021.04.06/apps/boot2/bin/cortexr-arom-crane/application_boot2.a(main.o)
 .debug_info    0x0000000000007e62      0x1dd /home/ol/Downloads/workspace/1603/stand/cranegm-bootloader-2021.04.06/apps/boot2/bin/cortexr-arom-crane/core.a(cinit.o)
 .debug_info    0x000000000000803f     0x1e35 /home/ol/Downloads/workspace/1603/stand/cranegm-bootloader-2021.04.06/apps/boot2/bin/cortexr-arom-crane/cpu.a(pmic.o)
 .debug_info    0x0000000000009e74      0x116 /home/ol/Downloads/workspace/1603/stand/cranegm-bootloader-2021.04.06/apps/boot2/bin/cortexr-arom-crane/crc32.a(crc32.o)
 .debug_info    0x0000000000009f8a     0x120a /home/ol/Downloads/workspace/1603/stand/cranegm-bootloader-2021.04.06/apps/boot2/bin/cortexr-arom-crane/property.a(property.o)
 .debug_info    0x000000000000b194      0x485 /home/ol/Downloads/workspace/1603/stand/cranegm-bootloader-2021.04.06/boards/cortexr-arom-crane/libarom/libarom.a(arom-crane.o)
 .debug_info    0x000000000000b619     0x14cc /home/ol/Downloads/workspace/1603/stand/cranegm-bootloader-2021.04.06/boards/cortexr-arom-crane/libarom/libarom.a(arom_patch_auth.o)
 .debug_info    0x000000000000cae5      0x41b /home/ol/Downloads/workspace/1603/stand/cranegm-bootloader-2021.04.06/boards/cortexr-arom-crane/libarom/libarom.a(clock.o)
 .debug_info    0x000000000000cf00      0x357 /home/ol/Downloads/workspace/1603/stand/cranegm-bootloader-2021.04.06/boards/cortexr-arom-crane/libarom/libarom.a(cpu.o)
 .debug_info    0x000000000000d257      0x5a3 /home/ol/Downloads/workspace/1603/stand/cranegm-bootloader-2021.04.06/boards/cortexr-arom-crane/libarom/libarom.a(etimer.o)
 .debug_info    0x000000000000d7fa     0x1762 /home/ol/Downloads/workspace/1603/stand/cranegm-bootloader-2021.04.06/boards/cortexr-arom-crane/libarom/libarom.a(i2c.o)
 .debug_info    0x000000000000ef5c      0x511 /home/ol/Downloads/workspace/1603/stand/cranegm-bootloader-2021.04.06/boards/cortexr-arom-crane/libarom/libarom.a(lzma.o)
 .debug_info    0x000000000000f46d      0x342 /home/ol/Downloads/workspace/1603/stand/cranegm-bootloader-2021.04.06/boards/cortexr-arom-crane/libarom/libarom.a(mfp.o)
 .debug_info    0x000000000000f7af      0x126 /home/ol/Downloads/workspace/1603/stand/cranegm-bootloader-2021.04.06/boards/cortexr-arom-crane/libarom/libarom.a(pmu.o)
 .debug_info    0x000000000000f8d5      0x57f /home/ol/Downloads/workspace/1603/stand/cranegm-bootloader-2021.04.06/boards/cortexr-arom-crane/libarom/libarom.a(process.o)
 .debug_info    0x000000000000fe54      0x75b /home/ol/Downloads/workspace/1603/stand/cranegm-bootloader-2021.04.06/boards/cortexr-arom-crane/libarom/libarom.a(secureboot.o)
 .debug_info    0x00000000000105af      0x5f3 /home/ol/Downloads/workspace/1603/stand/cranegm-bootloader-2021.04.06/boards/cortexr-arom-crane/libarom/libarom.a(smux.o)
 .debug_info    0x0000000000010ba2      0x3ed /home/ol/Downloads/workspace/1603/stand/cranegm-bootloader-2021.04.06/boards/cortexr-arom-crane/libarom/libarom.a(sys_close_all.o)
 .debug_info    0x0000000000010f8f      0x1f0 /home/ol/Downloads/workspace/1603/stand/cranegm-bootloader-2021.04.06/apps/boot2/bin/cortexr-arom-crane/patchlib.a(patchlib.o)

.debug_abbrev   0x0000000000000000     0x3a16
 .debug_abbrev  0x0000000000000000      0x29c /home/ol/Downloads/workspace/1603/stand/cranegm-bootloader-2021.04.06/apps/boot2/bin/cortexr-arom-crane/newlib_syscalls_default/syscalls.o
 .debug_abbrev  0x000000000000029c       0xfd /home/ol/Downloads/workspace/1603/stand/cranegm-bootloader-2021.04.06/boards/cortexr-arom-crane/libarom/libarom.a(dbg.o)
 .debug_abbrev  0x0000000000000399      0x1eb /home/ol/Downloads/workspace/1603/stand/cranegm-bootloader-2021.04.06/boards/cortexr-arom-crane/libarom/libarom.a(syscall.o)
 .debug_abbrev  0x0000000000000584      0x2f5 /home/ol/Downloads/workspace/1603/stand/cranegm-bootloader-2021.04.06/boards/cortexr-arom-crane/libarom/libarom.a(aboot_cmd.o)
 .debug_abbrev  0x0000000000000879       0xdb /home/ol/Downloads/workspace/1603/stand/cranegm-bootloader-2021.04.06/boards/cortexr-arom-crane/libarom/libarom.a(heapmem.o)
 .debug_abbrev  0x0000000000000954      0x168 /home/ol/Downloads/workspace/1603/stand/cranegm-bootloader-2021.04.06/boards/cortexr-arom-crane/libarom/libarom.a(log.o)
 .debug_abbrev  0x0000000000000abc       0xa9 /home/ol/Downloads/workspace/1603/stand/cranegm-bootloader-2021.04.06/apps/boot2/bin/cortexr-arom-crane/cpu.a(startup.o)
 .debug_abbrev  0x0000000000000b65      0x26c /home/ol/Downloads/workspace/1603/stand/cranegm-bootloader-2021.04.06/apps/boot2/bin/cortexr-arom-crane/dbg-io.a(printf.o)
 .debug_abbrev  0x0000000000000dd1      0x44e /home/ol/Downloads/workspace/1603/stand/cranegm-bootloader-2021.04.06/apps/boot2/bin/cortexr-arom-crane/dbg-io.a(strformat.o)
 .debug_abbrev  0x000000000000121f      0x2f0 /home/ol/Downloads/workspace/1603/stand/cranegm-bootloader-2021.04.06/apps/boot2/bin/cortexr-arom-crane/ptable.a(ptable.o)
 .debug_abbrev  0x000000000000150f      0x4b5 /home/ol/Downloads/workspace/1603/stand/cranegm-bootloader-2021.04.06/apps/boot2/bin/cortexr-arom-crane/application_boot2.a(main.o)
 .debug_abbrev  0x00000000000019c4       0xfc /home/ol/Downloads/workspace/1603/stand/cranegm-bootloader-2021.04.06/apps/boot2/bin/cortexr-arom-crane/core.a(cinit.o)
 .debug_abbrev  0x0000000000001ac0      0x429 /home/ol/Downloads/workspace/1603/stand/cranegm-bootloader-2021.04.06/apps/boot2/bin/cortexr-arom-crane/cpu.a(pmic.o)
 .debug_abbrev  0x0000000000001ee9       0xab /home/ol/Downloads/workspace/1603/stand/cranegm-bootloader-2021.04.06/apps/boot2/bin/cortexr-arom-crane/crc32.a(crc32.o)
 .debug_abbrev  0x0000000000001f94      0x341 /home/ol/Downloads/workspace/1603/stand/cranegm-bootloader-2021.04.06/apps/boot2/bin/cortexr-arom-crane/property.a(property.o)
 .debug_abbrev  0x00000000000022d5      0x19c /home/ol/Downloads/workspace/1603/stand/cranegm-bootloader-2021.04.06/boards/cortexr-arom-crane/libarom/libarom.a(arom-crane.o)
 .debug_abbrev  0x0000000000002471      0x386 /home/ol/Downloads/workspace/1603/stand/cranegm-bootloader-2021.04.06/boards/cortexr-arom-crane/libarom/libarom.a(arom_patch_auth.o)
 .debug_abbrev  0x00000000000027f7      0x11c /home/ol/Downloads/workspace/1603/stand/cranegm-bootloader-2021.04.06/boards/cortexr-arom-crane/libarom/libarom.a(clock.o)
 .debug_abbrev  0x0000000000002913       0xe1 /home/ol/Downloads/workspace/1603/stand/cranegm-bootloader-2021.04.06/boards/cortexr-arom-crane/libarom/libarom.a(cpu.o)
 .debug_abbrev  0x00000000000029f4      0x1af /home/ol/Downloads/workspace/1603/stand/cranegm-bootloader-2021.04.06/boards/cortexr-arom-crane/libarom/libarom.a(etimer.o)
 .debug_abbrev  0x0000000000002ba3      0x442 /home/ol/Downloads/workspace/1603/stand/cranegm-bootloader-2021.04.06/boards/cortexr-arom-crane/libarom/libarom.a(i2c.o)
 .debug_abbrev  0x0000000000002fe5      0x14e /home/ol/Downloads/workspace/1603/stand/cranegm-bootloader-2021.04.06/boards/cortexr-arom-crane/libarom/libarom.a(lzma.o)
 .debug_abbrev  0x0000000000003133       0xed /home/ol/Downloads/workspace/1603/stand/cranegm-bootloader-2021.04.06/boards/cortexr-arom-crane/libarom/libarom.a(mfp.o)
 .debug_abbrev  0x0000000000003220       0x9a /home/ol/Downloads/workspace/1603/stand/cranegm-bootloader-2021.04.06/boards/cortexr-arom-crane/libarom/libarom.a(pmu.o)
 .debug_abbrev  0x00000000000032ba      0x1d0 /home/ol/Downloads/workspace/1603/stand/cranegm-bootloader-2021.04.06/boards/cortexr-arom-crane/libarom/libarom.a(process.o)
 .debug_abbrev  0x000000000000348a      0x1c8 /home/ol/Downloads/workspace/1603/stand/cranegm-bootloader-2021.04.06/boards/cortexr-arom-crane/libarom/libarom.a(secureboot.o)
 .debug_abbrev  0x0000000000003652      0x164 /home/ol/Downloads/workspace/1603/stand/cranegm-bootloader-2021.04.06/boards/cortexr-arom-crane/libarom/libarom.a(smux.o)
 .debug_abbrev  0x00000000000037b6      0x162 /home/ol/Downloads/workspace/1603/stand/cranegm-bootloader-2021.04.06/boards/cortexr-arom-crane/libarom/libarom.a(sys_close_all.o)
 .debug_abbrev  0x0000000000003918       0xfe /home/ol/Downloads/workspace/1603/stand/cranegm-bootloader-2021.04.06/apps/boot2/bin/cortexr-arom-crane/patchlib.a(patchlib.o)

.debug_loc      0x0000000000000000     0x5b32
 .debug_loc     0x0000000000000000      0x34e /home/ol/Downloads/workspace/1603/stand/cranegm-bootloader-2021.04.06/apps/boot2/bin/cortexr-arom-crane/newlib_syscalls_default/syscalls.o
 .debug_loc     0x000000000000034e       0xea /home/ol/Downloads/workspace/1603/stand/cranegm-bootloader-2021.04.06/boards/cortexr-arom-crane/libarom/libarom.a(dbg.o)
 .debug_loc     0x0000000000000438      0x13b /home/ol/Downloads/workspace/1603/stand/cranegm-bootloader-2021.04.06/boards/cortexr-arom-crane/libarom/libarom.a(syscall.o)
 .debug_loc     0x0000000000000573      0x68b /home/ol/Downloads/workspace/1603/stand/cranegm-bootloader-2021.04.06/boards/cortexr-arom-crane/libarom/libarom.a(aboot_cmd.o)
 .debug_loc     0x0000000000000bfe       0xa1 /home/ol/Downloads/workspace/1603/stand/cranegm-bootloader-2021.04.06/boards/cortexr-arom-crane/libarom/libarom.a(heapmem.o)
 .debug_loc     0x0000000000000c9f      0x13e /home/ol/Downloads/workspace/1603/stand/cranegm-bootloader-2021.04.06/boards/cortexr-arom-crane/libarom/libarom.a(log.o)
 .debug_loc     0x0000000000000ddd       0x91 /home/ol/Downloads/workspace/1603/stand/cranegm-bootloader-2021.04.06/apps/boot2/bin/cortexr-arom-crane/dbg-io.a(printf.o)
 .debug_loc     0x0000000000000e6e      0xf70 /home/ol/Downloads/workspace/1603/stand/cranegm-bootloader-2021.04.06/apps/boot2/bin/cortexr-arom-crane/dbg-io.a(strformat.o)
 .debug_loc     0x0000000000001dde      0x30b /home/ol/Downloads/workspace/1603/stand/cranegm-bootloader-2021.04.06/apps/boot2/bin/cortexr-arom-crane/ptable.a(ptable.o)
 .debug_loc     0x00000000000020e9      0x4e0 /home/ol/Downloads/workspace/1603/stand/cranegm-bootloader-2021.04.06/apps/boot2/bin/cortexr-arom-crane/application_boot2.a(main.o)
 .debug_loc     0x00000000000025c9      0x117 /home/ol/Downloads/workspace/1603/stand/cranegm-bootloader-2021.04.06/apps/boot2/bin/cortexr-arom-crane/core.a(cinit.o)
 .debug_loc     0x00000000000026e0      0x219 /home/ol/Downloads/workspace/1603/stand/cranegm-bootloader-2021.04.06/apps/boot2/bin/cortexr-arom-crane/cpu.a(pmic.o)
 .debug_loc     0x00000000000028f9       0xa9 /home/ol/Downloads/workspace/1603/stand/cranegm-bootloader-2021.04.06/apps/boot2/bin/cortexr-arom-crane/crc32.a(crc32.o)
 .debug_loc     0x00000000000029a2      0x535 /home/ol/Downloads/workspace/1603/stand/cranegm-bootloader-2021.04.06/apps/boot2/bin/cortexr-arom-crane/property.a(property.o)
 .debug_loc     0x0000000000002ed7      0x12f /home/ol/Downloads/workspace/1603/stand/cranegm-bootloader-2021.04.06/boards/cortexr-arom-crane/libarom/libarom.a(arom-crane.o)
 .debug_loc     0x0000000000003006      0x99f /home/ol/Downloads/workspace/1603/stand/cranegm-bootloader-2021.04.06/boards/cortexr-arom-crane/libarom/libarom.a(arom_patch_auth.o)
 .debug_loc     0x00000000000039a5      0x13b /home/ol/Downloads/workspace/1603/stand/cranegm-bootloader-2021.04.06/boards/cortexr-arom-crane/libarom/libarom.a(clock.o)
 .debug_loc     0x0000000000003ae0       0x5a /home/ol/Downloads/workspace/1603/stand/cranegm-bootloader-2021.04.06/boards/cortexr-arom-crane/libarom/libarom.a(cpu.o)
 .debug_loc     0x0000000000003b3a      0x1e2 /home/ol/Downloads/workspace/1603/stand/cranegm-bootloader-2021.04.06/boards/cortexr-arom-crane/libarom/libarom.a(etimer.o)
 .debug_loc     0x0000000000003d1c      0xfd8 /home/ol/Downloads/workspace/1603/stand/cranegm-bootloader-2021.04.06/boards/cortexr-arom-crane/libarom/libarom.a(i2c.o)
 .debug_loc     0x0000000000004cf4      0x299 /home/ol/Downloads/workspace/1603/stand/cranegm-bootloader-2021.04.06/boards/cortexr-arom-crane/libarom/libarom.a(lzma.o)
 .debug_loc     0x0000000000004f8d       0x7b /home/ol/Downloads/workspace/1603/stand/cranegm-bootloader-2021.04.06/boards/cortexr-arom-crane/libarom/libarom.a(mfp.o)
 .debug_loc     0x0000000000005008       0x3c /home/ol/Downloads/workspace/1603/stand/cranegm-bootloader-2021.04.06/boards/cortexr-arom-crane/libarom/libarom.a(pmu.o)
 .debug_loc     0x0000000000005044      0x296 /home/ol/Downloads/workspace/1603/stand/cranegm-bootloader-2021.04.06/boards/cortexr-arom-crane/libarom/libarom.a(process.o)
 .debug_loc     0x00000000000052da      0x489 /home/ol/Downloads/workspace/1603/stand/cranegm-bootloader-2021.04.06/boards/cortexr-arom-crane/libarom/libarom.a(secureboot.o)
 .debug_loc     0x0000000000005763      0x274 /home/ol/Downloads/workspace/1603/stand/cranegm-bootloader-2021.04.06/boards/cortexr-arom-crane/libarom/libarom.a(smux.o)
 .debug_loc     0x00000000000059d7       0x73 /home/ol/Downloads/workspace/1603/stand/cranegm-bootloader-2021.04.06/boards/cortexr-arom-crane/libarom/libarom.a(sys_close_all.o)
 .debug_loc     0x0000000000005a4a       0xe8 /home/ol/Downloads/workspace/1603/stand/cranegm-bootloader-2021.04.06/apps/boot2/bin/cortexr-arom-crane/patchlib.a(patchlib.o)

.debug_aranges  0x0000000000000000      0x758
 .debug_aranges
                0x0000000000000000       0x98 /home/ol/Downloads/workspace/1603/stand/cranegm-bootloader-2021.04.06/apps/boot2/bin/cortexr-arom-crane/newlib_syscalls_default/syscalls.o
 .debug_aranges
                0x0000000000000098       0x20 /home/ol/Downloads/workspace/1603/stand/cranegm-bootloader-2021.04.06/boards/cortexr-arom-crane/libarom/libarom.a(dbg.o)
 .debug_aranges
                0x00000000000000b8       0x48 /home/ol/Downloads/workspace/1603/stand/cranegm-bootloader-2021.04.06/boards/cortexr-arom-crane/libarom/libarom.a(syscall.o)
 .debug_aranges
                0x0000000000000100       0x50 /home/ol/Downloads/workspace/1603/stand/cranegm-bootloader-2021.04.06/boards/cortexr-arom-crane/libarom/libarom.a(aboot_cmd.o)
 .debug_aranges
                0x0000000000000150       0x30 /home/ol/Downloads/workspace/1603/stand/cranegm-bootloader-2021.04.06/boards/cortexr-arom-crane/libarom/libarom.a(heapmem.o)
 .debug_aranges
                0x0000000000000180       0x30 /home/ol/Downloads/workspace/1603/stand/cranegm-bootloader-2021.04.06/boards/cortexr-arom-crane/libarom/libarom.a(log.o)
 .debug_aranges
                0x00000000000001b0       0x20 /home/ol/Downloads/workspace/1603/stand/cranegm-bootloader-2021.04.06/apps/boot2/bin/cortexr-arom-crane/cpu.a(startup.o)
 .debug_aranges
                0x00000000000001d0       0x28 /home/ol/Downloads/workspace/1603/stand/cranegm-bootloader-2021.04.06/apps/boot2/bin/cortexr-arom-crane/dbg-io.a(printf.o)
 .debug_aranges
                0x00000000000001f8       0x30 /home/ol/Downloads/workspace/1603/stand/cranegm-bootloader-2021.04.06/apps/boot2/bin/cortexr-arom-crane/dbg-io.a(strformat.o)
 .debug_aranges
                0x0000000000000228       0x50 /home/ol/Downloads/workspace/1603/stand/cranegm-bootloader-2021.04.06/apps/boot2/bin/cortexr-arom-crane/ptable.a(ptable.o)
 .debug_aranges
                0x0000000000000278       0x48 /home/ol/Downloads/workspace/1603/stand/cranegm-bootloader-2021.04.06/apps/boot2/bin/cortexr-arom-crane/application_boot2.a(main.o)
 .debug_aranges
                0x00000000000002c0       0x30 /home/ol/Downloads/workspace/1603/stand/cranegm-bootloader-2021.04.06/apps/boot2/bin/cortexr-arom-crane/core.a(cinit.o)
 .debug_aranges
                0x00000000000002f0       0xb0 /home/ol/Downloads/workspace/1603/stand/cranegm-bootloader-2021.04.06/apps/boot2/bin/cortexr-arom-crane/cpu.a(pmic.o)
 .debug_aranges
                0x00000000000003a0       0x20 /home/ol/Downloads/workspace/1603/stand/cranegm-bootloader-2021.04.06/apps/boot2/bin/cortexr-arom-crane/crc32.a(crc32.o)
 .debug_aranges
                0x00000000000003c0       0x48 /home/ol/Downloads/workspace/1603/stand/cranegm-bootloader-2021.04.06/apps/boot2/bin/cortexr-arom-crane/property.a(property.o)
 .debug_aranges
                0x0000000000000408       0x28 /home/ol/Downloads/workspace/1603/stand/cranegm-bootloader-2021.04.06/boards/cortexr-arom-crane/libarom/libarom.a(arom-crane.o)
 .debug_aranges
                0x0000000000000430       0x60 /home/ol/Downloads/workspace/1603/stand/cranegm-bootloader-2021.04.06/boards/cortexr-arom-crane/libarom/libarom.a(arom_patch_auth.o)
 .debug_aranges
                0x0000000000000490       0x30 /home/ol/Downloads/workspace/1603/stand/cranegm-bootloader-2021.04.06/boards/cortexr-arom-crane/libarom/libarom.a(clock.o)
 .debug_aranges
                0x00000000000004c0       0x28 /home/ol/Downloads/workspace/1603/stand/cranegm-bootloader-2021.04.06/boards/cortexr-arom-crane/libarom/libarom.a(cpu.o)
 .debug_aranges
                0x00000000000004e8       0x38 /home/ol/Downloads/workspace/1603/stand/cranegm-bootloader-2021.04.06/boards/cortexr-arom-crane/libarom/libarom.a(etimer.o)
 .debug_aranges
                0x0000000000000520       0xb0 /home/ol/Downloads/workspace/1603/stand/cranegm-bootloader-2021.04.06/boards/cortexr-arom-crane/libarom/libarom.a(i2c.o)
 .debug_aranges
                0x00000000000005d0       0x28 /home/ol/Downloads/workspace/1603/stand/cranegm-bootloader-2021.04.06/boards/cortexr-arom-crane/libarom/libarom.a(lzma.o)
 .debug_aranges
                0x00000000000005f8       0x20 /home/ol/Downloads/workspace/1603/stand/cranegm-bootloader-2021.04.06/boards/cortexr-arom-crane/libarom/libarom.a(mfp.o)
 .debug_aranges
                0x0000000000000618       0x30 /home/ol/Downloads/workspace/1603/stand/cranegm-bootloader-2021.04.06/boards/cortexr-arom-crane/libarom/libarom.a(pmu.o)
 .debug_aranges
                0x0000000000000648       0x38 /home/ol/Downloads/workspace/1603/stand/cranegm-bootloader-2021.04.06/boards/cortexr-arom-crane/libarom/libarom.a(process.o)
 .debug_aranges
                0x0000000000000680       0x48 /home/ol/Downloads/workspace/1603/stand/cranegm-bootloader-2021.04.06/boards/cortexr-arom-crane/libarom/libarom.a(secureboot.o)
 .debug_aranges
                0x00000000000006c8       0x48 /home/ol/Downloads/workspace/1603/stand/cranegm-bootloader-2021.04.06/boards/cortexr-arom-crane/libarom/libarom.a(smux.o)
 .debug_aranges
                0x0000000000000710       0x28 /home/ol/Downloads/workspace/1603/stand/cranegm-bootloader-2021.04.06/boards/cortexr-arom-crane/libarom/libarom.a(sys_close_all.o)
 .debug_aranges
                0x0000000000000738       0x20 /home/ol/Downloads/workspace/1603/stand/cranegm-bootloader-2021.04.06/apps/boot2/bin/cortexr-arom-crane/patchlib.a(patchlib.o)

.debug_ranges   0x0000000000000000      0xa08
 .debug_ranges  0x0000000000000000       0x88 /home/ol/Downloads/workspace/1603/stand/cranegm-bootloader-2021.04.06/apps/boot2/bin/cortexr-arom-crane/newlib_syscalls_default/syscalls.o
 .debug_ranges  0x0000000000000088       0x10 /home/ol/Downloads/workspace/1603/stand/cranegm-bootloader-2021.04.06/boards/cortexr-arom-crane/libarom/libarom.a(dbg.o)
 .debug_ranges  0x0000000000000098       0x38 /home/ol/Downloads/workspace/1603/stand/cranegm-bootloader-2021.04.06/boards/cortexr-arom-crane/libarom/libarom.a(syscall.o)
 .debug_ranges  0x00000000000000d0       0x80 /home/ol/Downloads/workspace/1603/stand/cranegm-bootloader-2021.04.06/boards/cortexr-arom-crane/libarom/libarom.a(aboot_cmd.o)
 .debug_ranges  0x0000000000000150       0x20 /home/ol/Downloads/workspace/1603/stand/cranegm-bootloader-2021.04.06/boards/cortexr-arom-crane/libarom/libarom.a(heapmem.o)
 .debug_ranges  0x0000000000000170       0x38 /home/ol/Downloads/workspace/1603/stand/cranegm-bootloader-2021.04.06/boards/cortexr-arom-crane/libarom/libarom.a(log.o)
 .debug_ranges  0x00000000000001a8       0x10 /home/ol/Downloads/workspace/1603/stand/cranegm-bootloader-2021.04.06/apps/boot2/bin/cortexr-arom-crane/cpu.a(startup.o)
 .debug_ranges  0x00000000000001b8       0x18 /home/ol/Downloads/workspace/1603/stand/cranegm-bootloader-2021.04.06/apps/boot2/bin/cortexr-arom-crane/dbg-io.a(printf.o)
 .debug_ranges  0x00000000000001d0      0x170 /home/ol/Downloads/workspace/1603/stand/cranegm-bootloader-2021.04.06/apps/boot2/bin/cortexr-arom-crane/dbg-io.a(strformat.o)
 .debug_ranges  0x0000000000000340       0x40 /home/ol/Downloads/workspace/1603/stand/cranegm-bootloader-2021.04.06/apps/boot2/bin/cortexr-arom-crane/ptable.a(ptable.o)
 .debug_ranges  0x0000000000000380       0xc8 /home/ol/Downloads/workspace/1603/stand/cranegm-bootloader-2021.04.06/apps/boot2/bin/cortexr-arom-crane/application_boot2.a(main.o)
 .debug_ranges  0x0000000000000448       0x20 /home/ol/Downloads/workspace/1603/stand/cranegm-bootloader-2021.04.06/apps/boot2/bin/cortexr-arom-crane/core.a(cinit.o)
 .debug_ranges  0x0000000000000468       0xd0 /home/ol/Downloads/workspace/1603/stand/cranegm-bootloader-2021.04.06/apps/boot2/bin/cortexr-arom-crane/cpu.a(pmic.o)
 .debug_ranges  0x0000000000000538       0x10 /home/ol/Downloads/workspace/1603/stand/cranegm-bootloader-2021.04.06/apps/boot2/bin/cortexr-arom-crane/crc32.a(crc32.o)
 .debug_ranges  0x0000000000000548       0xb0 /home/ol/Downloads/workspace/1603/stand/cranegm-bootloader-2021.04.06/apps/boot2/bin/cortexr-arom-crane/property.a(property.o)
 .debug_ranges  0x00000000000005f8       0x18 /home/ol/Downloads/workspace/1603/stand/cranegm-bootloader-2021.04.06/boards/cortexr-arom-crane/libarom/libarom.a(arom-crane.o)
 .debug_ranges  0x0000000000000610      0x100 /home/ol/Downloads/workspace/1603/stand/cranegm-bootloader-2021.04.06/boards/cortexr-arom-crane/libarom/libarom.a(arom_patch_auth.o)
 .debug_ranges  0x0000000000000710       0x20 /home/ol/Downloads/workspace/1603/stand/cranegm-bootloader-2021.04.06/boards/cortexr-arom-crane/libarom/libarom.a(clock.o)
 .debug_ranges  0x0000000000000730       0x18 /home/ol/Downloads/workspace/1603/stand/cranegm-bootloader-2021.04.06/boards/cortexr-arom-crane/libarom/libarom.a(cpu.o)
 .debug_ranges  0x0000000000000748       0x28 /home/ol/Downloads/workspace/1603/stand/cranegm-bootloader-2021.04.06/boards/cortexr-arom-crane/libarom/libarom.a(etimer.o)
 .debug_ranges  0x0000000000000770      0x190 /home/ol/Downloads/workspace/1603/stand/cranegm-bootloader-2021.04.06/boards/cortexr-arom-crane/libarom/libarom.a(i2c.o)
 .debug_ranges  0x0000000000000900       0x18 /home/ol/Downloads/workspace/1603/stand/cranegm-bootloader-2021.04.06/boards/cortexr-arom-crane/libarom/libarom.a(lzma.o)
 .debug_ranges  0x0000000000000918       0x10 /home/ol/Downloads/workspace/1603/stand/cranegm-bootloader-2021.04.06/boards/cortexr-arom-crane/libarom/libarom.a(mfp.o)
 .debug_ranges  0x0000000000000928       0x20 /home/ol/Downloads/workspace/1603/stand/cranegm-bootloader-2021.04.06/boards/cortexr-arom-crane/libarom/libarom.a(pmu.o)
 .debug_ranges  0x0000000000000948       0x28 /home/ol/Downloads/workspace/1603/stand/cranegm-bootloader-2021.04.06/boards/cortexr-arom-crane/libarom/libarom.a(process.o)
 .debug_ranges  0x0000000000000970       0x38 /home/ol/Downloads/workspace/1603/stand/cranegm-bootloader-2021.04.06/boards/cortexr-arom-crane/libarom/libarom.a(secureboot.o)
 .debug_ranges  0x00000000000009a8       0x38 /home/ol/Downloads/workspace/1603/stand/cranegm-bootloader-2021.04.06/boards/cortexr-arom-crane/libarom/libarom.a(smux.o)
 .debug_ranges  0x00000000000009e0       0x18 /home/ol/Downloads/workspace/1603/stand/cranegm-bootloader-2021.04.06/boards/cortexr-arom-crane/libarom/libarom.a(sys_close_all.o)
 .debug_ranges  0x00000000000009f8       0x10 /home/ol/Downloads/workspace/1603/stand/cranegm-bootloader-2021.04.06/apps/boot2/bin/cortexr-arom-crane/patchlib.a(patchlib.o)

.debug_macro    0x0000000000000000    0x1aba7
 .debug_macro   0x0000000000000000      0x32e /home/ol/Downloads/workspace/1603/stand/cranegm-bootloader-2021.04.06/apps/boot2/bin/cortexr-arom-crane/newlib_syscalls_default/syscalls.o
 .debug_macro   0x000000000000032e      0xaa2 /home/ol/Downloads/workspace/1603/stand/cranegm-bootloader-2021.04.06/apps/boot2/bin/cortexr-arom-crane/newlib_syscalls_default/syscalls.o
 .debug_macro   0x0000000000000dd0       0xa6 /home/ol/Downloads/workspace/1603/stand/cranegm-bootloader-2021.04.06/apps/boot2/bin/cortexr-arom-crane/newlib_syscalls_default/syscalls.o
 .debug_macro   0x0000000000000e76       0x22 /home/ol/Downloads/workspace/1603/stand/cranegm-bootloader-2021.04.06/apps/boot2/bin/cortexr-arom-crane/newlib_syscalls_default/syscalls.o
 .debug_macro   0x0000000000000e98       0x46 /home/ol/Downloads/workspace/1603/stand/cranegm-bootloader-2021.04.06/apps/boot2/bin/cortexr-arom-crane/newlib_syscalls_default/syscalls.o
 .debug_macro   0x0000000000000ede       0x18 /home/ol/Downloads/workspace/1603/stand/cranegm-bootloader-2021.04.06/apps/boot2/bin/cortexr-arom-crane/newlib_syscalls_default/syscalls.o
 .debug_macro   0x0000000000000ef6       0x94 /home/ol/Downloads/workspace/1603/stand/cranegm-bootloader-2021.04.06/apps/boot2/bin/cortexr-arom-crane/newlib_syscalls_default/syscalls.o
 .debug_macro   0x0000000000000f8a       0x3c /home/ol/Downloads/workspace/1603/stand/cranegm-bootloader-2021.04.06/apps/boot2/bin/cortexr-arom-crane/newlib_syscalls_default/syscalls.o
 .debug_macro   0x0000000000000fc6       0x34 /home/ol/Downloads/workspace/1603/stand/cranegm-bootloader-2021.04.06/apps/boot2/bin/cortexr-arom-crane/newlib_syscalls_default/syscalls.o
 .debug_macro   0x0000000000000ffa       0x10 /home/ol/Downloads/workspace/1603/stand/cranegm-bootloader-2021.04.06/apps/boot2/bin/cortexr-arom-crane/newlib_syscalls_default/syscalls.o
 .debug_macro   0x000000000000100a       0x57 /home/ol/Downloads/workspace/1603/stand/cranegm-bootloader-2021.04.06/apps/boot2/bin/cortexr-arom-crane/newlib_syscalls_default/syscalls.o
 .debug_macro   0x0000000000001061       0xcf /home/ol/Downloads/workspace/1603/stand/cranegm-bootloader-2021.04.06/apps/boot2/bin/cortexr-arom-crane/newlib_syscalls_default/syscalls.o
 .debug_macro   0x0000000000001130      0x35c /home/ol/Downloads/workspace/1603/stand/cranegm-bootloader-2021.04.06/apps/boot2/bin/cortexr-arom-crane/newlib_syscalls_default/syscalls.o